******************************************************************************
                  TI ARM Linker PC v16.9.0                     
******************************************************************************
>> Linked Tue Jun 20 16:44:02 2017

OUTPUT FILE NAME:   <BeatRateTest2.out>
ENTRY POINT SYMBOL: "_c_int00"  address: 00003005


MEMORY CONFIGURATION

         name            origin    length      used     unused   attr    fill
----------------------  --------  ---------  --------  --------  ----  --------
  MAIN                  00000000   00040000  000036d6  0003c92a  R  X
  INFO                  00200000   00004000  00000000  00004000  R  X
  SRAM_CODE             01000000   00010000  000009b2  0000f64e  RW X
  SRAM_DATA             20000000   00010000  000009b2  0000f64e  RW  


SEGMENT ALLOCATION MAP

run origin  load origin   length   init length attrs members
----------  ----------- ---------- ----------- ----- -------
00000000    00000000    000036d8   000036d8    r-x
  00000000    00000000    000000e4   000000e4    r-- .intvecs
  000000e4    000000e4    00003392   00003392    r-x .text
  00003478    00003478    000001e0   000001e0    r-- .const
  00003658    00003658    00000080   00000080    r-- .cinit
20000000    20000000    000007b4   00000000    rw-
  20000000    20000000    0000065e   00000000    rw- .bss
  20000660    20000660    00000154   00000000    rw- .data
2000fe00    2000fe00    00000200   00000000    rw-
  2000fe00    2000fe00    00000200   00000000    rw- .stack


SECTION ALLOCATION MAP

 output                                  attributes/
section   page    origin      length       input sections
--------  ----  ----------  ----------   ----------------
.intvecs   0    00000000    000000e4     
                  00000000    000000e4     startup_msp432p401r_ccs.obj (.intvecs:retain)

.binit     0    00000000    00000000     

.text      0    000000e4    00003392     
                  000000e4    0000113a     rtsv7M4_T_le_v4SPD16_eabi.lib : _printfi.obj (.text)
                  0000121e    00000002                                   : mpu_init.obj (.text)
                  00001220    0000074a     algorithm.obj (.text)
                  0000196a    00000002     rtsv7M4_T_le_v4SPD16_eabi.lib : startup.obj (.text)
                  0000196c    00000368     main.obj (.text)
                  00001cd4    0000032c     system_msp432p401r.obj (.text)
                  00002000    000001f4     rtsv7M4_T_le_v4SPD16_eabi.lib : ull_div_t2.obj (.text)
                  000021f4    000001b6                                   : fd_add_t2.obj (.text)
                  000023aa    00000136                                   : fd_div_t2.obj (.text)
                  000024e0    00000104     msp432p4xx_driverlib.lib : cs.o (.text:CS_getDCOFrequency)
                  000025e4    000000fc     rtsv7M4_T_le_v4SPD16_eabi.lib : fd_mul_t2.obj (.text)
                  000026e0    000000fc                                   : s_scalbn.obj (.text)
                  000027dc    000000f0     clk.obj (.text)
                  000028cc    000000ac     adc.obj (.text)
                  00002978    0000009c     msp432p4xx_driverlib.lib : cs.o (.text:CS_startHFXTWithTimeout)
                  00002a14    0000009c                              : cs.o (.text:_CSComputeCLKFrequency)
                  00002ab0    0000009c     rtsv7M4_T_le_v4SPD16_eabi.lib : memcpy_t2.obj (.text)
                  00002b4c    00000086                                   : fd_cmp_t2.obj (.text:__aeabi_cdcmple)
                  00002bd2    00000086                                   : fd_cmp_t2.obj (.text:__aeabi_cdrcmple)
                  00002c58    0000007a                                   : memset_t2.obj (.text)
                  00002cd2    00000002     --HOLE-- [fill = 0]
                  00002cd4    00000070     msp432p4xx_driverlib.lib : cs.o (.text:_CSGetHFXTFrequency)
                  00002d44    00000070     rtsv7M4_T_le_v4SPD16_eabi.lib : autoinit.obj (.text)
                  00002db4    00000070                                   : printf.obj (.text)
                  00002e24    00000068                                   : copy_decompress_lzss.obj (.text:decompress:lzss)
                  00002e8c    00000064     printfOverride.obj (.text)
                  00002ef0    00000064     rtsv7M4_T_le_v4SPD16_eabi.lib : s_frexp.obj (.text)
                  00002f54    00000058     debug.obj (.text)
                  00002fac    00000056     rtsv7M4_T_le_v4SPD16_eabi.lib : ltoa.obj (.text)
                  00003002    00000002     --HOLE-- [fill = 0]
                  00003004    00000054                                   : boot.obj (.text)
                  00003058    00000054                                   : exit.obj (.text)
                  000030ac    00000050     msp432p4xx_driverlib.lib : sysctl.o (.text:SysCtl_getTLVInfo)
                  000030fc    0000004c                              : cs.o (.text:_CSGetDOCFrequency)
                  00003148    0000004c     rtsv7M4_T_le_v4SPD16_eabi.lib : atoi.obj (.text)
                  00003194    0000004c                                   : cpy_tbl.obj (.text)
                  000031e0    0000004c     systick.obj (.text)
                  0000322c    00000048     msp432p4xx_driverlib.lib : cs.o (.text:_CSGetDividerValue)
                  00003274    00000048     rtsv7M4_T_le_v4SPD16_eabi.lib : fd_toi_t2.obj (.text)
                  000032bc    0000002e                                   : i_tofd_t2.obj (.text)
                  000032ea    00000002     --HOLE-- [fill = 0]
                  000032ec    00000024     msp432p4xx_driverlib.lib : cs.o (.text:CS_clearInterruptFlag)
                  00003310    00000024                              : gpio.o (.text:GPIO_setAsOutputPin)
                  00003334    0000001c     rtsv7M4_T_le_v4SPD16_eabi.lib : memccpy.obj (.text)
                  00003350    00000018     msp432p4xx_driverlib.lib : cs.o (.text:CS_getMCLK)
                  00003368    00000018                              : cs.o (.text:CS_getSMCLK)
                  00003380    00000018                              : gpio.o (.text:GPIO_setOutputLowOnPin)
                  00003398    00000018     rtsv7M4_T_le_v4SPD16_eabi.lib : args_main.obj (.text)
                  000033b0    00000016                                   : strchr.obj (.text)
                  000033c6    00000002     --HOLE-- [fill = 0]
                  000033c8    00000014     msp432p4xx_driverlib.lib : cs.o (.text:CS_setExternalClockSourceFrequency)
                  000033dc    00000014     rtsv7M4_T_le_v4SPD16_eabi.lib : _lock.obj (.text)
                  000033f0    00000014                                   : s_copysign.obj (.text)
                  00003404    00000014                                   : strlen.obj (.text)
                  00003418    00000010     msp432p4xx_driverlib.lib : sysctl.o (.text:SysCtl_disableNMISource)
                  00003428    00000010                              : sysctl.o (.text:SysCtl_enableNMISource)
                  00003438    0000000e     rtsv7M4_T_le_v4SPD16_eabi.lib : copy_decompress_none.obj (.text:decompress:none)
                  00003446    0000000e     startup_msp432p401r_ccs.obj (.text)
                  00003454    0000000c     msp432p4xx_driverlib.lib : sysctl.o (.text:SysCtl_getNMISourceStatus)
                  00003460    0000000c     rtsv7M4_T_le_v4SPD16_eabi.lib : copy_zero_init.obj (.text:decompress:ZI)
                  0000346c    00000006     msp432p4xx_driverlib.lib : cs.o (.text:CS_startHFXT)
                  00003472    00000004     rtsv7M4_T_le_v4SPD16_eabi.lib : pre_init.obj (.text)

.const     0    00003478    000001e0     
                  00003478    00000101     rtsv7M4_T_le_v4SPD16_eabi.lib : ctype.obj (.const:.string:_ctypes_)
                  00003579    000000b8     algorithm.obj (.const:.string:uch_spo2_table)
                  00003631    00000003     --HOLE-- [fill = 0]
                  00003634    00000024     debug.obj (.const:uartConfig)

.cinit     0    00003658    00000080     
                  00003658    00000057     (.cinit..data.load) [load image, compression = lzss]
                  000036af    00000001     --HOLE-- [fill = 0]
                  000036b0    0000000c     (__TI_handler_table)
                  000036bc    00000004     --HOLE-- [fill = 0]
                  000036c0    00000008     (.cinit..bss.load) [load image, compression = zero_init]
                  000036c8    00000010     (__TI_cinit_table)

.init_array 
*          0    00000000    00000000     UNINITIALIZED

.bss       0    20000000    0000065e     UNINITIALIZED
                  20000000    00000190     algorithm.obj (.bss:an_x)
                  20000190    00000190     algorithm.obj (.bss:an_y)
                  20000320    00000190     (.common:aun_ir_buffer)
                  200004b0    00000190     (.common:aun_red_buffer)
                  20000640    00000004     (.common:g_MCLKfreq)
                  20000644    00000004     (.common:g_SMCLKfreq)
                  20000648    00000004     (.common:hfxtFreq)
                  2000064c    00000004     (.common:lfxtFreq)
                  20000650    00000004     (.common:n_heart_rate)
                  20000654    00000004     (.common:n_ir_buffer_length)
                  20000658    00000004     (.common:n_spo2)
                  2000065c    00000001     (.common:ch_hr_valid)
                  2000065d    00000001     (.common:ch_spo2_valid)

.data      0    20000660    00000154     UNINITIALIZED
                  20000660    000000f0     rtsv7M4_T_le_v4SPD16_eabi.lib : defs.obj (.data:_ftable)
                  20000750    00000030     msp432p4xx_driverlib.lib : gpio.o (.data:GPIO_PORT_TO_BASE)
                  20000780    00000014     main.obj (.data)
                  20000794    0000000c     rtsv7M4_T_le_v4SPD16_eabi.lib : exit.obj (.data:$O1$$)
                  200007a0    00000008                                   : _lock.obj (.data:$O1$$)
                  200007a8    00000004                                   : errno.obj (.data)
                  200007ac    00000004                                   : stkdepth_vars.obj (.data)
                  200007b0    00000004     system_msp432p401r.obj (.data)

.stack     0    2000fe00    00000200     UNINITIALIZED
                  2000fe00    00000200     --HOLE--

MODULE SUMMARY

       Module                        code    ro data   rw data
       ------                        ----    -------   -------
    .\
       algorithm.obj                 1866    184       1600   
       main.obj                      872     0         1668   
       system_msp432p401r.obj        812     0         8      
       clk.obj                       240     0         16     
       startup_msp432p401r_ccs.obj   14      228       0      
       adc.obj                       172     0         0      
       debug.obj                     88      36        0      
       printfOverride.obj            100     0         0      
       systick.obj                   76      0         0      
    +--+-----------------------------+-------+---------+---------+
       Total:                        4240    448       3292   
                                                              
    C:/ti/msp/MSP432Ware_3_50_00_02/driverlib/driverlib/MSP432P4xx/ccs/msp432p4xx_driverlib.lib
       cs.o                          942     0         16     
       gpio.o                        60      0         96     
       sysctl.o                      124     0         0      
    +--+-----------------------------+-------+---------+---------+
       Total:                        1126    0         112    
                                                              
    C:\ti\ccsv7\tools\compiler\ti-cgt-arm_16.9.0.LTS\lib\rtsv7M4_T_le_v4SPD16_eabi.lib
       _printfi.obj                  4410    0         0      
       ull_div_t2.obj                500     0         0      
       defs.obj                      0       0         480    
       fd_add_t2.obj                 438     0         0      
       fd_div_t2.obj                 310     0         0      
       fd_cmp_t2.obj                 268     0         0      
       ctype.obj                     0       257       0      
       fd_mul_t2.obj                 252     0         0      
       s_scalbn.obj                  252     0         0      
       memcpy_t2.obj                 156     0         0      
       memset_t2.obj                 122     0         0      
       autoinit.obj                  112     0         0      
       printf.obj                    112     0         0      
       exit.obj                      84      0         24     
       copy_decompress_lzss.obj      104     0         0      
       s_frexp.obj                   100     0         0      
       ltoa.obj                      86      0         0      
       boot.obj                      84      0         0      
       atoi.obj                      76      0         0      
       cpy_tbl.obj                   76      0         0      
       fd_toi_t2.obj                 72      0         0      
       i_tofd_t2.obj                 46      0         0      
       _lock.obj                     20      0         16     
       memccpy.obj                   28      0         0      
       args_main.obj                 24      0         0      
       strchr.obj                    22      0         0      
       s_copysign.obj                20      0         0      
       strlen.obj                    20      0         0      
       copy_decompress_none.obj      14      0         0      
       copy_zero_init.obj            12      0         0      
       errno.obj                     0       0         8      
       stkdepth_vars.obj             0       0         8      
       pre_init.obj                  4       0         0      
       mpu_init.obj                  2       0         0      
       startup.obj                   2       0         0      
    +--+-----------------------------+-------+---------+---------+
       Total:                        7828    257       536    
                                                              
       Stack:                        0       0         1024   
       Linker Generated:             0       123       0      
    +--+-----------------------------+-------+---------+---------+
       Grand Total:                  13194   828       4964   


LINKER GENERATED COPY TABLES

__TI_cinit_table @ 000036c8 records: 2, size/record: 8, table size: 16
	.data: load addr=00003658, load size=00000057 bytes, run addr=20000660, run size=00000154 bytes, compression=lzss
	.bss: load addr=000036c0, load size=00000008 bytes, run addr=20000000, run size=0000065e bytes, compression=zero_init


LINKER GENERATED HANDLER TABLE

__TI_handler_table @ 000036b0 records: 3, size/record: 4, table size: 12
	index: 0, handler: __TI_decompress_lzss
	index: 1, handler: __TI_decompress_none
	index: 2, handler: __TI_zero_init


GLOBAL SYMBOLS: SORTED ALPHABETICALLY BY Name 

address   name                                  
-------   ----                                  
00003453  ADC14_IRQHandler                      
00003453  AES256_IRQHandler                     
00003453  BusFault_Handler                      
00003059  C$$EXIT                               
00003453  COMP_E0_IRQHandler                    
00003453  COMP_E1_IRQHandler                    
00003453  CS_IRQHandler                         
000032ed  CS_clearInterruptFlag                 
000024e1  CS_getDCOFrequency                    
00003351  CS_getMCLK                            
00003369  CS_getSMCLK                           
000033c9  CS_setExternalClockSourceFrequency    
0000346d  CS_startHFXT                          
00002979  CS_startHFXTWithTimeout               
00003453  DMA_ERR_IRQHandler                    
00003453  DMA_INT0_IRQHandler                   
00003453  DMA_INT1_IRQHandler                   
00003453  DMA_INT2_IRQHandler                   
00003453  DMA_INT3_IRQHandler                   
00003453  DebugMon_Handler                      
00003453  Default_Handler                       
00003453  EUSCIA0_IRQHandler                    
00003453  EUSCIA1_IRQHandler                    
00003453  EUSCIA2_IRQHandler                    
00003453  EUSCIA3_IRQHandler                    
00003453  EUSCIB0_IRQHandler                    
00003453  EUSCIB1_IRQHandler                    
00003453  EUSCIB2_IRQHandler                    
00003453  EUSCIB3_IRQHandler                    
00003453  FLCTL_IRQHandler                      
00003453  FPU_IRQHandler                        
00003311  GPIO_setAsOutputPin                   
00003381  GPIO_setOutputLowOnPin                
00003453  HardFault_Handler                     
00003453  MemManage_Handler                     
00003453  NMI_Handler                           
00003453  PCM_IRQHandler                        
00003453  PORT1_IRQHandler                      
00003453  PORT2_IRQHandler                      
00003453  PORT3_IRQHandler                      
00003453  PORT4_IRQHandler                      
00003453  PORT5_IRQHandler                      
00003453  PORT6_IRQHandler                      
00003453  PSS_IRQHandler                        
00003453  PendSV_Handler                        
00003453  RTC_C_IRQHandler                      
00003447  Reset_Handler                         
UNDEFED   SHT$$INIT_ARRAY$$Base                 
UNDEFED   SHT$$INIT_ARRAY$$Limit                
00003453  SVC_Handler                           
00003419  SysCtl_disableNMISource               
00003429  SysCtl_enableNMISource                
00003455  SysCtl_getNMISourceStatus             
000030ad  SysCtl_getTLVInfo                     
00001c25  SysTick_Handler                       
00001c25  SysTick_Handler                       
200007b0  SystemCoreClock                       
00001cd5  SystemCoreClockUpdate                 
00001f49  SystemInit                            
00003453  T32_INT1_IRQHandler                   
00003453  T32_INT2_IRQHandler                   
00003453  T32_INTC_IRQHandler                   
00003453  TA0_0_IRQHandler                      
00003453  TA0_N_IRQHandler                      
00003453  TA1_0_IRQHandler                      
00003453  TA1_N_IRQHandler                      
00003453  TA2_0_IRQHandler                      
00003453  TA2_N_IRQHandler                      
00003453  TA3_0_IRQHandler                      
00003453  TA3_N_IRQHandler                      
00003453  UsageFault_Handler                    
4000480c  WDTCTL_SYM                            
00003453  WDT_A_IRQHandler                      
20010000  __STACK_END                           
00000200  __STACK_SIZE                          
000036c8  __TI_CINIT_Base                       
000036d8  __TI_CINIT_Limit                      
000036b0  __TI_Handler_Table_Base               
000036bc  __TI_Handler_Table_Limit              
00002d45  __TI_auto_init                        
20000794  __TI_cleanup_ptr                      
00002e25  __TI_decompress_lzss                  
00003439  __TI_decompress_none                  
20000798  __TI_dtors_ptr                        
2000079c  __TI_enable_exit_profile_output       
ffffffff  __TI_pprof_out_hndl                   
00000925  __TI_printfi                          
ffffffff  __TI_prof_data_size                   
ffffffff  __TI_prof_data_start                  
00000000  __TI_static_base__                    
00003461  __TI_zero_init                        
00002b4d  __aeabi_cdcmpeq                       
00002b4d  __aeabi_cdcmple                       
00002bd3  __aeabi_cdrcmple                      
00003275  __aeabi_d2iz                          
000021ff  __aeabi_dadd                          
000023ab  __aeabi_ddiv                          
000025e5  __aeabi_dmul                          
000021f5  __aeabi_dsub                          
000032bd  __aeabi_i2d                           
00002c59  __aeabi_memclr                        
00002c59  __aeabi_memclr4                       
00002c59  __aeabi_memclr8                       
00002ab1  __aeabi_memcpy                        
00002ab1  __aeabi_memcpy4                       
00002ab1  __aeabi_memcpy8                       
00002c5b  __aeabi_memset                        
00002c5b  __aeabi_memset4                       
00002c5b  __aeabi_memset8                       
00002001  __aeabi_uldivmod                      
ffffffff  __binit__                             
ffffffff  __c_args__                            
0000121f  __mpu_init                            
2000fe00  __stack                               
00003399  _args_main                            
00003005  _c_int00                              
00003478  _ctypes_                              
20000660  _ftable                               
200007a0  _lock                                 
000033eb  _nop                                  
000033e3  _register_lock                        
000033dd  _register_unlock                      
0000196b  _system_post_cinit                    
00003473  _system_pre_init                      
200007a4  _unlock                               
0000305d  abort                                 
20000784  adcSamplingPeriod                     
0000196d  adc_conv_data                         
000028cd  adc_init                              
0000295b  adc_start_sample                      
20000780  adc_state                             
00003149  atoi                                  
20000320  aun_ir_buffer                         
200004b0  aun_red_buffer                        
ffffffff  binit                                 
2000065c  ch_hr_valid                           
2000065d  ch_spo2_valid                         
00002847  clk_init                              
00003195  copy_in                               
000033f1  copysign                              
000033f1  copysignl                             
2000078c  curADCResult                          
00002f55  debug_init                            
200007a8  errno                                 
00003065  exit                                  
00002e8d  fputc                                 
00002eab  fputs                                 
00002ef1  frexp                                 
00002ef1  frexpl                                
20000640  g_MCLKfreq                            
20000644  g_SMCLKfreq                           
00000000  interruptVectors                      
000026e1  ldexp                                 
000026e1  ldexpl                                
00002fad  ltoa                                  
000019b5  main                                  
200007ac  main_func_sp                          
000016ad  maxim_find_peaks                      
00001221  maxim_heart_rate_and_oxygen_saturation
000016f1  maxim_peaks_above_min_height          
000017bd  maxim_remove_close_peaks              
00001877  maxim_sort_ascend                     
000018ed  maxim_sort_indices_descend            
00003335  memccpy                               
00002ab1  memcpy                                
00002c61  memset                                
20000650  n_heart_rate                          
20000654  n_ir_buffer_length                    
20000658  n_spo2                                
20000788  normalizedADCRes                      
00002dbd  printf                                
000026e1  scalbn                                
000026e1  scalbnl                               
000031e1  setSystickTimeMs                      
000033b1  strchr                                
00003405  strlen                                
000031fd  systick_init                          
00003634  uartConfig                            
00003579  uch_spo2_table                        


GLOBAL SYMBOLS: SORTED BY Symbol Address 

address   name                                  
-------   ----                                  
00000000  __TI_static_base__                    
00000000  interruptVectors                      
00000200  __STACK_SIZE                          
00000925  __TI_printfi                          
0000121f  __mpu_init                            
00001221  maxim_heart_rate_and_oxygen_saturation
000016ad  maxim_find_peaks                      
000016f1  maxim_peaks_above_min_height          
000017bd  maxim_remove_close_peaks              
00001877  maxim_sort_ascend                     
000018ed  maxim_sort_indices_descend            
0000196b  _system_post_cinit                    
0000196d  adc_conv_data                         
000019b5  main                                  
00001c25  SysTick_Handler                       
00001c25  SysTick_Handler                       
00001cd5  SystemCoreClockUpdate                 
00001f49  SystemInit                            
00002001  __aeabi_uldivmod                      
000021f5  __aeabi_dsub                          
000021ff  __aeabi_dadd                          
000023ab  __aeabi_ddiv                          
000024e1  CS_getDCOFrequency                    
000025e5  __aeabi_dmul                          
000026e1  ldexp                                 
000026e1  ldexpl                                
000026e1  scalbn                                
000026e1  scalbnl                               
00002847  clk_init                              
000028cd  adc_init                              
0000295b  adc_start_sample                      
00002979  CS_startHFXTWithTimeout               
00002ab1  __aeabi_memcpy                        
00002ab1  __aeabi_memcpy4                       
00002ab1  __aeabi_memcpy8                       
00002ab1  memcpy                                
00002b4d  __aeabi_cdcmpeq                       
00002b4d  __aeabi_cdcmple                       
00002bd3  __aeabi_cdrcmple                      
00002c59  __aeabi_memclr                        
00002c59  __aeabi_memclr4                       
00002c59  __aeabi_memclr8                       
00002c5b  __aeabi_memset                        
00002c5b  __aeabi_memset4                       
00002c5b  __aeabi_memset8                       
00002c61  memset                                
00002d45  __TI_auto_init                        
00002dbd  printf                                
00002e25  __TI_decompress_lzss                  
00002e8d  fputc                                 
00002eab  fputs                                 
00002ef1  frexp                                 
00002ef1  frexpl                                
00002f55  debug_init                            
00002fad  ltoa                                  
00003005  _c_int00                              
00003059  C$$EXIT                               
0000305d  abort                                 
00003065  exit                                  
000030ad  SysCtl_getTLVInfo                     
00003149  atoi                                  
00003195  copy_in                               
000031e1  setSystickTimeMs                      
000031fd  systick_init                          
00003275  __aeabi_d2iz                          
000032bd  __aeabi_i2d                           
000032ed  CS_clearInterruptFlag                 
00003311  GPIO_setAsOutputPin                   
00003335  memccpy                               
00003351  CS_getMCLK                            
00003369  CS_getSMCLK                           
00003381  GPIO_setOutputLowOnPin                
00003399  _args_main                            
000033b1  strchr                                
000033c9  CS_setExternalClockSourceFrequency    
000033dd  _register_unlock                      
000033e3  _register_lock                        
000033eb  _nop                                  
000033f1  copysign                              
000033f1  copysignl                             
00003405  strlen                                
00003419  SysCtl_disableNMISource               
00003429  SysCtl_enableNMISource                
00003439  __TI_decompress_none                  
00003447  Reset_Handler                         
00003453  ADC14_IRQHandler                      
00003453  AES256_IRQHandler                     
00003453  BusFault_Handler                      
00003453  COMP_E0_IRQHandler                    
00003453  COMP_E1_IRQHandler                    
00003453  CS_IRQHandler                         
00003453  DMA_ERR_IRQHandler                    
00003453  DMA_INT0_IRQHandler                   
00003453  DMA_INT1_IRQHandler                   
00003453  DMA_INT2_IRQHandler                   
00003453  DMA_INT3_IRQHandler                   
00003453  DebugMon_Handler                      
00003453  Default_Handler                       
00003453  EUSCIA0_IRQHandler                    
00003453  EUSCIA1_IRQHandler                    
00003453  EUSCIA2_IRQHandler                    
00003453  EUSCIA3_IRQHandler                    
00003453  EUSCIB0_IRQHandler                    
00003453  EUSCIB1_IRQHandler                    
00003453  EUSCIB2_IRQHandler                    
00003453  EUSCIB3_IRQHandler                    
00003453  FLCTL_IRQHandler                      
00003453  FPU_IRQHandler                        
00003453  HardFault_Handler                     
00003453  MemManage_Handler                     
00003453  NMI_Handler                           
00003453  PCM_IRQHandler                        
00003453  PORT1_IRQHandler                      
00003453  PORT2_IRQHandler                      
00003453  PORT3_IRQHandler                      
00003453  PORT4_IRQHandler                      
00003453  PORT5_IRQHandler                      
00003453  PORT6_IRQHandler                      
00003453  PSS_IRQHandler                        
00003453  PendSV_Handler                        
00003453  RTC_C_IRQHandler                      
00003453  SVC_Handler                           
00003453  T32_INT1_IRQHandler                   
00003453  T32_INT2_IRQHandler                   
00003453  T32_INTC_IRQHandler                   
00003453  TA0_0_IRQHandler                      
00003453  TA0_N_IRQHandler                      
00003453  TA1_0_IRQHandler                      
00003453  TA1_N_IRQHandler                      
00003453  TA2_0_IRQHandler                      
00003453  TA2_N_IRQHandler                      
00003453  TA3_0_IRQHandler                      
00003453  TA3_N_IRQHandler                      
00003453  UsageFault_Handler                    
00003453  WDT_A_IRQHandler                      
00003455  SysCtl_getNMISourceStatus             
00003461  __TI_zero_init                        
0000346d  CS_startHFXT                          
00003473  _system_pre_init                      
00003478  _ctypes_                              
00003579  uch_spo2_table                        
00003634  uartConfig                            
000036b0  __TI_Handler_Table_Base               
000036bc  __TI_Handler_Table_Limit              
000036c8  __TI_CINIT_Base                       
000036d8  __TI_CINIT_Limit                      
20000320  aun_ir_buffer                         
200004b0  aun_red_buffer                        
20000640  g_MCLKfreq                            
20000644  g_SMCLKfreq                           
20000650  n_heart_rate                          
20000654  n_ir_buffer_length                    
20000658  n_spo2                                
2000065c  ch_hr_valid                           
2000065d  ch_spo2_valid                         
20000660  _ftable                               
20000780  adc_state                             
20000784  adcSamplingPeriod                     
20000788  normalizedADCRes                      
2000078c  curADCResult                          
20000794  __TI_cleanup_ptr                      
20000798  __TI_dtors_ptr                        
2000079c  __TI_enable_exit_profile_output       
200007a0  _lock                                 
200007a4  _unlock                               
200007a8  errno                                 
200007ac  main_func_sp                          
200007b0  SystemCoreClock                       
2000fe00  __stack                               
20010000  __STACK_END                           
4000480c  WDTCTL_SYM                            
ffffffff  __TI_pprof_out_hndl                   
ffffffff  __TI_prof_data_size                   
ffffffff  __TI_prof_data_start                  
ffffffff  __binit__                             
ffffffff  __c_args__                            
ffffffff  binit                                 
UNDEFED   SHT$$INIT_ARRAY$$Base                 
UNDEFED   SHT$$INIT_ARRAY$$Limit                

[179 symbols]
