<?xml version="1.0"?>
<link_info>
   <banner>TI ARM Linker PC v16.9.0.LTS</banner>
   <copyright>Copyright (c) 1996-2015 Texas Instruments Incorporated</copyright>
   <link_time>0x59485f59</link_time>
   <link_errors>0x0</link_errors>
   <output_file>BeatRateTest.out</output_file>
   <entry_point>
      <name>_c_int00</name>
      <address>0x3499</address>
   </entry_point>
   <input_file_list>
      <input_file id="fl-2">
         <path>.\</path>
         <kind>object</kind>
         <file>adc.obj</file>
         <name>adc.obj</name>
      </input_file>
      <input_file id="fl-3">
         <path>.\</path>
         <kind>object</kind>
         <file>algorithm.obj</file>
         <name>algorithm.obj</name>
      </input_file>
      <input_file id="fl-4">
         <path>.\</path>
         <kind>object</kind>
         <file>clk.obj</file>
         <name>clk.obj</name>
      </input_file>
      <input_file id="fl-5">
         <path>.\</path>
         <kind>object</kind>
         <file>debug.obj</file>
         <name>debug.obj</name>
      </input_file>
      <input_file id="fl-6">
         <path>.\</path>
         <kind>object</kind>
         <file>main.obj</file>
         <name>main.obj</name>
      </input_file>
      <input_file id="fl-7">
         <path>.\</path>
         <kind>object</kind>
         <file>printfOverride.obj</file>
         <name>printfOverride.obj</name>
      </input_file>
      <input_file id="fl-8">
         <path>.\</path>
         <kind>object</kind>
         <file>startup_msp432p401r_ccs.obj</file>
         <name>startup_msp432p401r_ccs.obj</name>
      </input_file>
      <input_file id="fl-9">
         <path>.\</path>
         <kind>object</kind>
         <file>system_msp432p401r.obj</file>
         <name>system_msp432p401r.obj</name>
      </input_file>
      <input_file id="fl-a">
         <path>.\</path>
         <kind>object</kind>
         <file>systick.obj</file>
         <name>systick.obj</name>
      </input_file>
      <input_file id="fl-c5">
         <path>C:\ti\ccsv7\tools\compiler\ti-cgt-arm_16.9.0.LTS\lib\</path>
         <kind>archive</kind>
         <file>rtsv7M4_T_le_v4SPD16_eabi.lib</file>
         <name>boot.obj</name>
      </input_file>
      <input_file id="fl-c6">
         <path>C:\ti\ccsv7\tools\compiler\ti-cgt-arm_16.9.0.LTS\lib\</path>
         <kind>archive</kind>
         <file>rtsv7M4_T_le_v4SPD16_eabi.lib</file>
         <name>copy_decompress_lzss.obj</name>
      </input_file>
      <input_file id="fl-c7">
         <path>C:\ti\ccsv7\tools\compiler\ti-cgt-arm_16.9.0.LTS\lib\</path>
         <kind>archive</kind>
         <file>rtsv7M4_T_le_v4SPD16_eabi.lib</file>
         <name>copy_decompress_none.obj</name>
      </input_file>
      <input_file id="fl-c8">
         <path>C:\ti\ccsv7\tools\compiler\ti-cgt-arm_16.9.0.LTS\lib\</path>
         <kind>archive</kind>
         <file>rtsv7M4_T_le_v4SPD16_eabi.lib</file>
         <name>copy_zero_init.obj</name>
      </input_file>
      <input_file id="fl-c9">
         <path>C:\ti\ccsv7\tools\compiler\ti-cgt-arm_16.9.0.LTS\lib\</path>
         <kind>archive</kind>
         <file>rtsv7M4_T_le_v4SPD16_eabi.lib</file>
         <name>exit.obj</name>
      </input_file>
      <input_file id="fl-ca">
         <path>C:\ti\ccsv7\tools\compiler\ti-cgt-arm_16.9.0.LTS\lib\</path>
         <kind>archive</kind>
         <file>rtsv7M4_T_le_v4SPD16_eabi.lib</file>
         <name>fd_mul_t2.obj</name>
      </input_file>
      <input_file id="fl-cb">
         <path>C:\ti\ccsv7\tools\compiler\ti-cgt-arm_16.9.0.LTS\lib\</path>
         <kind>archive</kind>
         <file>rtsv7M4_T_le_v4SPD16_eabi.lib</file>
         <name>fd_tos_t2.obj</name>
      </input_file>
      <input_file id="fl-cc">
         <path>C:\ti\ccsv7\tools\compiler\ti-cgt-arm_16.9.0.LTS\lib\</path>
         <kind>archive</kind>
         <file>rtsv7M4_T_le_v4SPD16_eabi.lib</file>
         <name>memcpy_t2.obj</name>
      </input_file>
      <input_file id="fl-cd">
         <path>C:\ti\ccsv7\tools\compiler\ti-cgt-arm_16.9.0.LTS\lib\</path>
         <kind>archive</kind>
         <file>rtsv7M4_T_le_v4SPD16_eabi.lib</file>
         <name>memset_t2.obj</name>
      </input_file>
      <input_file id="fl-ce">
         <path>C:\ti\ccsv7\tools\compiler\ti-cgt-arm_16.9.0.LTS\lib\</path>
         <kind>archive</kind>
         <file>rtsv7M4_T_le_v4SPD16_eabi.lib</file>
         <name>mpu_init.obj</name>
      </input_file>
      <input_file id="fl-cf">
         <path>C:\ti\ccsv7\tools\compiler\ti-cgt-arm_16.9.0.LTS\lib\</path>
         <kind>archive</kind>
         <file>rtsv7M4_T_le_v4SPD16_eabi.lib</file>
         <name>pre_init.obj</name>
      </input_file>
      <input_file id="fl-d0">
         <path>C:\ti\ccsv7\tools\compiler\ti-cgt-arm_16.9.0.LTS\lib\</path>
         <kind>archive</kind>
         <file>rtsv7M4_T_le_v4SPD16_eabi.lib</file>
         <name>printf.obj</name>
      </input_file>
      <input_file id="fl-d1">
         <path>C:\ti\ccsv7\tools\compiler\ti-cgt-arm_16.9.0.LTS\lib\</path>
         <kind>archive</kind>
         <file>rtsv7M4_T_le_v4SPD16_eabi.lib</file>
         <name>stkdepth_vars.obj</name>
      </input_file>
      <input_file id="fl-d2">
         <path>C:\ti\ccsv7\tools\compiler\ti-cgt-arm_16.9.0.LTS\lib\</path>
         <kind>archive</kind>
         <file>rtsv7M4_T_le_v4SPD16_eabi.lib</file>
         <name>strlen.obj</name>
      </input_file>
      <input_file id="fl-d3">
         <path>C:\ti\ccsv7\tools\compiler\ti-cgt-arm_16.9.0.LTS\lib\</path>
         <kind>archive</kind>
         <file>rtsv7M4_T_le_v4SPD16_eabi.lib</file>
         <name>u_tofd_t2.obj</name>
      </input_file>
      <input_file id="fl-d4">
         <path>C:\ti\ccsv7\tools\compiler\ti-cgt-arm_16.9.0.LTS\lib\</path>
         <kind>archive</kind>
         <file>rtsv7M4_T_le_v4SPD16_eabi.lib</file>
         <name>_lock.obj</name>
      </input_file>
      <input_file id="fl-d5">
         <path>C:\ti\ccsv7\tools\compiler\ti-cgt-arm_16.9.0.LTS\lib\</path>
         <kind>archive</kind>
         <file>rtsv7M4_T_le_v4SPD16_eabi.lib</file>
         <name>_printfi.obj</name>
      </input_file>
      <input_file id="fl-d6">
         <path>C:\ti\ccsv7\tools\compiler\ti-cgt-arm_16.9.0.LTS\lib\</path>
         <kind>archive</kind>
         <file>rtsv7M4_T_le_v4SPD16_eabi.lib</file>
         <name>args_main.obj</name>
      </input_file>
      <input_file id="fl-d7">
         <path>C:\ti\ccsv7\tools\compiler\ti-cgt-arm_16.9.0.LTS\lib\</path>
         <kind>archive</kind>
         <file>rtsv7M4_T_le_v4SPD16_eabi.lib</file>
         <name>atoi.obj</name>
      </input_file>
      <input_file id="fl-d8">
         <path>C:\ti\ccsv7\tools\compiler\ti-cgt-arm_16.9.0.LTS\lib\</path>
         <kind>archive</kind>
         <file>rtsv7M4_T_le_v4SPD16_eabi.lib</file>
         <name>autoinit.obj</name>
      </input_file>
      <input_file id="fl-d9">
         <path>C:\ti\ccsv7\tools\compiler\ti-cgt-arm_16.9.0.LTS\lib\</path>
         <kind>archive</kind>
         <file>rtsv7M4_T_le_v4SPD16_eabi.lib</file>
         <name>cpy_tbl.obj</name>
      </input_file>
      <input_file id="fl-da">
         <path>C:\ti\ccsv7\tools\compiler\ti-cgt-arm_16.9.0.LTS\lib\</path>
         <kind>archive</kind>
         <file>rtsv7M4_T_le_v4SPD16_eabi.lib</file>
         <name>ctype.obj</name>
      </input_file>
      <input_file id="fl-db">
         <path>C:\ti\ccsv7\tools\compiler\ti-cgt-arm_16.9.0.LTS\lib\</path>
         <kind>archive</kind>
         <file>rtsv7M4_T_le_v4SPD16_eabi.lib</file>
         <name>defs.obj</name>
      </input_file>
      <input_file id="fl-dc">
         <path>C:\ti\ccsv7\tools\compiler\ti-cgt-arm_16.9.0.LTS\lib\</path>
         <kind>archive</kind>
         <file>rtsv7M4_T_le_v4SPD16_eabi.lib</file>
         <name>fd_add_t2.obj</name>
      </input_file>
      <input_file id="fl-dd">
         <path>C:\ti\ccsv7\tools\compiler\ti-cgt-arm_16.9.0.LTS\lib\</path>
         <kind>archive</kind>
         <file>rtsv7M4_T_le_v4SPD16_eabi.lib</file>
         <name>fd_cmp_t2.obj</name>
      </input_file>
      <input_file id="fl-de">
         <path>C:\ti\ccsv7\tools\compiler\ti-cgt-arm_16.9.0.LTS\lib\</path>
         <kind>archive</kind>
         <file>rtsv7M4_T_le_v4SPD16_eabi.lib</file>
         <name>fd_div_t2.obj</name>
      </input_file>
      <input_file id="fl-df">
         <path>C:\ti\ccsv7\tools\compiler\ti-cgt-arm_16.9.0.LTS\lib\</path>
         <kind>archive</kind>
         <file>rtsv7M4_T_le_v4SPD16_eabi.lib</file>
         <name>fd_toi_t2.obj</name>
      </input_file>
      <input_file id="fl-e0">
         <path>C:\ti\ccsv7\tools\compiler\ti-cgt-arm_16.9.0.LTS\lib\</path>
         <kind>archive</kind>
         <file>rtsv7M4_T_le_v4SPD16_eabi.lib</file>
         <name>i_tofd_t2.obj</name>
      </input_file>
      <input_file id="fl-e1">
         <path>C:\ti\ccsv7\tools\compiler\ti-cgt-arm_16.9.0.LTS\lib\</path>
         <kind>archive</kind>
         <file>rtsv7M4_T_le_v4SPD16_eabi.lib</file>
         <name>ltoa.obj</name>
      </input_file>
      <input_file id="fl-e2">
         <path>C:\ti\ccsv7\tools\compiler\ti-cgt-arm_16.9.0.LTS\lib\</path>
         <kind>archive</kind>
         <file>rtsv7M4_T_le_v4SPD16_eabi.lib</file>
         <name>memccpy.obj</name>
      </input_file>
      <input_file id="fl-e3">
         <path>C:\ti\ccsv7\tools\compiler\ti-cgt-arm_16.9.0.LTS\lib\</path>
         <kind>archive</kind>
         <file>rtsv7M4_T_le_v4SPD16_eabi.lib</file>
         <name>s_frexp.obj</name>
      </input_file>
      <input_file id="fl-e4">
         <path>C:\ti\ccsv7\tools\compiler\ti-cgt-arm_16.9.0.LTS\lib\</path>
         <kind>archive</kind>
         <file>rtsv7M4_T_le_v4SPD16_eabi.lib</file>
         <name>s_scalbn.obj</name>
      </input_file>
      <input_file id="fl-e5">
         <path>C:\ti\ccsv7\tools\compiler\ti-cgt-arm_16.9.0.LTS\lib\</path>
         <kind>archive</kind>
         <file>rtsv7M4_T_le_v4SPD16_eabi.lib</file>
         <name>startup.obj</name>
      </input_file>
      <input_file id="fl-e6">
         <path>C:\ti\ccsv7\tools\compiler\ti-cgt-arm_16.9.0.LTS\lib\</path>
         <kind>archive</kind>
         <file>rtsv7M4_T_le_v4SPD16_eabi.lib</file>
         <name>strchr.obj</name>
      </input_file>
      <input_file id="fl-e7">
         <path>C:\ti\ccsv7\tools\compiler\ti-cgt-arm_16.9.0.LTS\lib\</path>
         <kind>archive</kind>
         <file>rtsv7M4_T_le_v4SPD16_eabi.lib</file>
         <name>ull_div_t2.obj</name>
      </input_file>
      <input_file id="fl-e8">
         <path>C:\ti\ccsv7\tools\compiler\ti-cgt-arm_16.9.0.LTS\lib\</path>
         <kind>archive</kind>
         <file>rtsv7M4_T_le_v4SPD16_eabi.lib</file>
         <name>errno.obj</name>
      </input_file>
      <input_file id="fl-e9">
         <path>C:\ti\ccsv7\tools\compiler\ti-cgt-arm_16.9.0.LTS\lib\</path>
         <kind>archive</kind>
         <file>rtsv7M4_T_le_v4SPD16_eabi.lib</file>
         <name>s_copysign.obj</name>
      </input_file>
      <input_file id="fl-ea">
         <path>C:\ti\msp\MSP432Ware_3_50_00_02\driverlib\driverlib\MSP432P4xx\ccs\</path>
         <kind>archive</kind>
         <file>msp432p4xx_driverlib.lib</file>
         <name>cs.o</name>
      </input_file>
      <input_file id="fl-eb">
         <path>C:\ti\msp\MSP432Ware_3_50_00_02\driverlib\driverlib\MSP432P4xx\ccs\</path>
         <kind>archive</kind>
         <file>msp432p4xx_driverlib.lib</file>
         <name>gpio.o</name>
      </input_file>
      <input_file id="fl-ec">
         <path>C:\ti\msp\MSP432Ware_3_50_00_02\driverlib\driverlib\MSP432P4xx\ccs\</path>
         <kind>archive</kind>
         <file>msp432p4xx_driverlib.lib</file>
         <name>interrupt.o</name>
      </input_file>
      <input_file id="fl-ed">
         <path>C:\ti\msp\MSP432Ware_3_50_00_02\driverlib\driverlib\MSP432P4xx\ccs\</path>
         <kind>archive</kind>
         <file>msp432p4xx_driverlib.lib</file>
         <name>sysctl.o</name>
      </input_file>
      <input_file id="fl-ee">
         <path>C:\ti\msp\MSP432Ware_3_50_00_02\driverlib\driverlib\MSP432P4xx\ccs\</path>
         <kind>archive</kind>
         <file>msp432p4xx_driverlib.lib</file>
         <name>cpu.o</name>
      </input_file>
   </input_file_list>
   <object_component_list>
      <object_component id="oc-2c">
         <name>.intvecs:retain</name>
         <load_address>0x0</load_address>
         <run_address>0x0</run_address>
         <size>0xe4</size>
         <input_file_ref idref="fl-8"/>
      </object_component>
      <object_component id="oc-173">
         <name>.text</name>
         <load_address>0xe4</load_address>
         <run_address>0xe4</run_address>
         <size>0x113a</size>
         <input_file_ref idref="fl-d5"/>
      </object_component>
      <object_component id="oc-53">
         <name>.text</name>
         <load_address>0x121e</load_address>
         <run_address>0x121e</run_address>
         <size>0x2</size>
         <input_file_ref idref="fl-ce"/>
      </object_component>
      <object_component id="oc-e8">
         <name>.text</name>
         <load_address>0x1220</load_address>
         <run_address>0x1220</run_address>
         <size>0x9de</size>
         <input_file_ref idref="fl-3"/>
      </object_component>
      <object_component id="oc-a2">
         <name>.text</name>
         <load_address>0x1bfe</load_address>
         <run_address>0x1bfe</run_address>
         <size>0x2</size>
         <input_file_ref idref="fl-e5"/>
      </object_component>
      <object_component id="oc-7b">
         <name>.text</name>
         <load_address>0x1c00</load_address>
         <run_address>0x1c00</run_address>
         <size>0x4d4</size>
         <input_file_ref idref="fl-6"/>
      </object_component>
      <object_component id="oc-b7">
         <name>.text</name>
         <load_address>0x20d4</load_address>
         <run_address>0x20d4</run_address>
         <size>0x32c</size>
         <input_file_ref idref="fl-9"/>
      </object_component>
      <object_component id="oc-1e0">
         <name>.text</name>
         <load_address>0x2400</load_address>
         <run_address>0x2400</run_address>
         <size>0x1f4</size>
         <input_file_ref idref="fl-e7"/>
      </object_component>
      <object_component id="oc-204">
         <name>.text</name>
         <load_address>0x25f4</load_address>
         <run_address>0x25f4</run_address>
         <size>0x1b6</size>
         <input_file_ref idref="fl-dc"/>
      </object_component>
      <object_component id="oc-1ea">
         <name>.text</name>
         <load_address>0x27aa</load_address>
         <run_address>0x27aa</run_address>
         <size>0x136</size>
         <input_file_ref idref="fl-de"/>
      </object_component>
      <object_component id="oc-276">
         <name>.text:CS_getDCOFrequency</name>
         <load_address>0x28e0</load_address>
         <run_address>0x28e0</run_address>
         <size>0x104</size>
         <input_file_ref idref="fl-ea"/>
      </object_component>
      <object_component id="oc-101">
         <name>.text</name>
         <load_address>0x29e4</load_address>
         <run_address>0x29e4</run_address>
         <size>0xfc</size>
         <input_file_ref idref="fl-ca"/>
      </object_component>
      <object_component id="oc-20f">
         <name>.text</name>
         <load_address>0x2ae0</load_address>
         <run_address>0x2ae0</run_address>
         <size>0xfc</size>
         <input_file_ref idref="fl-e4"/>
      </object_component>
      <object_component id="oc-ca">
         <name>.text</name>
         <load_address>0x2bdc</load_address>
         <run_address>0x2bdc</run_address>
         <size>0xf0</size>
         <input_file_ref idref="fl-4"/>
      </object_component>
      <object_component id="oc-dc">
         <name>.text</name>
         <load_address>0x2ccc</load_address>
         <run_address>0x2ccc</run_address>
         <size>0xd0</size>
         <input_file_ref idref="fl-2"/>
      </object_component>
      <object_component id="oc-1c4">
         <name>.text:CS_startHFXTWithTimeout</name>
         <load_address>0x2d9c</load_address>
         <run_address>0x2d9c</run_address>
         <size>0x9c</size>
         <input_file_ref idref="fl-ea"/>
      </object_component>
      <object_component id="oc-1cb">
         <name>.text:_CSComputeCLKFrequency</name>
         <load_address>0x2e38</load_address>
         <run_address>0x2e38</run_address>
         <size>0x9c</size>
         <input_file_ref idref="fl-ea"/>
      </object_component>
      <object_component id="oc-3b">
         <name>.text</name>
         <load_address>0x2ed4</load_address>
         <run_address>0x2ed4</run_address>
         <size>0x9c</size>
         <input_file_ref idref="fl-cc"/>
      </object_component>
      <object_component id="oc-1e5">
         <name>.text:__aeabi_cdcmple</name>
         <load_address>0x2f70</load_address>
         <run_address>0x2f70</run_address>
         <size>0x86</size>
         <input_file_ref idref="fl-dd"/>
      </object_component>
      <object_component id="oc-1ef">
         <name>.text:__aeabi_cdrcmple</name>
         <load_address>0x2ff6</load_address>
         <run_address>0x2ff6</run_address>
         <size>0x86</size>
         <input_file_ref idref="fl-dd"/>
      </object_component>
      <object_component id="oc-47">
         <name>.text</name>
         <load_address>0x307c</load_address>
         <run_address>0x307c</run_address>
         <size>0x7a</size>
         <input_file_ref idref="fl-cd"/>
      </object_component>
      <object_component id="oc-263">
         <name>.text:_CSGetHFXTFrequency</name>
         <load_address>0x30f8</load_address>
         <run_address>0x30f8</run_address>
         <size>0x70</size>
         <input_file_ref idref="fl-ea"/>
      </object_component>
      <object_component id="oc-5f">
         <name>.text</name>
         <load_address>0x3168</load_address>
         <run_address>0x3168</run_address>
         <size>0x70</size>
         <input_file_ref idref="fl-d8"/>
      </object_component>
      <object_component id="oc-e2">
         <name>.text</name>
         <load_address>0x31d8</load_address>
         <run_address>0x31d8</run_address>
         <size>0x70</size>
         <input_file_ref idref="fl-d0"/>
      </object_component>
      <object_component id="oc-106">
         <name>.text</name>
         <load_address>0x3248</load_address>
         <run_address>0x3248</run_address>
         <size>0x6e</size>
         <input_file_ref idref="fl-cb"/>
      </object_component>
      <object_component id="oc-14">
         <name>.text:decompress:lzss</name>
         <load_address>0x32b6</load_address>
         <run_address>0x32b6</run_address>
         <size>0x68</size>
         <input_file_ref idref="fl-c6"/>
      </object_component>
      <object_component id="oc-16d">
         <name>.text</name>
         <load_address>0x3320</load_address>
         <run_address>0x3320</run_address>
         <size>0x64</size>
         <input_file_ref idref="fl-7"/>
      </object_component>
      <object_component id="oc-209">
         <name>.text</name>
         <load_address>0x3384</load_address>
         <run_address>0x3384</run_address>
         <size>0x64</size>
         <input_file_ref idref="fl-e3"/>
      </object_component>
      <object_component id="oc-d0">
         <name>.text</name>
         <load_address>0x33e8</load_address>
         <run_address>0x33e8</run_address>
         <size>0x58</size>
         <input_file_ref idref="fl-5"/>
      </object_component>
      <object_component id="oc-1f9">
         <name>.text</name>
         <load_address>0x3440</load_address>
         <run_address>0x3440</run_address>
         <size>0x56</size>
         <input_file_ref idref="fl-e1"/>
      </object_component>
      <object_component id="oc-26">
         <name>.text</name>
         <load_address>0x3498</load_address>
         <run_address>0x3498</run_address>
         <size>0x54</size>
         <input_file_ref idref="fl-c5"/>
      </object_component>
      <object_component id="oc-6b">
         <name>.text</name>
         <load_address>0x34ec</load_address>
         <run_address>0x34ec</run_address>
         <size>0x54</size>
         <input_file_ref idref="fl-c9"/>
      </object_component>
      <object_component id="oc-2ce">
         <name>.text:SysCtl_getTLVInfo</name>
         <load_address>0x3540</load_address>
         <run_address>0x3540</run_address>
         <size>0x50</size>
         <input_file_ref idref="fl-ed"/>
      </object_component>
      <object_component id="oc-2c8">
         <name>.text:_CSGetDOCFrequency</name>
         <load_address>0x3590</load_address>
         <run_address>0x3590</run_address>
         <size>0x4c</size>
         <input_file_ref idref="fl-ea"/>
      </object_component>
      <object_component id="oc-21b">
         <name>.text</name>
         <load_address>0x35dc</load_address>
         <run_address>0x35dc</run_address>
         <size>0x4c</size>
         <input_file_ref idref="fl-d7"/>
      </object_component>
      <object_component id="oc-9c">
         <name>.text</name>
         <load_address>0x3628</load_address>
         <run_address>0x3628</run_address>
         <size>0x4c</size>
         <input_file_ref idref="fl-d9"/>
      </object_component>
      <object_component id="oc-d6">
         <name>.text</name>
         <load_address>0x3674</load_address>
         <run_address>0x3674</run_address>
         <size>0x4c</size>
         <input_file_ref idref="fl-a"/>
      </object_component>
      <object_component id="oc-270">
         <name>.text:_CSGetDividerValue</name>
         <load_address>0x36c0</load_address>
         <run_address>0x36c0</run_address>
         <size>0x48</size>
         <input_file_ref idref="fl-ea"/>
      </object_component>
      <object_component id="oc-1f4">
         <name>.text</name>
         <load_address>0x3708</load_address>
         <run_address>0x3708</run_address>
         <size>0x48</size>
         <input_file_ref idref="fl-df"/>
      </object_component>
      <object_component id="oc-1ff">
         <name>.text</name>
         <load_address>0x3750</load_address>
         <run_address>0x3750</run_address>
         <size>0x2e</size>
         <input_file_ref idref="fl-e0"/>
      </object_component>
      <object_component id="oc-27c">
         <name>.text:CS_clearInterruptFlag</name>
         <load_address>0x3780</load_address>
         <run_address>0x3780</run_address>
         <size>0x24</size>
         <input_file_ref idref="fl-ea"/>
      </object_component>
      <object_component id="oc-c4">
         <name>.text:GPIO_setAsOutputPin</name>
         <load_address>0x37a4</load_address>
         <run_address>0x37a4</run_address>
         <size>0x24</size>
         <input_file_ref idref="fl-eb"/>
      </object_component>
      <object_component id="oc-fc">
         <name>.text</name>
         <load_address>0x37c8</load_address>
         <run_address>0x37c8</run_address>
         <size>0x20</size>
         <input_file_ref idref="fl-d3"/>
      </object_component>
      <object_component id="oc-221">
         <name>.text</name>
         <load_address>0x37e8</load_address>
         <run_address>0x37e8</run_address>
         <size>0x1c</size>
         <input_file_ref idref="fl-e2"/>
      </object_component>
      <object_component id="oc-15c">
         <name>.text:CS_getMCLK</name>
         <load_address>0x3804</load_address>
         <run_address>0x3804</run_address>
         <size>0x18</size>
         <input_file_ref idref="fl-ea"/>
      </object_component>
      <object_component id="oc-156">
         <name>.text:CS_getSMCLK</name>
         <load_address>0x381c</load_address>
         <run_address>0x381c</run_address>
         <size>0x18</size>
         <input_file_ref idref="fl-ea"/>
      </object_component>
      <object_component id="oc-be">
         <name>.text:GPIO_setOutputLowOnPin</name>
         <load_address>0x3834</load_address>
         <run_address>0x3834</run_address>
         <size>0x18</size>
         <input_file_ref idref="fl-eb"/>
      </object_component>
      <object_component id="oc-65">
         <name>.text</name>
         <load_address>0x384c</load_address>
         <run_address>0x384c</run_address>
         <size>0x18</size>
         <input_file_ref idref="fl-d6"/>
      </object_component>
      <object_component id="oc-215">
         <name>.text</name>
         <load_address>0x3864</load_address>
         <run_address>0x3864</run_address>
         <size>0x16</size>
         <input_file_ref idref="fl-e6"/>
      </object_component>
      <object_component id="oc-14a">
         <name>.text:CS_setExternalClockSourceFrequency</name>
         <load_address>0x387c</load_address>
         <run_address>0x387c</run_address>
         <size>0x14</size>
         <input_file_ref idref="fl-ea"/>
      </object_component>
      <object_component id="oc-134">
         <name>.text</name>
         <load_address>0x3890</load_address>
         <run_address>0x3890</run_address>
         <size>0x14</size>
         <input_file_ref idref="fl-d4"/>
      </object_component>
      <object_component id="oc-2a3">
         <name>.text</name>
         <load_address>0x38a4</load_address>
         <run_address>0x38a4</run_address>
         <size>0x14</size>
         <input_file_ref idref="fl-e9"/>
      </object_component>
      <object_component id="oc-1d8">
         <name>.text</name>
         <load_address>0x38b8</load_address>
         <run_address>0x38b8</run_address>
         <size>0x14</size>
         <input_file_ref idref="fl-d2"/>
      </object_component>
      <object_component id="oc-25d">
         <name>.text:SysCtl_disableNMISource</name>
         <load_address>0x38cc</load_address>
         <run_address>0x38cc</run_address>
         <size>0x10</size>
         <input_file_ref idref="fl-ed"/>
      </object_component>
      <object_component id="oc-269">
         <name>.text:SysCtl_enableNMISource</name>
         <load_address>0x38dc</load_address>
         <run_address>0x38dc</run_address>
         <size>0x10</size>
         <input_file_ref idref="fl-ed"/>
      </object_component>
      <object_component id="oc-1a">
         <name>.text:decompress:none</name>
         <load_address>0x38ec</load_address>
         <run_address>0x38ec</run_address>
         <size>0xe</size>
         <input_file_ref idref="fl-c7"/>
      </object_component>
      <object_component id="oc-75">
         <name>.text</name>
         <load_address>0x38fa</load_address>
         <run_address>0x38fa</run_address>
         <size>0xe</size>
         <input_file_ref idref="fl-8"/>
      </object_component>
      <object_component id="oc-257">
         <name>.text:SysCtl_getNMISourceStatus</name>
         <load_address>0x3908</load_address>
         <run_address>0x3908</run_address>
         <size>0xc</size>
         <input_file_ref idref="fl-ed"/>
      </object_component>
      <object_component id="oc-20">
         <name>.text:decompress:ZI</name>
         <load_address>0x3914</load_address>
         <run_address>0x3914</run_address>
         <size>0xc</size>
         <input_file_ref idref="fl-c8"/>
      </object_component>
      <object_component id="oc-150">
         <name>.text:CS_startHFXT</name>
         <load_address>0x3920</load_address>
         <run_address>0x3920</run_address>
         <size>0x6</size>
         <input_file_ref idref="fl-ea"/>
      </object_component>
      <object_component id="oc-59">
         <name>.text</name>
         <load_address>0x3926</load_address>
         <run_address>0x3926</run_address>
         <size>0x4</size>
         <input_file_ref idref="fl-cf"/>
      </object_component>
      <object_component id="oc-2b0">
         <name>.const:.string:_ctypes_</name>
         <load_address>0x392c</load_address>
         <run_address>0x392c</run_address>
         <size>0x101</size>
         <input_file_ref idref="fl-da"/>
      </object_component>
      <object_component id="oc-18f">
         <name>.const:.string:uch_spo2_table</name>
         <load_address>0x3a2d</load_address>
         <run_address>0x3a2d</run_address>
         <size>0xb8</size>
         <input_file_ref idref="fl-3"/>
      </object_component>
      <object_component id="oc-189">
         <name>.const:auw_hamm</name>
         <load_address>0x3ae6</load_address>
         <run_address>0x3ae6</run_address>
         <size>0x3e</size>
         <input_file_ref idref="fl-3"/>
      </object_component>
      <object_component id="oc-167">
         <name>.const:uartConfig</name>
         <load_address>0x3b24</load_address>
         <run_address>0x3b24</run_address>
         <size>0x24</size>
         <input_file_ref idref="fl-5"/>
      </object_component>
      <object_component id="oc-317">
         <name>.cinit..data.load</name>
         <load_address>0x3b48</load_address>
         <run_address>0x3b48</run_address>
         <size>0x57</size>
      </object_component>
      <object_component id="oc-315">
         <name>__TI_handler_table</name>
         <load_address>0x3ba0</load_address>
         <run_address>0x3ba0</run_address>
         <size>0xc</size>
      </object_component>
      <object_component id="oc-318">
         <name>.cinit..bss.load</name>
         <load_address>0x3bb0</load_address>
         <run_address>0x3bb0</run_address>
         <size>0x8</size>
      </object_component>
      <object_component id="oc-316">
         <name>__TI_cinit_table</name>
         <load_address>0x3bb8</load_address>
         <run_address>0x3bb8</run_address>
         <size>0x10</size>
      </object_component>
      <object_component id="oc-2f2">
         <name>.binit</name>
         <load_address>0x0</load_address>
         <run_address>0x0</run_address>
         <size>0x0</size>
      </object_component>
      <object_component id="oc-f4">
         <name>.data</name>
         <load_address>0x20002850</load_address>
         <run_address>0x20002850</run_address>
         <size>0x20</size>
         <input_file_ref idref="fl-6"/>
      </object_component>
      <object_component id="oc-140">
         <name>.data</name>
         <load_address>0x2000288c</load_address>
         <run_address>0x2000288c</run_address>
         <size>0x4</size>
         <input_file_ref idref="fl-9"/>
      </object_component>
      <object_component id="oc-ac">
         <name>.data:$O1$$</name>
         <load_address>0x20002870</load_address>
         <run_address>0x20002870</run_address>
         <size>0xc</size>
         <input_file_ref idref="fl-c9"/>
      </object_component>
      <object_component id="oc-71">
         <name>.data</name>
         <load_address>0x20002888</load_address>
         <run_address>0x20002888</run_address>
         <size>0x4</size>
         <input_file_ref idref="fl-d1"/>
      </object_component>
      <object_component id="oc-af">
         <name>.data:$O1$$</name>
         <load_address>0x2000287c</load_address>
         <run_address>0x2000287c</run_address>
         <size>0x8</size>
         <input_file_ref idref="fl-d4"/>
      </object_component>
      <object_component id="oc-179">
         <name>.data:_ftable</name>
         <load_address>0x20002730</load_address>
         <run_address>0x20002730</run_address>
         <size>0xf0</size>
         <input_file_ref idref="fl-db"/>
      </object_component>
      <object_component id="oc-2a9">
         <name>.data</name>
         <load_address>0x20002884</load_address>
         <run_address>0x20002884</run_address>
         <size>0x4</size>
         <input_file_ref idref="fl-e8"/>
      </object_component>
      <object_component id="oc-144">
         <name>.data:GPIO_PORT_TO_BASE</name>
         <load_address>0x20002820</load_address>
         <run_address>0x20002820</run_address>
         <size>0x30</size>
         <input_file_ref idref="fl-eb"/>
      </object_component>
      <object_component id="oc-186">
         <name>.bss:an_dx</name>
         <uninitialized>true</uninitialized>
         <run_address>0x20001f40</run_address>
         <size>0x7c0</size>
         <input_file_ref idref="fl-3"/>
      </object_component>
      <object_component id="oc-183">
         <name>.bss:an_x</name>
         <uninitialized>true</uninitialized>
         <run_address>0x20000000</run_address>
         <size>0x7d0</size>
         <input_file_ref idref="fl-3"/>
      </object_component>
      <object_component id="oc-18c">
         <name>.bss:an_y</name>
         <uninitialized>true</uninitialized>
         <run_address>0x200007d0</run_address>
         <size>0x7d0</size>
         <input_file_ref idref="fl-3"/>
      </object_component>
      <object_component id="oc-162">
         <name>.common:g_SMCLKfreq</name>
         <uninitialized>true</uninitialized>
         <run_address>0x20002704</run_address>
         <size>0x4</size>
      </object_component>
      <object_component id="oc-165">
         <name>.common:g_MCLKfreq</name>
         <uninitialized>true</uninitialized>
         <run_address>0x20002700</run_address>
         <size>0x4</size>
      </object_component>
      <object_component id="oc-10b">
         <name>.common:aun_ir_buffer</name>
         <uninitialized>true</uninitialized>
         <run_address>0x20000fa0</run_address>
         <size>0x7d0</size>
      </object_component>
      <object_component id="oc-f3">
         <name>.common:n_ir_buffer_length</name>
         <uninitialized>true</uninitialized>
         <run_address>0x20002718</run_address>
         <size>0x4</size>
      </object_component>
      <object_component id="oc-f7">
         <name>.common:aun_red_buffer</name>
         <uninitialized>true</uninitialized>
         <run_address>0x20001770</run_address>
         <size>0x7d0</size>
      </object_component>
      <object_component id="oc-fb">
         <name>.common:n_sp02</name>
         <uninitialized>true</uninitialized>
         <run_address>0x2000271c</run_address>
         <size>0x4</size>
      </object_component>
      <object_component id="oc-f8">
         <name>.common:ch_spo2_valid</name>
         <uninitialized>true</uninitialized>
         <run_address>0x2000272d</run_address>
         <size>0x1</size>
      </object_component>
      <object_component id="oc-f9">
         <name>.common:n_heart_rate</name>
         <uninitialized>true</uninitialized>
         <run_address>0x20002714</run_address>
         <size>0x4</size>
      </object_component>
      <object_component id="oc-fa">
         <name>.common:ch_hr_valid</name>
         <uninitialized>true</uninitialized>
         <run_address>0x2000272c</run_address>
         <size>0x1</size>
      </object_component>
      <object_component id="oc-f1">
         <name>.common:un_min</name>
         <uninitialized>true</uninitialized>
         <run_address>0x20002724</run_address>
         <size>0x4</size>
      </object_component>
      <object_component id="oc-f2">
         <name>.common:un_max</name>
         <uninitialized>true</uninitialized>
         <run_address>0x20002720</run_address>
         <size>0x4</size>
      </object_component>
      <object_component id="oc-10c">
         <name>.common:un_prev_data</name>
         <uninitialized>true</uninitialized>
         <run_address>0x20002728</run_address>
         <size>0x4</size>
      </object_component>
      <object_component id="oc-ee">
         <name>.common:n_brightness</name>
         <uninitialized>true</uninitialized>
         <run_address>0x20002710</run_address>
         <size>0x4</size>
      </object_component>
      <object_component id="oc-1c2">
         <name>.common:hfxtFreq</name>
         <uninitialized>true</uninitialized>
         <run_address>0x20002708</run_address>
         <size>0x4</size>
      </object_component>
      <object_component id="oc-1bf">
         <name>.common:lfxtFreq</name>
         <uninitialized>true</uninitialized>
         <run_address>0x2000270c</run_address>
         <size>0x4</size>
      </object_component>
      <object_component id="oc-2f">
         <name>.stack</name>
         <uninitialized>true</uninitialized>
         <run_address>0x2000fe00</run_address>
         <size>0x0</size>
         <input_file_ref idref="fl-c5"/>
      </object_component>
      <object_component id="oc-319">
         <name>.stack</name>
         <uninitialized>true</uninitialized>
         <run_address>0x2000fe00</run_address>
         <size>0x0</size>
      </object_component>
      <object_component id="oc-24f">
         <name>.debug_info</name>
         <load_address>0x0</load_address>
         <run_address>0x0</run_address>
         <size>0x392</size>
         <input_file_ref idref="fl-2"/>
      </object_component>
      <object_component id="oc-dd">
         <name>.debug_info</name>
         <load_address>0x392</load_address>
         <run_address>0x392</run_address>
         <size>0x1be</size>
         <input_file_ref idref="fl-2"/>
      </object_component>
      <object_component id="oc-19b">
         <name>.debug_info</name>
         <load_address>0x550</load_address>
         <run_address>0x550</run_address>
         <size>0x1055</size>
         <input_file_ref idref="fl-2"/>
      </object_component>
      <object_component id="oc-196">
         <name>.debug_info</name>
         <load_address>0x15a5</load_address>
         <run_address>0x15a5</run_address>
         <size>0x37cd</size>
         <input_file_ref idref="fl-2"/>
      </object_component>
      <object_component id="oc-252">
         <name>.debug_info</name>
         <load_address>0x4d72</load_address>
         <run_address>0x4d72</run_address>
         <size>0x1b5</size>
         <input_file_ref idref="fl-2"/>
      </object_component>
      <object_component id="oc-10e">
         <name>.debug_info</name>
         <load_address>0x4f27</load_address>
         <run_address>0x4f27</run_address>
         <size>0x8b</size>
         <input_file_ref idref="fl-2"/>
      </object_component>
      <object_component id="oc-113">
         <name>.debug_info</name>
         <load_address>0x4fb2</load_address>
         <run_address>0x4fb2</run_address>
         <size>0x18b</size>
         <input_file_ref idref="fl-2"/>
      </object_component>
      <object_component id="oc-93">
         <name>.debug_info</name>
         <load_address>0x513d</load_address>
         <run_address>0x513d</run_address>
         <size>0x2c</size>
         <input_file_ref idref="fl-2"/>
      </object_component>
      <object_component id="oc-285">
         <name>.debug_info</name>
         <load_address>0x5169</load_address>
         <run_address>0x5169</run_address>
         <size>0xee</size>
         <input_file_ref idref="fl-2"/>
      </object_component>
      <object_component id="oc-193">
         <name>.debug_info</name>
         <load_address>0x5257</load_address>
         <run_address>0x5257</run_address>
         <size>0x424</size>
         <input_file_ref idref="fl-3"/>
      </object_component>
      <object_component id="oc-18a">
         <name>.debug_info</name>
         <load_address>0x567b</load_address>
         <run_address>0x567b</run_address>
         <size>0xe2</size>
         <input_file_ref idref="fl-3"/>
      </object_component>
      <object_component id="oc-190">
         <name>.debug_info</name>
         <load_address>0x575d</load_address>
         <run_address>0x575d</run_address>
         <size>0xee</size>
         <input_file_ref idref="fl-3"/>
      </object_component>
      <object_component id="oc-187">
         <name>.debug_info</name>
         <load_address>0x584b</load_address>
         <run_address>0x584b</run_address>
         <size>0xdb</size>
         <input_file_ref idref="fl-3"/>
      </object_component>
      <object_component id="oc-184">
         <name>.debug_info</name>
         <load_address>0x5926</load_address>
         <run_address>0x5926</run_address>
         <size>0xd9</size>
         <input_file_ref idref="fl-3"/>
      </object_component>
      <object_component id="oc-18d">
         <name>.debug_info</name>
         <load_address>0x59ff</load_address>
         <run_address>0x59ff</run_address>
         <size>0xd9</size>
         <input_file_ref idref="fl-3"/>
      </object_component>
      <object_component id="oc-e9">
         <name>.debug_info</name>
         <load_address>0x5ad8</load_address>
         <run_address>0x5ad8</run_address>
         <size>0xd51</size>
         <input_file_ref idref="fl-3"/>
      </object_component>
      <object_component id="oc-36">
         <name>.debug_info</name>
         <load_address>0x6829</load_address>
         <run_address>0x6829</run_address>
         <size>0x84</size>
         <input_file_ref idref="fl-3"/>
      </object_component>
      <object_component id="oc-163">
         <name>.debug_info</name>
         <load_address>0x68ad</load_address>
         <run_address>0x68ad</run_address>
         <size>0x4e5</size>
         <input_file_ref idref="fl-4"/>
      </object_component>
      <object_component id="oc-cb">
         <name>.debug_info</name>
         <load_address>0x6d92</load_address>
         <run_address>0x6d92</run_address>
         <size>0x212</size>
         <input_file_ref idref="fl-4"/>
      </object_component>
      <object_component id="oc-28e">
         <name>.debug_info</name>
         <load_address>0x6fa4</load_address>
         <run_address>0x6fa4</run_address>
         <size>0xc8</size>
         <input_file_ref idref="fl-4"/>
      </object_component>
      <object_component id="oc-17e">
         <name>.debug_info</name>
         <load_address>0x706c</load_address>
         <run_address>0x706c</run_address>
         <size>0x4e</size>
         <input_file_ref idref="fl-4"/>
      </object_component>
      <object_component id="oc-1d7">
         <name>.debug_info</name>
         <load_address>0x70ba</load_address>
         <run_address>0x70ba</run_address>
         <size>0x3b1</size>
         <input_file_ref idref="fl-5"/>
      </object_component>
      <object_component id="oc-168">
         <name>.debug_info</name>
         <load_address>0x746b</load_address>
         <run_address>0x746b</run_address>
         <size>0xe2</size>
         <input_file_ref idref="fl-5"/>
      </object_component>
      <object_component id="oc-d3">
         <name>.debug_info</name>
         <load_address>0x754d</load_address>
         <run_address>0x754d</run_address>
         <size>0x130</size>
         <input_file_ref idref="fl-5"/>
      </object_component>
      <object_component id="oc-ef">
         <name>.debug_info</name>
         <load_address>0x767d</load_address>
         <run_address>0x767d</run_address>
         <size>0x79c</size>
         <input_file_ref idref="fl-6"/>
      </object_component>
      <object_component id="oc-f5">
         <name>.debug_info</name>
         <load_address>0x7e19</load_address>
         <run_address>0x7e19</run_address>
         <size>0x1d9</size>
         <input_file_ref idref="fl-6"/>
      </object_component>
      <object_component id="oc-7c">
         <name>.debug_info</name>
         <load_address>0x7ff2</load_address>
         <run_address>0x7ff2</run_address>
         <size>0x420</size>
         <input_file_ref idref="fl-6"/>
      </object_component>
      <object_component id="oc-1df">
         <name>.debug_info</name>
         <load_address>0x8412</load_address>
         <run_address>0x8412</run_address>
         <size>0x40f</size>
         <input_file_ref idref="fl-7"/>
      </object_component>
      <object_component id="oc-16e">
         <name>.debug_info</name>
         <load_address>0x8821</load_address>
         <run_address>0x8821</run_address>
         <size>0x1fd</size>
         <input_file_ref idref="fl-7"/>
      </object_component>
      <object_component id="oc-83">
         <name>.debug_info</name>
         <load_address>0x8a1e</load_address>
         <run_address>0x8a1e</run_address>
         <size>0x128</size>
         <input_file_ref idref="fl-8"/>
      </object_component>
      <object_component id="oc-2d">
         <name>.debug_info</name>
         <load_address>0x8b46</load_address>
         <run_address>0x8b46</run_address>
         <size>0x100</size>
         <input_file_ref idref="fl-8"/>
      </object_component>
      <object_component id="oc-77">
         <name>.debug_info</name>
         <load_address>0x8c46</load_address>
         <run_address>0x8c46</run_address>
         <size>0x1c7</size>
         <input_file_ref idref="fl-8"/>
      </object_component>
      <object_component id="oc-141">
         <name>.debug_info</name>
         <load_address>0x8e0d</load_address>
         <run_address>0x8e0d</run_address>
         <size>0xf9</size>
         <input_file_ref idref="fl-9"/>
      </object_component>
      <object_component id="oc-bb">
         <name>.debug_info</name>
         <load_address>0x8f06</load_address>
         <run_address>0x8f06</run_address>
         <size>0x26b</size>
         <input_file_ref idref="fl-9"/>
      </object_component>
      <object_component id="oc-da">
         <name>.debug_info</name>
         <load_address>0x9171</load_address>
         <run_address>0x9171</run_address>
         <size>0x221</size>
         <input_file_ref idref="fl-a"/>
      </object_component>
      <object_component id="oc-27">
         <name>.debug_info</name>
         <load_address>0x9392</load_address>
         <run_address>0x9392</run_address>
         <size>0x160</size>
         <input_file_ref idref="fl-c5"/>
      </object_component>
      <object_component id="oc-89">
         <name>.debug_info</name>
         <load_address>0x94f2</load_address>
         <run_address>0x94f2</run_address>
         <size>0xf9</size>
         <input_file_ref idref="fl-c6"/>
      </object_component>
      <object_component id="oc-18">
         <name>.debug_info</name>
         <load_address>0x95eb</load_address>
         <run_address>0x95eb</run_address>
         <size>0x245</size>
         <input_file_ref idref="fl-c6"/>
      </object_component>
      <object_component id="oc-31">
         <name>.debug_info</name>
         <load_address>0x9830</load_address>
         <run_address>0x9830</run_address>
         <size>0x60</size>
         <input_file_ref idref="fl-c6"/>
      </object_component>
      <object_component id="oc-84">
         <name>.debug_info</name>
         <load_address>0x9890</load_address>
         <run_address>0x9890</run_address>
         <size>0x46</size>
         <input_file_ref idref="fl-c6"/>
      </object_component>
      <object_component id="oc-46">
         <name>.debug_info</name>
         <load_address>0x98d6</load_address>
         <run_address>0x98d6</run_address>
         <size>0x140</size>
         <input_file_ref idref="fl-c7"/>
      </object_component>
      <object_component id="oc-1c">
         <name>.debug_info</name>
         <load_address>0x9a16</load_address>
         <run_address>0x9a16</run_address>
         <size>0x1df</size>
         <input_file_ref idref="fl-c7"/>
      </object_component>
      <object_component id="oc-41">
         <name>.debug_info</name>
         <load_address>0x9bf5</load_address>
         <run_address>0x9bf5</run_address>
         <size>0x46</size>
         <input_file_ref idref="fl-c7"/>
      </object_component>
      <object_component id="oc-8b">
         <name>.debug_info</name>
         <load_address>0x9c3b</load_address>
         <run_address>0x9c3b</run_address>
         <size>0x2c</size>
         <input_file_ref idref="fl-c7"/>
      </object_component>
      <object_component id="oc-52">
         <name>.debug_info</name>
         <load_address>0x9c67</load_address>
         <run_address>0x9c67</run_address>
         <size>0x12f</size>
         <input_file_ref idref="fl-c8"/>
      </object_component>
      <object_component id="oc-24">
         <name>.debug_info</name>
         <load_address>0x9d96</load_address>
         <run_address>0x9d96</run_address>
         <size>0x1aa</size>
         <input_file_ref idref="fl-c8"/>
      </object_component>
      <object_component id="oc-4d">
         <name>.debug_info</name>
         <load_address>0x9f40</load_address>
         <run_address>0x9f40</run_address>
         <size>0x46</size>
         <input_file_ref idref="fl-c8"/>
      </object_component>
      <object_component id="oc-b3">
         <name>.debug_info</name>
         <load_address>0x9f86</load_address>
         <run_address>0x9f86</run_address>
         <size>0x234</size>
         <input_file_ref idref="fl-c9"/>
      </object_component>
      <object_component id="oc-ad">
         <name>.debug_info</name>
         <load_address>0xa1ba</load_address>
         <run_address>0xa1ba</run_address>
         <size>0x185</size>
         <input_file_ref idref="fl-c9"/>
      </object_component>
      <object_component id="oc-6f">
         <name>.debug_info</name>
         <load_address>0xa33f</load_address>
         <run_address>0xa33f</run_address>
         <size>0x214</size>
         <input_file_ref idref="fl-c9"/>
      </object_component>
      <object_component id="oc-102">
         <name>.debug_info</name>
         <load_address>0xa553</load_address>
         <run_address>0xa553</run_address>
         <size>0x132</size>
         <input_file_ref idref="fl-ca"/>
      </object_component>
      <object_component id="oc-108">
         <name>.debug_info</name>
         <load_address>0xa685</load_address>
         <run_address>0xa685</run_address>
         <size>0x136</size>
         <input_file_ref idref="fl-cb"/>
      </object_component>
      <object_component id="oc-3e">
         <name>.debug_info</name>
         <load_address>0xa7bb</load_address>
         <run_address>0xa7bb</run_address>
         <size>0x111</size>
         <input_file_ref idref="fl-cc"/>
      </object_component>
      <object_component id="oc-4a">
         <name>.debug_info</name>
         <load_address>0xa8cc</load_address>
         <run_address>0xa8cc</run_address>
         <size>0x13f</size>
         <input_file_ref idref="fl-cd"/>
      </object_component>
      <object_component id="oc-55">
         <name>.debug_info</name>
         <load_address>0xaa0b</load_address>
         <run_address>0xaa0b</run_address>
         <size>0x138</size>
         <input_file_ref idref="fl-ce"/>
      </object_component>
      <object_component id="oc-5d">
         <name>.debug_info</name>
         <load_address>0xab43</load_address>
         <run_address>0xab43</run_address>
         <size>0x148</size>
         <input_file_ref idref="fl-cf"/>
      </object_component>
      <object_component id="oc-17d">
         <name>.debug_info</name>
         <load_address>0xac8b</load_address>
         <run_address>0xac8b</run_address>
         <size>0x22c</size>
         <input_file_ref idref="fl-d0"/>
      </object_component>
      <object_component id="oc-e6">
         <name>.debug_info</name>
         <load_address>0xaeb7</load_address>
         <run_address>0xaeb7</run_address>
         <size>0x284</size>
         <input_file_ref idref="fl-d0"/>
      </object_component>
      <object_component id="oc-23e">
         <name>.debug_info</name>
         <load_address>0xb13b</load_address>
         <run_address>0xb13b</run_address>
         <size>0xae</size>
         <input_file_ref idref="fl-d0"/>
      </object_component>
      <object_component id="oc-72">
         <name>.debug_info</name>
         <load_address>0xb1e9</load_address>
         <run_address>0xb1e9</run_address>
         <size>0x109</size>
         <input_file_ref idref="fl-d1"/>
      </object_component>
      <object_component id="oc-28b">
         <name>.debug_info</name>
         <load_address>0xb2f2</load_address>
         <run_address>0xb2f2</run_address>
         <size>0xea</size>
         <input_file_ref idref="fl-d2"/>
      </object_component>
      <object_component id="oc-1da">
         <name>.debug_info</name>
         <load_address>0xb3dc</load_address>
         <run_address>0xb3dc</run_address>
         <size>0x22a</size>
         <input_file_ref idref="fl-d2"/>
      </object_component>
      <object_component id="oc-fe">
         <name>.debug_info</name>
         <load_address>0xb606</load_address>
         <run_address>0xb606</run_address>
         <size>0x126</size>
         <input_file_ref idref="fl-d3"/>
      </object_component>
      <object_component id="oc-13c">
         <name>.debug_info</name>
         <load_address>0xb72c</load_address>
         <run_address>0xb72c</run_address>
         <size>0x124</size>
         <input_file_ref idref="fl-d4"/>
      </object_component>
      <object_component id="oc-b0">
         <name>.debug_info</name>
         <load_address>0xb850</load_address>
         <run_address>0xb850</run_address>
         <size>0x113</size>
         <input_file_ref idref="fl-d4"/>
      </object_component>
      <object_component id="oc-135">
         <name>.debug_info</name>
         <load_address>0xb963</load_address>
         <run_address>0xb963</run_address>
         <size>0x21f</size>
         <input_file_ref idref="fl-d4"/>
      </object_component>
      <object_component id="oc-228">
         <name>.debug_info</name>
         <load_address>0xbb82</load_address>
         <run_address>0xbb82</run_address>
         <size>0x385</size>
         <input_file_ref idref="fl-d5"/>
      </object_component>
      <object_component id="oc-177">
         <name>.debug_info</name>
         <load_address>0xbf07</load_address>
         <run_address>0xbf07</run_address>
         <size>0x1543</size>
         <input_file_ref idref="fl-d5"/>
      </object_component>
      <object_component id="oc-229">
         <name>.debug_info</name>
         <load_address>0xd44a</load_address>
         <run_address>0xd44a</run_address>
         <size>0x86</size>
         <input_file_ref idref="fl-d5"/>
      </object_component>
      <object_component id="oc-233">
         <name>.debug_info</name>
         <load_address>0xd4d0</load_address>
         <run_address>0xd4d0</run_address>
         <size>0x2c</size>
         <input_file_ref idref="fl-d5"/>
      </object_component>
      <object_component id="oc-2b9">
         <name>.debug_info</name>
         <load_address>0xd4fc</load_address>
         <run_address>0xd4fc</run_address>
         <size>0x46</size>
         <input_file_ref idref="fl-d5"/>
      </object_component>
      <object_component id="oc-22e">
         <name>.debug_info</name>
         <load_address>0xd542</load_address>
         <run_address>0xd542</run_address>
         <size>0x39</size>
         <input_file_ref idref="fl-d5"/>
      </object_component>
      <object_component id="oc-ab">
         <name>.debug_info</name>
         <load_address>0xd57b</load_address>
         <run_address>0xd57b</run_address>
         <size>0x166</size>
         <input_file_ref idref="fl-d6"/>
      </object_component>
      <object_component id="oc-69">
         <name>.debug_info</name>
         <load_address>0xd6e1</load_address>
         <run_address>0xd6e1</run_address>
         <size>0x167</size>
         <input_file_ref idref="fl-d6"/>
      </object_component>
      <object_component id="oc-12d">
         <name>.debug_info</name>
         <load_address>0xd848</load_address>
         <run_address>0xd848</run_address>
         <size>0x5e</size>
         <input_file_ref idref="fl-d6"/>
      </object_component>
      <object_component id="oc-2b4">
         <name>.debug_info</name>
         <load_address>0xd8a6</load_address>
         <run_address>0xd8a6</run_address>
         <size>0x114</size>
         <input_file_ref idref="fl-d7"/>
      </object_component>
      <object_component id="oc-21f">
         <name>.debug_info</name>
         <load_address>0xd9ba</load_address>
         <run_address>0xd9ba</run_address>
         <size>0x171</size>
         <input_file_ref idref="fl-d7"/>
      </object_component>
      <object_component id="oc-a9">
         <name>.debug_info</name>
         <load_address>0xdb2b</load_address>
         <run_address>0xdb2b</run_address>
         <size>0x2e9</size>
         <input_file_ref idref="fl-d8"/>
      </object_component>
      <object_component id="oc-62">
         <name>.debug_info</name>
         <load_address>0xde14</load_address>
         <run_address>0xde14</run_address>
         <size>0x190</size>
         <input_file_ref idref="fl-d8"/>
      </object_component>
      <object_component id="oc-121">
         <name>.debug_info</name>
         <load_address>0xdfa4</load_address>
         <run_address>0xdfa4</run_address>
         <size>0x39</size>
         <input_file_ref idref="fl-d8"/>
      </object_component>
      <object_component id="oc-1ac">
         <name>.debug_info</name>
         <load_address>0xdfdd</load_address>
         <run_address>0xdfdd</run_address>
         <size>0x39</size>
         <input_file_ref idref="fl-d8"/>
      </object_component>
      <object_component id="oc-126">
         <name>.debug_info</name>
         <load_address>0xe016</load_address>
         <run_address>0xe016</run_address>
         <size>0xcd</size>
         <input_file_ref idref="fl-d8"/>
      </object_component>
      <object_component id="oc-11d">
         <name>.debug_info</name>
         <load_address>0xe0e3</load_address>
         <run_address>0xe0e3</run_address>
         <size>0x1e0</size>
         <input_file_ref idref="fl-d9"/>
      </object_component>
      <object_component id="oc-9f">
         <name>.debug_info</name>
         <load_address>0xe2c3</load_address>
         <run_address>0xe2c3</run_address>
         <size>0x183</size>
         <input_file_ref idref="fl-d9"/>
      </object_component>
      <object_component id="oc-1a7">
         <name>.debug_info</name>
         <load_address>0xe446</load_address>
         <run_address>0xe446</run_address>
         <size>0x2c</size>
         <input_file_ref idref="fl-d9"/>
      </object_component>
      <object_component id="oc-2e5">
         <name>.debug_info</name>
         <load_address>0xe472</load_address>
         <run_address>0xe472</run_address>
         <size>0xee</size>
         <input_file_ref idref="fl-da"/>
      </object_component>
      <object_component id="oc-2b1">
         <name>.debug_info</name>
         <load_address>0xe560</load_address>
         <run_address>0xe560</run_address>
         <size>0xfa</size>
         <input_file_ref idref="fl-da"/>
      </object_component>
      <object_component id="oc-23a">
         <name>.debug_info</name>
         <load_address>0xe65a</load_address>
         <run_address>0xe65a</run_address>
         <size>0x139</size>
         <input_file_ref idref="fl-db"/>
      </object_component>
      <object_component id="oc-17a">
         <name>.debug_info</name>
         <load_address>0xe793</load_address>
         <run_address>0xe793</run_address>
         <size>0xf7</size>
         <input_file_ref idref="fl-db"/>
      </object_component>
      <object_component id="oc-206">
         <name>.debug_info</name>
         <load_address>0xe88a</load_address>
         <run_address>0xe88a</run_address>
         <size>0x144</size>
         <input_file_ref idref="fl-dc"/>
      </object_component>
      <object_component id="oc-1e6">
         <name>.debug_info</name>
         <load_address>0xe9ce</load_address>
         <run_address>0xe9ce</run_address>
         <size>0x120</size>
         <input_file_ref idref="fl-dd"/>
      </object_component>
      <object_component id="oc-1f0">
         <name>.debug_info</name>
         <load_address>0xeaee</load_address>
         <run_address>0xeaee</run_address>
         <size>0x122</size>
         <input_file_ref idref="fl-dd"/>
      </object_component>
      <object_component id="oc-1eb">
         <name>.debug_info</name>
         <load_address>0xec10</load_address>
         <run_address>0xec10</run_address>
         <size>0x132</size>
         <input_file_ref idref="fl-de"/>
      </object_component>
      <object_component id="oc-1f7">
         <name>.debug_info</name>
         <load_address>0xed42</load_address>
         <run_address>0xed42</run_address>
         <size>0x126</size>
         <input_file_ref idref="fl-df"/>
      </object_component>
      <object_component id="oc-202">
         <name>.debug_info</name>
         <load_address>0xee68</load_address>
         <run_address>0xee68</run_address>
         <size>0x124</size>
         <input_file_ref idref="fl-e0"/>
      </object_component>
      <object_component id="oc-299">
         <name>.debug_info</name>
         <load_address>0xef8c</load_address>
         <run_address>0xef8c</run_address>
         <size>0x14c</size>
         <input_file_ref idref="fl-e1"/>
      </object_component>
      <object_component id="oc-1fb">
         <name>.debug_info</name>
         <load_address>0xf0d8</load_address>
         <run_address>0xf0d8</run_address>
         <size>0x1c2</size>
         <input_file_ref idref="fl-e1"/>
      </object_component>
      <object_component id="oc-2b6">
         <name>.debug_info</name>
         <load_address>0xf29a</load_address>
         <run_address>0xf29a</run_address>
         <size>0xf1</size>
         <input_file_ref idref="fl-e2"/>
      </object_component>
      <object_component id="oc-222">
         <name>.debug_info</name>
         <load_address>0xf38b</load_address>
         <run_address>0xf38b</run_address>
         <size>0x1ab</size>
         <input_file_ref idref="fl-e2"/>
      </object_component>
      <object_component id="oc-29d">
         <name>.debug_info</name>
         <load_address>0xf536</load_address>
         <run_address>0xf536</run_address>
         <size>0x13f</size>
         <input_file_ref idref="fl-e3"/>
      </object_component>
      <object_component id="oc-20b">
         <name>.debug_info</name>
         <load_address>0xf675</load_address>
         <run_address>0xf675</run_address>
         <size>0x18a</size>
         <input_file_ref idref="fl-e3"/>
      </object_component>
      <object_component id="oc-29e">
         <name>.debug_info</name>
         <load_address>0xf7ff</load_address>
         <run_address>0xf7ff</run_address>
         <size>0x2c</size>
         <input_file_ref idref="fl-e3"/>
      </object_component>
      <object_component id="oc-2ad">
         <name>.debug_info</name>
         <load_address>0xf82b</load_address>
         <run_address>0xf82b</run_address>
         <size>0x17c</size>
         <input_file_ref idref="fl-e4"/>
      </object_component>
      <object_component id="oc-210">
         <name>.debug_info</name>
         <load_address>0xf9a7</load_address>
         <run_address>0xf9a7</run_address>
         <size>0x1d5</size>
         <input_file_ref idref="fl-e4"/>
      </object_component>
      <object_component id="oc-a3">
         <name>.debug_info</name>
         <load_address>0xfb7c</load_address>
         <run_address>0xfb7c</run_address>
         <size>0x145</size>
         <input_file_ref idref="fl-e5"/>
      </object_component>
      <object_component id="oc-2af">
         <name>.debug_info</name>
         <load_address>0xfcc1</load_address>
         <run_address>0xfcc1</run_address>
         <size>0xf5</size>
         <input_file_ref idref="fl-e6"/>
      </object_component>
      <object_component id="oc-216">
         <name>.debug_info</name>
         <load_address>0xfdb6</load_address>
         <run_address>0xfdb6</run_address>
         <size>0x244</size>
         <input_file_ref idref="fl-e6"/>
      </object_component>
      <object_component id="oc-1e2">
         <name>.debug_info</name>
         <load_address>0xfffa</load_address>
         <run_address>0xfffa</run_address>
         <size>0x17d</size>
         <input_file_ref idref="fl-e7"/>
      </object_component>
      <object_component id="oc-2aa">
         <name>.debug_info</name>
         <load_address>0x10177</load_address>
         <run_address>0x10177</run_address>
         <size>0xf3</size>
         <input_file_ref idref="fl-e8"/>
      </object_component>
      <object_component id="oc-2a5">
         <name>.debug_info</name>
         <load_address>0x1026a</load_address>
         <run_address>0x1026a</run_address>
         <size>0x156</size>
         <input_file_ref idref="fl-e9"/>
      </object_component>
      <object_component id="oc-1c0">
         <name>.debug_info</name>
         <load_address>0x103c0</load_address>
         <run_address>0x103c0</run_address>
         <size>0x5ef</size>
         <input_file_ref idref="fl-ea"/>
      </object_component>
      <object_component id="oc-265">
         <name>.debug_info</name>
         <load_address>0x109af</load_address>
         <run_address>0x109af</run_address>
         <size>0xfc</size>
         <input_file_ref idref="fl-ea"/>
      </object_component>
      <object_component id="oc-1c6">
         <name>.debug_info</name>
         <load_address>0x10aab</load_address>
         <run_address>0x10aab</run_address>
         <size>0x23c</size>
         <input_file_ref idref="fl-ea"/>
      </object_component>
      <object_component id="oc-152">
         <name>.debug_info</name>
         <load_address>0x10ce7</load_address>
         <run_address>0x10ce7</run_address>
         <size>0x122</size>
         <input_file_ref idref="fl-ea"/>
      </object_component>
      <object_component id="oc-14c">
         <name>.debug_info</name>
         <load_address>0x10e09</load_address>
         <run_address>0x10e09</run_address>
         <size>0x1dd</size>
         <input_file_ref idref="fl-ea"/>
      </object_component>
      <object_component id="oc-272">
         <name>.debug_info</name>
         <load_address>0x10fe6</load_address>
         <run_address>0x10fe6</run_address>
         <size>0x131</size>
         <input_file_ref idref="fl-ea"/>
      </object_component>
      <object_component id="oc-2ca">
         <name>.debug_info</name>
         <load_address>0x11117</load_address>
         <run_address>0x11117</run_address>
         <size>0x129</size>
         <input_file_ref idref="fl-ea"/>
      </object_component>
      <object_component id="oc-278">
         <name>.debug_info</name>
         <load_address>0x11240</load_address>
         <run_address>0x11240</run_address>
         <size>0x1dd</size>
         <input_file_ref idref="fl-ea"/>
      </object_component>
      <object_component id="oc-27e">
         <name>.debug_info</name>
         <load_address>0x1141d</load_address>
         <run_address>0x1141d</run_address>
         <size>0x120</size>
         <input_file_ref idref="fl-ea"/>
      </object_component>
      <object_component id="oc-1cd">
         <name>.debug_info</name>
         <load_address>0x1153d</load_address>
         <run_address>0x1153d</run_address>
         <size>0x1d8</size>
         <input_file_ref idref="fl-ea"/>
      </object_component>
      <object_component id="oc-158">
         <name>.debug_info</name>
         <load_address>0x11715</load_address>
         <run_address>0x11715</run_address>
         <size>0x132</size>
         <input_file_ref idref="fl-ea"/>
      </object_component>
      <object_component id="oc-15e">
         <name>.debug_info</name>
         <load_address>0x11847</load_address>
         <run_address>0x11847</run_address>
         <size>0x130</size>
         <input_file_ref idref="fl-ea"/>
      </object_component>
      <object_component id="oc-1ba">
         <name>.debug_info</name>
         <load_address>0x11977</load_address>
         <run_address>0x11977</run_address>
         <size>0x103e</size>
         <input_file_ref idref="fl-ea"/>
      </object_component>
      <object_component id="oc-148">
         <name>.debug_info</name>
         <load_address>0x129b5</load_address>
         <run_address>0x129b5</run_address>
         <size>0x4a4</size>
         <input_file_ref idref="fl-eb"/>
      </object_component>
      <object_component id="oc-145">
         <name>.debug_info</name>
         <load_address>0x12e59</load_address>
         <run_address>0x12e59</run_address>
         <size>0xd0</size>
         <input_file_ref idref="fl-eb"/>
      </object_component>
      <object_component id="oc-bf">
         <name>.debug_info</name>
         <load_address>0x12f29</load_address>
         <run_address>0x12f29</run_address>
         <size>0x183</size>
         <input_file_ref idref="fl-eb"/>
      </object_component>
      <object_component id="oc-c5">
         <name>.debug_info</name>
         <load_address>0x130ac</load_address>
         <run_address>0x130ac</run_address>
         <size>0x19c</size>
         <input_file_ref idref="fl-eb"/>
      </object_component>
      <object_component id="oc-2c4">
         <name>.debug_info</name>
         <load_address>0x13248</load_address>
         <run_address>0x13248</run_address>
         <size>0x379</size>
         <input_file_ref idref="fl-ed"/>
      </object_component>
      <object_component id="oc-2cf">
         <name>.debug_info</name>
         <load_address>0x135c1</load_address>
         <run_address>0x135c1</run_address>
         <size>0x1d6</size>
         <input_file_ref idref="fl-ed"/>
      </object_component>
      <object_component id="oc-258">
         <name>.debug_info</name>
         <load_address>0x13797</load_address>
         <run_address>0x13797</run_address>
         <size>0x10f</size>
         <input_file_ref idref="fl-ed"/>
      </object_component>
      <object_component id="oc-26a">
         <name>.debug_info</name>
         <load_address>0x138a6</load_address>
         <run_address>0x138a6</run_address>
         <size>0x12b</size>
         <input_file_ref idref="fl-ed"/>
      </object_component>
      <object_component id="oc-25e">
         <name>.debug_info</name>
         <load_address>0x139d1</load_address>
         <run_address>0x139d1</run_address>
         <size>0x12d</size>
         <input_file_ref idref="fl-ed"/>
      </object_component>
      <object_component id="oc-31a">
         <name>.debug_info</name>
         <load_address>0x13afe</load_address>
         <run_address>0x13afe</run_address>
         <size>0xaf</size>
      </object_component>
      <object_component id="oc-2c1">
         <name>.debug_line</name>
         <load_address>0x0</load_address>
         <run_address>0x0</run_address>
         <size>0x20</size>
         <input_file_ref idref="fl-2"/>
      </object_component>
      <object_component id="oc-e0">
         <name>.debug_line</name>
         <load_address>0x20</load_address>
         <run_address>0x20</run_address>
         <size>0x6c</size>
         <input_file_ref idref="fl-2"/>
      </object_component>
      <object_component id="oc-19e">
         <name>.debug_line</name>
         <load_address>0x8c</load_address>
         <run_address>0x8c</run_address>
         <size>0x55</size>
         <input_file_ref idref="fl-2"/>
      </object_component>
      <object_component id="oc-199">
         <name>.debug_line</name>
         <load_address>0xe1</load_address>
         <run_address>0xe1</run_address>
         <size>0x52</size>
         <input_file_ref idref="fl-2"/>
      </object_component>
      <object_component id="oc-255">
         <name>.debug_line</name>
         <load_address>0x133</load_address>
         <run_address>0x133</run_address>
         <size>0x6b</size>
         <input_file_ref idref="fl-2"/>
      </object_component>
      <object_component id="oc-111">
         <name>.debug_line</name>
         <load_address>0x19e</load_address>
         <run_address>0x19e</run_address>
         <size>0x20</size>
         <input_file_ref idref="fl-2"/>
      </object_component>
      <object_component id="oc-116">
         <name>.debug_line</name>
         <load_address>0x1be</load_address>
         <run_address>0x1be</run_address>
         <size>0x65</size>
         <input_file_ref idref="fl-2"/>
      </object_component>
      <object_component id="oc-96">
         <name>.debug_line</name>
         <load_address>0x223</load_address>
         <run_address>0x223</run_address>
         <size>0x65</size>
         <input_file_ref idref="fl-2"/>
      </object_component>
      <object_component id="oc-288">
         <name>.debug_line</name>
         <load_address>0x288</load_address>
         <run_address>0x288</run_address>
         <size>0x69</size>
         <input_file_ref idref="fl-2"/>
      </object_component>
      <object_component id="oc-24e">
         <name>.debug_line</name>
         <load_address>0x2f1</load_address>
         <run_address>0x2f1</run_address>
         <size>0x32</size>
         <input_file_ref idref="fl-3"/>
      </object_component>
      <object_component id="oc-248">
         <name>.debug_line</name>
         <load_address>0x323</load_address>
         <run_address>0x323</run_address>
         <size>0x32</size>
         <input_file_ref idref="fl-3"/>
      </object_component>
      <object_component id="oc-24c">
         <name>.debug_line</name>
         <load_address>0x355</load_address>
         <run_address>0x355</run_address>
         <size>0x32</size>
         <input_file_ref idref="fl-3"/>
      </object_component>
      <object_component id="oc-246">
         <name>.debug_line</name>
         <load_address>0x387</load_address>
         <run_address>0x387</run_address>
         <size>0x32</size>
         <input_file_ref idref="fl-3"/>
      </object_component>
      <object_component id="oc-244">
         <name>.debug_line</name>
         <load_address>0x3b9</load_address>
         <run_address>0x3b9</run_address>
         <size>0x32</size>
         <input_file_ref idref="fl-3"/>
      </object_component>
      <object_component id="oc-24a">
         <name>.debug_line</name>
         <load_address>0x3eb</load_address>
         <run_address>0x3eb</run_address>
         <size>0x32</size>
         <input_file_ref idref="fl-3"/>
      </object_component>
      <object_component id="oc-ec">
         <name>.debug_line</name>
         <load_address>0x41d</load_address>
         <run_address>0x41d</run_address>
         <size>0x346</size>
         <input_file_ref idref="fl-3"/>
      </object_component>
      <object_component id="oc-39">
         <name>.debug_line</name>
         <load_address>0x763</load_address>
         <run_address>0x763</run_address>
         <size>0x20</size>
         <input_file_ref idref="fl-3"/>
      </object_component>
      <object_component id="oc-1d4">
         <name>.debug_line</name>
         <load_address>0x783</load_address>
         <run_address>0x783</run_address>
         <size>0xb7</size>
         <input_file_ref idref="fl-4"/>
      </object_component>
      <object_component id="oc-cf">
         <name>.debug_line</name>
         <load_address>0x83a</load_address>
         <run_address>0x83a</run_address>
         <size>0x69</size>
         <input_file_ref idref="fl-4"/>
      </object_component>
      <object_component id="oc-291">
         <name>.debug_line</name>
         <load_address>0x8a3</load_address>
         <run_address>0x8a3</run_address>
         <size>0x64</size>
         <input_file_ref idref="fl-4"/>
      </object_component>
      <object_component id="oc-181">
         <name>.debug_line</name>
         <load_address>0x907</load_address>
         <run_address>0x907</run_address>
         <size>0x65</size>
         <input_file_ref idref="fl-4"/>
      </object_component>
      <object_component id="oc-284">
         <name>.debug_line</name>
         <load_address>0x96c</load_address>
         <run_address>0x96c</run_address>
         <size>0x2e</size>
         <input_file_ref idref="fl-5"/>
      </object_component>
      <object_component id="oc-1d6">
         <name>.debug_line</name>
         <load_address>0x99a</load_address>
         <run_address>0x99a</run_address>
         <size>0x2e</size>
         <input_file_ref idref="fl-5"/>
      </object_component>
      <object_component id="oc-d2">
         <name>.debug_line</name>
         <load_address>0x9c8</load_address>
         <run_address>0x9c8</run_address>
         <size>0x46</size>
         <input_file_ref idref="fl-5"/>
      </object_component>
      <object_component id="oc-195">
         <name>.debug_line</name>
         <load_address>0xa0e</load_address>
         <run_address>0xa0e</run_address>
         <size>0x102</size>
         <input_file_ref idref="fl-6"/>
      </object_component>
      <object_component id="oc-1a1">
         <name>.debug_line</name>
         <load_address>0xb10</load_address>
         <run_address>0xb10</run_address>
         <size>0x2d</size>
         <input_file_ref idref="fl-6"/>
      </object_component>
      <object_component id="oc-7f">
         <name>.debug_line</name>
         <load_address>0xb3d</load_address>
         <run_address>0xb3d</run_address>
         <size>0x169</size>
         <input_file_ref idref="fl-6"/>
      </object_component>
      <object_component id="oc-28d">
         <name>.debug_line</name>
         <load_address>0xca6</load_address>
         <run_address>0xca6</run_address>
         <size>0x65</size>
         <input_file_ref idref="fl-7"/>
      </object_component>
      <object_component id="oc-172">
         <name>.debug_line</name>
         <load_address>0xd0b</load_address>
         <run_address>0xd0b</run_address>
         <size>0x83</size>
         <input_file_ref idref="fl-7"/>
      </object_component>
      <object_component id="oc-119">
         <name>.debug_line</name>
         <load_address>0xd8e</load_address>
         <run_address>0xd8e</run_address>
         <size>0x40</size>
         <input_file_ref idref="fl-8"/>
      </object_component>
      <object_component id="oc-82">
         <name>.debug_line</name>
         <load_address>0xdce</load_address>
         <run_address>0xdce</run_address>
         <size>0x40</size>
         <input_file_ref idref="fl-8"/>
      </object_component>
      <object_component id="oc-76">
         <name>.debug_line</name>
         <load_address>0xe0e</load_address>
         <run_address>0xe0e</run_address>
         <size>0x71</size>
         <input_file_ref idref="fl-8"/>
      </object_component>
      <object_component id="oc-1b5">
         <name>.debug_line</name>
         <load_address>0xe7f</load_address>
         <run_address>0xe7f</run_address>
         <size>0x3b</size>
         <input_file_ref idref="fl-9"/>
      </object_component>
      <object_component id="oc-b9">
         <name>.debug_line</name>
         <load_address>0xeba</load_address>
         <run_address>0xeba</run_address>
         <size>0x146</size>
         <input_file_ref idref="fl-9"/>
      </object_component>
      <object_component id="oc-d7">
         <name>.debug_line</name>
         <load_address>0x1000</load_address>
         <run_address>0x1000</run_address>
         <size>0x5f</size>
         <input_file_ref idref="fl-a"/>
      </object_component>
      <object_component id="oc-2a">
         <name>.debug_line</name>
         <load_address>0x105f</load_address>
         <run_address>0x105f</run_address>
         <size>0x53</size>
         <input_file_ref idref="fl-c5"/>
      </object_component>
      <object_component id="oc-11b">
         <name>.debug_line</name>
         <load_address>0x10b2</load_address>
         <run_address>0x10b2</run_address>
         <size>0x20</size>
         <input_file_ref idref="fl-c6"/>
      </object_component>
      <object_component id="oc-16">
         <name>.debug_line</name>
         <load_address>0x10d2</load_address>
         <run_address>0x10d2</run_address>
         <size>0xa9</size>
         <input_file_ref idref="fl-c6"/>
      </object_component>
      <object_component id="oc-34">
         <name>.debug_line</name>
         <load_address>0x117b</load_address>
         <run_address>0x117b</run_address>
         <size>0x3a</size>
         <input_file_ref idref="fl-c6"/>
      </object_component>
      <object_component id="oc-87">
         <name>.debug_line</name>
[...]
      </symbol>
      <symbol id="sm-1bb">
         <name>normalizedADCRes</name>
         <value>0x20002858</value>
         <object_component_ref idref="oc-f4"/>
      </symbol>
      <symbol id="sm-1cf">
         <name>fputs</name>
         <value>0x333f</value>
         <object_component_ref idref="oc-16d"/>
      </symbol>
      <symbol id="sm-1d0">
         <name>fputc</name>
         <value>0x3321</value>
         <object_component_ref idref="oc-16d"/>
      </symbol>
      <symbol id="sm-1e5">
         <name>Reset_Handler</name>
         <value>0x38fb</value>
         <object_component_ref idref="oc-75"/>
      </symbol>
      <symbol id="sm-1e6">
         <name>Default_Handler</name>
         <value>0x3907</value>
         <object_component_ref idref="oc-75"/>
      </symbol>
      <symbol id="sm-1e7">
         <name>interruptVectors</name>
         <value>0x0</value>
         <object_component_ref idref="oc-2c"/>
      </symbol>
      <symbol id="sm-22d">
         <name>SystemInit</name>
         <value>0x2349</value>
         <object_component_ref idref="oc-b7"/>
      </symbol>
      <symbol id="sm-22e">
         <name>SystemCoreClockUpdate</name>
         <value>0x20d5</value>
         <object_component_ref idref="oc-b7"/>
      </symbol>
      <symbol id="sm-22f">
         <name>SystemCoreClock</name>
         <value>0x2000288c</value>
         <object_component_ref idref="oc-140"/>
      </symbol>
      <symbol id="sm-23c">
         <name>setSystickTimeMs</name>
         <value>0x3675</value>
         <object_component_ref idref="oc-d6"/>
      </symbol>
      <symbol id="sm-23d">
         <name>systick_init</name>
         <value>0x3691</value>
         <object_component_ref idref="oc-d6"/>
      </symbol>
      <symbol id="sm-24e">
         <name>_c_int00</name>
         <value>0x3499</value>
         <object_component_ref idref="oc-26"/>
      </symbol>
      <symbol id="sm-24f">
         <name>__stack</name>
         <value>0x2000fe00</value>
         <object_component_ref idref="oc-2f"/>
      </symbol>
      <symbol id="sm-26d">
         <name>__TI_decompress_lzss</name>
         <value>0x32b7</value>
         <object_component_ref idref="oc-14"/>
      </symbol>
      <symbol id="sm-284">
         <name>__TI_decompress_none</name>
         <value>0x38ed</value>
         <object_component_ref idref="oc-1a"/>
      </symbol>
      <symbol id="sm-296">
         <name>__TI_zero_init</name>
         <value>0x3915</value>
         <object_component_ref idref="oc-20"/>
      </symbol>
      <symbol id="sm-2b7">
         <name>C$$EXIT</name>
         <value>0x34ed</value>
         <object_component_ref idref="oc-6b"/>
      </symbol>
      <symbol id="sm-2b8">
         <name>abort</name>
         <value>0x34f1</value>
         <object_component_ref idref="oc-6b"/>
      </symbol>
      <symbol id="sm-2b9">
         <name>exit</name>
         <value>0x34f9</value>
         <object_component_ref idref="oc-6b"/>
      </symbol>
      <symbol id="sm-2ba">
         <name>__TI_dtors_ptr</name>
         <value>0x20002874</value>
         <object_component_ref idref="oc-ac"/>
      </symbol>
      <symbol id="sm-2bb">
         <name>__TI_cleanup_ptr</name>
         <value>0x20002870</value>
         <object_component_ref idref="oc-ac"/>
      </symbol>
      <symbol id="sm-2bc">
         <name>__TI_enable_exit_profile_output</name>
         <value>0x20002878</value>
         <object_component_ref idref="oc-ac"/>
      </symbol>
      <symbol id="sm-2c7">
         <name>__aeabi_dmul</name>
         <value>0x29e5</value>
         <object_component_ref idref="oc-101"/>
      </symbol>
      <symbol id="sm-2d3">
         <name>__aeabi_d2f</name>
         <value>0x3249</value>
         <object_component_ref idref="oc-106"/>
      </symbol>
      <symbol id="sm-2ee">
         <name>memcpy</name>
         <value>0x2ed5</value>
         <object_component_ref idref="oc-3b"/>
      </symbol>
      <symbol id="sm-2ef">
         <name>__aeabi_memcpy</name>
         <value>0x2ed5</value>
         <object_component_ref idref="oc-3b"/>
      </symbol>
      <symbol id="sm-2f0">
         <name>__aeabi_memcpy8</name>
         <value>0x2ed5</value>
         <object_component_ref idref="oc-3b"/>
      </symbol>
      <symbol id="sm-2f1">
         <name>__aeabi_memcpy4</name>
         <value>0x2ed5</value>
         <object_component_ref idref="oc-3b"/>
      </symbol>
      <symbol id="sm-300">
         <name>__aeabi_memset</name>
         <value>0x307f</value>
         <object_component_ref idref="oc-47"/>
      </symbol>
      <symbol id="sm-301">
         <name>memset</name>
         <value>0x3085</value>
         <object_component_ref idref="oc-47"/>
      </symbol>
      <symbol id="sm-302">
         <name>__aeabi_memset8</name>
         <value>0x307f</value>
         <object_component_ref idref="oc-47"/>
      </symbol>
      <symbol id="sm-303">
         <name>__aeabi_memset4</name>
         <value>0x307f</value>
         <object_component_ref idref="oc-47"/>
      </symbol>
      <symbol id="sm-304">
         <name>__aeabi_memclr8</name>
         <value>0x307d</value>
         <object_component_ref idref="oc-47"/>
      </symbol>
      <symbol id="sm-305">
         <name>__aeabi_memclr4</name>
         <value>0x307d</value>
         <object_component_ref idref="oc-47"/>
      </symbol>
      <symbol id="sm-306">
         <name>__aeabi_memclr</name>
         <value>0x307d</value>
         <object_component_ref idref="oc-47"/>
      </symbol>
      <symbol id="sm-310">
         <name>__mpu_init</name>
         <value>0x121f</value>
         <object_component_ref idref="oc-53"/>
      </symbol>
      <symbol id="sm-31a">
         <name>_system_pre_init</name>
         <value>0x3927</value>
         <object_component_ref idref="oc-59"/>
      </symbol>
      <symbol id="sm-338">
         <name>printf</name>
         <value>0x31e1</value>
         <object_component_ref idref="oc-e2"/>
      </symbol>
      <symbol id="sm-340">
         <name>main_func_sp</name>
         <value>0x20002888</value>
         <object_component_ref idref="oc-71"/>
      </symbol>
      <symbol id="sm-34e">
         <name>strlen</name>
         <value>0x38b9</value>
         <object_component_ref idref="oc-1d8"/>
      </symbol>
      <symbol id="sm-358">
         <name>__aeabi_ui2d</name>
         <value>0x37c9</value>
         <object_component_ref idref="oc-fc"/>
      </symbol>
      <symbol id="sm-371">
         <name>_nop</name>
         <value>0x389f</value>
         <object_component_ref idref="oc-134"/>
      </symbol>
      <symbol id="sm-372">
         <name>_lock</name>
         <value>0x2000287c</value>
         <object_component_ref idref="oc-af"/>
      </symbol>
      <symbol id="sm-373">
         <name>_unlock</name>
         <value>0x20002880</value>
         <object_component_ref idref="oc-af"/>
      </symbol>
      <symbol id="sm-374">
         <name>_register_lock</name>
         <value>0x3897</value>
         <object_component_ref idref="oc-134"/>
      </symbol>
      <symbol id="sm-375">
         <name>_register_unlock</name>
         <value>0x3891</value>
         <object_component_ref idref="oc-134"/>
      </symbol>
      <symbol id="sm-47b">
         <name>__TI_printfi</name>
         <value>0x925</value>
         <object_component_ref idref="oc-173"/>
      </symbol>
      <symbol id="sm-48f">
         <name>_args_main</name>
         <value>0x384d</value>
         <object_component_ref idref="oc-65"/>
      </symbol>
      <symbol id="sm-4a5">
         <name>atoi</name>
         <value>0x35dd</value>
         <object_component_ref idref="oc-21b"/>
      </symbol>
      <symbol id="sm-4cf">
         <name>__TI_auto_init</name>
         <value>0x3169</value>
         <object_component_ref idref="oc-5f"/>
      </symbol>
      <symbol id="sm-4e9">
         <name>copy_in</name>
         <value>0x3629</value>
         <object_component_ref idref="oc-9c"/>
      </symbol>
      <symbol id="sm-4f4">
         <name>_ctypes_</name>
         <value>0x392c</value>
         <object_component_ref idref="oc-2b0"/>
      </symbol>
      <symbol id="sm-500">
         <name>_ftable</name>
         <value>0x20002730</value>
         <object_component_ref idref="oc-179"/>
      </symbol>
      <symbol id="sm-517">
         <name>__aeabi_dsub</name>
         <value>0x25f5</value>
         <object_component_ref idref="oc-204"/>
      </symbol>
      <symbol id="sm-518">
         <name>__aeabi_dadd</name>
         <value>0x25ff</value>
         <object_component_ref idref="oc-204"/>
      </symbol>
      <symbol id="sm-53a">
         <name>__aeabi_cdcmpeq</name>
         <value>0x2f71</value>
         <object_component_ref idref="oc-1e5"/>
      </symbol>
      <symbol id="sm-53b">
         <name>__aeabi_cdcmple</name>
         <value>0x2f71</value>
         <object_component_ref idref="oc-1e5"/>
      </symbol>
      <symbol id="sm-53c">
         <name>__aeabi_cdrcmple</name>
         <value>0x2ff7</value>
         <object_component_ref idref="oc-1ef"/>
      </symbol>
      <symbol id="sm-550">
         <name>__aeabi_ddiv</name>
         <value>0x27ab</value>
         <object_component_ref idref="oc-1ea"/>
      </symbol>
      <symbol id="sm-55a">
         <name>__aeabi_d2iz</name>
         <value>0x3709</value>
         <object_component_ref idref="oc-1f4"/>
      </symbol>
      <symbol id="sm-564">
         <name>__aeabi_i2d</name>
         <value>0x3751</value>
         <object_component_ref idref="oc-1ff"/>
      </symbol>
      <symbol id="sm-573">
         <name>ltoa</name>
         <value>0x3441</value>
         <object_component_ref idref="oc-1f9"/>
      </symbol>
      <symbol id="sm-583">
         <name>memccpy</name>
         <value>0x37e9</value>
         <object_component_ref idref="oc-221"/>
      </symbol>
      <symbol id="sm-59e">
         <name>frexpl</name>
         <value>0x3385</value>
         <object_component_ref idref="oc-209"/>
      </symbol>
      <symbol id="sm-59f">
         <name>frexp</name>
         <value>0x3385</value>
         <object_component_ref idref="oc-209"/>
      </symbol>
      <symbol id="sm-5bc">
         <name>scalbn</name>
         <value>0x2ae1</value>
         <object_component_ref idref="oc-20f"/>
      </symbol>
      <symbol id="sm-5bd">
         <name>scalbnl</name>
         <value>0x2ae1</value>
         <object_component_ref idref="oc-20f"/>
      </symbol>
      <symbol id="sm-5be">
         <name>ldexpl</name>
         <value>0x2ae1</value>
         <object_component_ref idref="oc-20f"/>
      </symbol>
      <symbol id="sm-5bf">
         <name>ldexp</name>
         <value>0x2ae1</value>
         <object_component_ref idref="oc-20f"/>
      </symbol>
      <symbol id="sm-5c9">
         <name>_system_post_cinit</name>
         <value>0x1bff</value>
         <object_component_ref idref="oc-a2"/>
      </symbol>
      <symbol id="sm-5d9">
         <name>strchr</name>
         <value>0x3865</value>
         <object_component_ref idref="oc-215"/>
      </symbol>
      <symbol id="sm-5f5">
         <name>__aeabi_uldivmod</name>
         <value>0x2401</value>
         <object_component_ref idref="oc-1e0"/>
      </symbol>
      <symbol id="sm-5fd">
         <name>errno</name>
         <value>0x20002884</value>
         <object_component_ref idref="oc-2a9"/>
      </symbol>
      <symbol id="sm-607">
         <name>copysign</name>
         <value>0x38a5</value>
         <object_component_ref idref="oc-2a3"/>
      </symbol>
      <symbol id="sm-608">
         <name>copysignl</name>
         <value>0x38a5</value>
         <object_component_ref idref="oc-2a3"/>
      </symbol>
      <symbol id="sm-6c0">
         <name>CS_getMCLK</name>
         <value>0x3805</value>
         <object_component_ref idref="oc-15c"/>
      </symbol>
      <symbol id="sm-6c1">
         <name>CS_clearInterruptFlag</name>
         <value>0x3781</value>
         <object_component_ref idref="oc-27c"/>
      </symbol>
      <symbol id="sm-6c2">
         <name>CS_startHFXT</name>
         <value>0x3921</value>
         <object_component_ref idref="oc-150"/>
      </symbol>
      <symbol id="sm-6c3">
         <name>CS_getDCOFrequency</name>
         <value>0x28e1</value>
         <object_component_ref idref="oc-276"/>
      </symbol>
      <symbol id="sm-6c4">
         <name>CS_setExternalClockSourceFrequency</name>
         <value>0x387d</value>
         <object_component_ref idref="oc-14a"/>
      </symbol>
      <symbol id="sm-6c5">
         <name>CS_getSMCLK</name>
         <value>0x381d</value>
         <object_component_ref idref="oc-156"/>
      </symbol>
      <symbol id="sm-6c6">
         <name>CS_startHFXTWithTimeout</name>
         <value>0x2d9d</value>
         <object_component_ref idref="oc-1c4"/>
      </symbol>
      <symbol id="sm-6e6">
         <name>GPIO_setAsOutputPin</name>
         <value>0x37a5</value>
         <object_component_ref idref="oc-c4"/>
      </symbol>
      <symbol id="sm-6e7">
         <name>GPIO_setOutputLowOnPin</name>
         <value>0x3835</value>
         <object_component_ref idref="oc-be"/>
      </symbol>
      <symbol id="sm-71b">
         <name>SysCtl_getNMISourceStatus</name>
         <value>0x3909</value>
         <object_component_ref idref="oc-257"/>
      </symbol>
      <symbol id="sm-71c">
         <name>SysCtl_enableNMISource</name>
         <value>0x38dd</value>
         <object_component_ref idref="oc-269"/>
      </symbol>
      <symbol id="sm-71d">
         <name>SysCtl_disableNMISource</name>
         <value>0x38cd</value>
         <object_component_ref idref="oc-25d"/>
      </symbol>
      <symbol id="sm-71e">
         <name>SysCtl_getTLVInfo</name>
         <value>0x3541</value>
         <object_component_ref idref="oc-2ce"/>
      </symbol>
      <symbol id="sm-720">
         <name>__TI_static_base__</name>
         <value>0x0</value>
      </symbol>
      <symbol id="sm-723">
         <name>SHT$$INIT_ARRAY$$Limit</name>
         <value>0x0</value>
      </symbol>
      <symbol id="sm-724">
         <name>SHT$$INIT_ARRAY$$Base</name>
         <value>0x0</value>
      </symbol>
      <symbol id="sm-725">
         <name>NMI_Handler</name>
         <value>0x3907</value>
      </symbol>
      <symbol id="sm-726">
         <name>HardFault_Handler</name>
         <value>0x3907</value>
      </symbol>
      <symbol id="sm-727">
         <name>MemManage_Handler</name>
         <value>0x3907</value>
      </symbol>
      <symbol id="sm-728">
         <name>BusFault_Handler</name>
         <value>0x3907</value>
      </symbol>
      <symbol id="sm-729">
         <name>UsageFault_Handler</name>
         <value>0x3907</value>
      </symbol>
      <symbol id="sm-72a">
         <name>SVC_Handler</name>
         <value>0x3907</value>
      </symbol>
      <symbol id="sm-72b">
         <name>DebugMon_Handler</name>
         <value>0x3907</value>
      </symbol>
      <symbol id="sm-72c">
         <name>PendSV_Handler</name>
         <value>0x3907</value>
      </symbol>
      <symbol id="sm-72d">
         <name>SysTick_Handler</name>
         <value>0x2059</value>
      </symbol>
      <symbol id="sm-72e">
         <name>PSS_IRQHandler</name>
         <value>0x3907</value>
      </symbol>
      <symbol id="sm-72f">
         <name>CS_IRQHandler</name>
         <value>0x3907</value>
      </symbol>
      <symbol id="sm-730">
         <name>PCM_IRQHandler</name>
         <value>0x3907</value>
      </symbol>
      <symbol id="sm-731">
         <name>WDT_A_IRQHandler</name>
         <value>0x3907</value>
      </symbol>
      <symbol id="sm-732">
         <name>FPU_IRQHandler</name>
         <value>0x3907</value>
      </symbol>
      <symbol id="sm-733">
         <name>FLCTL_IRQHandler</name>
         <value>0x3907</value>
      </symbol>
      <symbol id="sm-734">
         <name>COMP_E0_IRQHandler</name>
         <value>0x3907</value>
      </symbol>
      <symbol id="sm-735">
         <name>COMP_E1_IRQHandler</name>
         <value>0x3907</value>
      </symbol>
      <symbol id="sm-736">
         <name>TA0_0_IRQHandler</name>
         <value>0x3907</value>
      </symbol>
      <symbol id="sm-737">
         <name>TA0_N_IRQHandler</name>
         <value>0x3907</value>
      </symbol>
      <symbol id="sm-738">
         <name>TA1_0_IRQHandler</name>
         <value>0x3907</value>
      </symbol>
      <symbol id="sm-739">
         <name>TA1_N_IRQHandler</name>
         <value>0x3907</value>
      </symbol>
      <symbol id="sm-73a">
         <name>TA2_0_IRQHandler</name>
         <value>0x3907</value>
      </symbol>
      <symbol id="sm-73b">
         <name>TA2_N_IRQHandler</name>
         <value>0x3907</value>
      </symbol>
      <symbol id="sm-73c">
         <name>TA3_0_IRQHandler</name>
         <value>0x3907</value>
      </symbol>
      <symbol id="sm-73d">
         <name>TA3_N_IRQHandler</name>
         <value>0x3907</value>
      </symbol>
      <symbol id="sm-73e">
         <name>EUSCIA0_IRQHandler</name>
         <value>0x3907</value>
      </symbol>
      <symbol id="sm-73f">
         <name>EUSCIA1_IRQHandler</name>
         <value>0x3907</value>
      </symbol>
      <symbol id="sm-740">
         <name>EUSCIA2_IRQHandler</name>
         <value>0x3907</value>
      </symbol>
      <symbol id="sm-741">
         <name>EUSCIA3_IRQHandler</name>
         <value>0x3907</value>
      </symbol>
      <symbol id="sm-742">
         <name>EUSCIB0_IRQHandler</name>
         <value>0x3907</value>
      </symbol>
      <symbol id="sm-743">
         <name>EUSCIB1_IRQHandler</name>
         <value>0x3907</value>
      </symbol>
      <symbol id="sm-744">
         <name>EUSCIB2_IRQHandler</name>
         <value>0x3907</value>
      </symbol>
      <symbol id="sm-745">
         <name>EUSCIB3_IRQHandler</name>
         <value>0x3907</value>
      </symbol>
      <symbol id="sm-746">
         <name>ADC14_IRQHandler</name>
         <value>0x1f09</value>
      </symbol>
      <symbol id="sm-747">
         <name>T32_INT1_IRQHandler</name>
         <value>0x3907</value>
      </symbol>
      <symbol id="sm-748">
         <name>T32_INT2_IRQHandler</name>
         <value>0x3907</value>
      </symbol>
      <symbol id="sm-749">
         <name>T32_INTC_IRQHandler</name>
         <value>0x3907</value>
      </symbol>
      <symbol id="sm-74a">
         <name>AES256_IRQHandler</name>
         <value>0x3907</value>
      </symbol>
      <symbol id="sm-74b">
         <name>RTC_C_IRQHandler</name>
         <value>0x3907</value>
      </symbol>
      <symbol id="sm-74c">
         <name>DMA_ERR_IRQHandler</name>
         <value>0x3907</value>
      </symbol>
      <symbol id="sm-74d">
         <name>DMA_INT3_IRQHandler</name>
         <value>0x3907</value>
      </symbol>
      <symbol id="sm-74e">
         <name>DMA_INT2_IRQHandler</name>
         <value>0x3907</value>
      </symbol>
      <symbol id="sm-74f">
         <name>DMA_INT1_IRQHandler</name>
         <value>0x3907</value>
      </symbol>
      <symbol id="sm-750">
         <name>DMA_INT0_IRQHandler</name>
         <value>0x3907</value>
      </symbol>
      <symbol id="sm-751">
         <name>PORT1_IRQHandler</name>
         <value>0x3907</value>
      </symbol>
      <symbol id="sm-752">
         <name>PORT2_IRQHandler</name>
         <value>0x3907</value>
      </symbol>
      <symbol id="sm-753">
         <name>PORT3_IRQHandler</name>
         <value>0x3907</value>
      </symbol>
      <symbol id="sm-754">
         <name>PORT4_IRQHandler</name>
         <value>0x3907</value>
      </symbol>
      <symbol id="sm-755">
         <name>PORT5_IRQHandler</name>
         <value>0x3907</value>
      </symbol>
      <symbol id="sm-756">
         <name>PORT6_IRQHandler</name>
         <value>0x3907</value>
      </symbol>
   </symbol_table>
   <title>Link successful</title>
</link_info>
