******************************************************************************
                  TI ARM Linker PC v16.9.0                     
******************************************************************************
>> Linked Thu Jun 15 18:36:43 2017

OUTPUT FILE NAME:   <MAXREFDES117_lib.out>
ENTRY POINT SYMBOL: "_c_int00"  address: 00000785


MEMORY CONFIGURATION

         name            origin    length      used     unused   attr    fill
----------------------  --------  ---------  --------  --------  ----  --------
  MAIN                  00000000   00040000  0000094e  0003f6b2  R  X
  INFO                  00200000   00004000  00000000  00004000  R  X
  SRAM_CODE             01000000   00010000  00000254  0000fdac  RW X
  SRAM_DATA             20000000   00010000  00000254  0000fdac  RW  


SEGMENT ALLOCATION MAP

run origin  load origin   length   init length attrs members
----------  ----------- ---------- ----------- ----- -------
00000000    00000000    00000950   00000950    r-x
  00000000    00000000    000000e4   000000e4    r-- .intvecs
  000000e4    000000e4    00000812   00000812    r-x .text
  000008f8    000008f8    00000058   00000058    r-- .cinit
20000000    20000000    00000054   00000000    rw-
  20000000    20000000    00000040   00000000    rw- .data
  20000040    20000040    00000014   00000000    rw- .bss
2000fe00    2000fe00    00000200   00000000    rw-
  2000fe00    2000fe00    00000200   00000000    rw- .stack


SECTION ALLOCATION MAP

 output                                  attributes/
section   page    origin      length       input sections
--------  ----  ----------  ----------   ----------------
.intvecs   0    00000000    000000e4     
                  00000000    000000e4     startup_msp432p401r_ccs.obj (.intvecs:retain)

.binit     0    00000000    00000000     

.text      0    000000e4    00000812     
                  000000e4    0000032c     system_msp432p401r.obj (.text)
                  00000410    00000184     my_i2c.obj (.text)
                  00000594    0000009c     rtsv7M4_T_le_v4SPD16_eabi.lib : memcpy_t2.obj (.text)
                  00000630    0000007a                                   : memset_t2.obj (.text)
                  000006aa    00000002                                   : mpu_init.obj (.text)
                  000006ac    00000070                                   : autoinit.obj (.text)
                  0000071c    00000068                                   : copy_decompress_lzss.obj (.text:decompress:lzss)
                  00000784    00000054                                   : boot.obj (.text)
                  000007d8    00000054                                   : exit.obj (.text)
                  0000082c    0000004c                                   : cpy_tbl.obj (.text)
                  00000878    00000024     main.obj (.text)
                  0000089c    00000018     rtsv7M4_T_le_v4SPD16_eabi.lib : args_main.obj (.text)
                  000008b4    00000014                                   : _lock.obj (.text)
                  000008c8    0000000e                                   : copy_decompress_none.obj (.text:decompress:none)
                  000008d6    0000000e     startup_msp432p401r_ccs.obj (.text)
                  000008e4    0000000c     rtsv7M4_T_le_v4SPD16_eabi.lib : copy_zero_init.obj (.text:decompress:ZI)
                  000008f0    00000004                                   : pre_init.obj (.text)
                  000008f4    00000002                                   : startup.obj (.text)

.cinit     0    000008f8    00000058     
                  000008f8    0000002f     (.cinit..data.load) [load image, compression = lzss]
                  00000927    00000001     --HOLE-- [fill = 0]
                  00000928    0000000c     (__TI_handler_table)
                  00000934    00000004     --HOLE-- [fill = 0]
                  00000938    00000008     (.cinit..bss.load) [load image, compression = zero_init]
                  00000940    00000010     (__TI_cinit_table)

.init_array 
*          0    00000000    00000000     UNINITIALIZED

.data      0    20000000    00000040     UNINITIALIZED
                  20000000    00000024     main.obj (.data:g_i2c0)
                  20000024    0000000c     rtsv7M4_T_le_v4SPD16_eabi.lib : exit.obj (.data:$O1$$)
                  20000030    00000008                                   : _lock.obj (.data:$O1$$)
                  20000038    00000004                                   : stkdepth_vars.obj (.data)
                  2000003c    00000004     system_msp432p401r.obj (.data)

.bss       0    20000040    00000014     UNINITIALIZED
                  20000040    00000004     (.common:BRW)
                  20000044    00000004     (.common:CTLW0)
                  20000048    00000004     (.common:CTLW1)
                  2000004c    00000004     (.common:IE)
                  20000050    00000004     (.common:TBCNT)

.stack     0    2000fe00    00000200     UNINITIALIZED
                  2000fe00    00000200     --HOLE--

MODULE SUMMARY

       Module                        code   ro data   rw data
       ------                        ----   -------   -------
    .\
       system_msp432p401r.obj        812    0         8      
       my_i2c.obj                    388    0         40     
       startup_msp432p401r_ccs.obj   14     228       0      
       main.obj                      36     0         72     
    +--+-----------------------------+------+---------+---------+
       Total:                        1250   228       120    
                                                             
    C:\ti\ccsv7\tools\compiler\ti-cgt-arm_16.9.0.LTS\lib\rtsv7M4_T_le_v4SPD16_eabi.lib
       memcpy_t2.obj                 156    0         0      
       memset_t2.obj                 122    0         0      
       autoinit.obj                  112    0         0      
       exit.obj                      84     0         24     
       copy_decompress_lzss.obj      104    0         0      
       boot.obj                      84     0         0      
       cpy_tbl.obj                   76     0         0      
       _lock.obj                     20     0         16     
       args_main.obj                 24     0         0      
       copy_decompress_none.obj      14     0         0      
       copy_zero_init.obj            12     0         0      
       stkdepth_vars.obj             0      0         8      
       pre_init.obj                  4      0         0      
       mpu_init.obj                  2      0         0      
       startup.obj                   2      0         0      
    +--+-----------------------------+------+---------+---------+
       Total:                        816    0         48     
                                                             
       Stack:                        0      0         1024   
       Linker Generated:             0      83        0      
    +--+-----------------------------+------+---------+---------+
       Grand Total:                  2066   311       1192   


LINKER GENERATED COPY TABLES

__TI_cinit_table @ 00000940 records: 2, size/record: 8, table size: 16
	.data: load addr=000008f8, load size=0000002f bytes, run addr=20000000, run size=00000040 bytes, compression=lzss
	.bss: load addr=00000938, load size=00000008 bytes, run addr=20000040, run size=00000014 bytes, compression=zero_init


LINKER GENERATED HANDLER TABLE

__TI_handler_table @ 00000928 records: 3, size/record: 4, table size: 12
	index: 0, handler: __TI_decompress_lzss
	index: 1, handler: __TI_decompress_none
	index: 2, handler: __TI_zero_init


GLOBAL SYMBOLS: SORTED ALPHABETICALLY BY Name 

address   name                           
-------   ----                           
000008e3  ADC14_IRQHandler               
000008e3  AES256_IRQHandler              
20000040  BRW                            
000008e3  BusFault_Handler               
000007d9  C$$EXIT                        
000008e3  COMP_E0_IRQHandler             
000008e3  COMP_E1_IRQHandler             
000008e3  CS_IRQHandler                  
20000044  CTLW0                          
20000048  CTLW1                          
000008e3  DMA_ERR_IRQHandler             
000008e3  DMA_INT0_IRQHandler            
000008e3  DMA_INT1_IRQHandler            
000008e3  DMA_INT2_IRQHandler            
000008e3  DMA_INT3_IRQHandler            
000008e3  DebugMon_Handler               
000008e3  Default_Handler                
000008e3  EUSCIA0_IRQHandler             
000008e3  EUSCIA1_IRQHandler             
000008e3  EUSCIA2_IRQHandler             
000008e3  EUSCIA3_IRQHandler             
000008e3  EUSCIB0_IRQHandler             
000008e3  EUSCIB1_IRQHandler             
000008e3  EUSCIB2_IRQHandler             
000008e3  EUSCIB3_IRQHandler             
000008e3  FLCTL_IRQHandler               
000008e3  FPU_IRQHandler                 
000008e3  HardFault_Handler              
00000411  I2C_Init                       
2000004c  IE                             
000008e3  MemManage_Handler              
000008e3  NMI_Handler                    
000008e3  PCM_IRQHandler                 
000008e3  PORT1_IRQHandler               
000008e3  PORT2_IRQHandler               
000008e3  PORT3_IRQHandler               
000008e3  PORT4_IRQHandler               
000008e3  PORT5_IRQHandler               
000008e3  PORT6_IRQHandler               
000008e3  PSS_IRQHandler                 
000008e3  PendSV_Handler                 
000008e3  RTC_C_IRQHandler               
000008d7  Reset_Handler                  
UNDEFED   SHT$$INIT_ARRAY$$Base          
UNDEFED   SHT$$INIT_ARRAY$$Limit         
000008e3  SVC_Handler                    
000008e3  SysTick_Handler                
2000003c  SystemCoreClock                
000000e5  SystemCoreClockUpdate          
00000359  SystemInit                     
000008e3  T32_INT1_IRQHandler            
000008e3  T32_INT2_IRQHandler            
000008e3  T32_INTC_IRQHandler            
000008e3  TA0_0_IRQHandler               
000008e3  TA0_N_IRQHandler               
000008e3  TA1_0_IRQHandler               
000008e3  TA1_N_IRQHandler               
000008e3  TA2_0_IRQHandler               
000008e3  TA2_N_IRQHandler               
000008e3  TA3_0_IRQHandler               
000008e3  TA3_N_IRQHandler               
20000050  TBCNT                          
000008e3  UsageFault_Handler             
4000480c  WDTCTL_SYM                     
000008e3  WDT_A_IRQHandler               
20010000  __STACK_END                    
00000200  __STACK_SIZE                   
00000940  __TI_CINIT_Base                
00000950  __TI_CINIT_Limit               
00000928  __TI_Handler_Table_Base        
00000934  __TI_Handler_Table_Limit       
000006ad  __TI_auto_init                 
20000024  __TI_cleanup_ptr               
0000071d  __TI_decompress_lzss           
000008c9  __TI_decompress_none           
20000028  __TI_dtors_ptr                 
2000002c  __TI_enable_exit_profile_output
ffffffff  __TI_pprof_out_hndl            
ffffffff  __TI_prof_data_size            
ffffffff  __TI_prof_data_start           
00000000  __TI_static_base__             
000008e5  __TI_zero_init                 
00000631  __aeabi_memclr                 
00000631  __aeabi_memclr4                
00000631  __aeabi_memclr8                
00000595  __aeabi_memcpy                 
00000595  __aeabi_memcpy4                
00000595  __aeabi_memcpy8                
00000633  __aeabi_memset                 
00000633  __aeabi_memset4                
00000633  __aeabi_memset8                
ffffffff  __binit__                      
ffffffff  __c_args__                     
000006ab  __mpu_init                     
2000fe00  __stack                        
0000089d  _args_main                     
00000785  _c_int00                       
20000030  _lock                          
000008c3  _nop                           
000008bb  _register_lock                 
000008b5  _register_unlock               
000008f5  _system_post_cinit             
000008f1  _system_pre_init               
20000034  _unlock                        
000007dd  abort                          
ffffffff  binit                          
0000082d  copy_in                        
000007e5  exit                           
20000000  g_i2c0                         
00000457  init_i2c                       
00000000  interruptVectors               
00000879  main                           
20000038  main_func_sp                   
00000595  memcpy                         
00000639  memset                         


GLOBAL SYMBOLS: SORTED BY Symbol Address 

address   name                           
-------   ----                           
00000000  __TI_static_base__             
00000000  interruptVectors               
000000e5  SystemCoreClockUpdate          
00000200  __STACK_SIZE                   
00000359  SystemInit                     
00000411  I2C_Init                       
00000457  init_i2c                       
00000595  __aeabi_memcpy                 
00000595  __aeabi_memcpy4                
00000595  __aeabi_memcpy8                
00000595  memcpy                         
00000631  __aeabi_memclr                 
00000631  __aeabi_memclr4                
00000631  __aeabi_memclr8                
00000633  __aeabi_memset                 
00000633  __aeabi_memset4                
00000633  __aeabi_memset8                
00000639  memset                         
000006ab  __mpu_init                     
000006ad  __TI_auto_init                 
0000071d  __TI_decompress_lzss           
00000785  _c_int00                       
000007d9  C$$EXIT                        
000007dd  abort                          
000007e5  exit                           
0000082d  copy_in                        
00000879  main                           
0000089d  _args_main                     
000008b5  _register_unlock               
000008bb  _register_lock                 
000008c3  _nop                           
000008c9  __TI_decompress_none           
000008d7  Reset_Handler                  
000008e3  ADC14_IRQHandler               
000008e3  AES256_IRQHandler              
000008e3  BusFault_Handler               
000008e3  COMP_E0_IRQHandler             
000008e3  COMP_E1_IRQHandler             
000008e3  CS_IRQHandler                  
000008e3  DMA_ERR_IRQHandler             
000008e3  DMA_INT0_IRQHandler            
000008e3  DMA_INT1_IRQHandler            
000008e3  DMA_INT2_IRQHandler            
000008e3  DMA_INT3_IRQHandler            
000008e3  DebugMon_Handler               
000008e3  Default_Handler                
000008e3  EUSCIA0_IRQHandler             
000008e3  EUSCIA1_IRQHandler             
000008e3  EUSCIA2_IRQHandler             
000008e3  EUSCIA3_IRQHandler             
000008e3  EUSCIB0_IRQHandler             
000008e3  EUSCIB1_IRQHandler             
000008e3  EUSCIB2_IRQHandler             
000008e3  EUSCIB3_IRQHandler             
000008e3  FLCTL_IRQHandler               
000008e3  FPU_IRQHandler                 
000008e3  HardFault_Handler              
000008e3  MemManage_Handler              
000008e3  NMI_Handler                    
000008e3  PCM_IRQHandler                 
000008e3  PORT1_IRQHandler               
000008e3  PORT2_IRQHandler               
000008e3  PORT3_IRQHandler               
000008e3  PORT4_IRQHandler               
000008e3  PORT5_IRQHandler               
000008e3  PORT6_IRQHandler               
000008e3  PSS_IRQHandler                 
000008e3  PendSV_Handler                 
000008e3  RTC_C_IRQHandler               
000008e3  SVC_Handler                    
000008e3  SysTick_Handler                
000008e3  T32_INT1_IRQHandler            
000008e3  T32_INT2_IRQHandler            
000008e3  T32_INTC_IRQHandler            
000008e3  TA0_0_IRQHandler               
000008e3  TA0_N_IRQHandler               
000008e3  TA1_0_IRQHandler               
000008e3  TA1_N_IRQHandler               
000008e3  TA2_0_IRQHandler               
000008e3  TA2_N_IRQHandler               
000008e3  TA3_0_IRQHandler               
000008e3  TA3_N_IRQHandler               
000008e3  UsageFault_Handler             
000008e3  WDT_A_IRQHandler               
000008e5  __TI_zero_init                 
000008f1  _system_pre_init               
000008f5  _system_post_cinit             
00000928  __TI_Handler_Table_Base        
00000934  __TI_Handler_Table_Limit       
00000940  __TI_CINIT_Base                
00000950  __TI_CINIT_Limit               
20000000  g_i2c0                         
20000024  __TI_cleanup_ptr               
20000028  __TI_dtors_ptr                 
2000002c  __TI_enable_exit_profile_output
20000030  _lock                          
20000034  _unlock                        
20000038  main_func_sp                   
2000003c  SystemCoreClock                
20000040  BRW                            
20000044  CTLW0                          
20000048  CTLW1                          
2000004c  IE                             
20000050  TBCNT                          
2000fe00  __stack                        
20010000  __STACK_END                    
4000480c  WDTCTL_SYM                     
ffffffff  __TI_pprof_out_hndl            
ffffffff  __TI_prof_data_size            
ffffffff  __TI_prof_data_start           
ffffffff  __binit__                      
ffffffff  __c_args__                     
ffffffff  binit                          
UNDEFED   SHT$$INIT_ARRAY$$Base          
UNDEFED   SHT$$INIT_ARRAY$$Limit         

[115 symbols]
