******************************************************************************
                  TI ARM Linker PC v16.9.0                     
******************************************************************************
>> Linked Sun Jun 18 16:53:37 2017

OUTPUT FILE NAME:   <MAXREFDES117_lib.out>
ENTRY POINT SYMBOL: "_c_int00"  address: 00004621


MEMORY CONFIGURATION

         name            origin    length      used     unused   attr    fill
----------------------  --------  ---------  --------  --------  ----  --------
  MAIN                  00000000   00040000  00004ce2  0003b31e  R  X
  INFO                  00200000   00004000  00000000  00004000  R  X
  SRAM_CODE             01000000   00010000  000003e1  0000fc1f  RW X
  SRAM_DATA             20000000   00010000  000003e1  0000fc1f  RW  


SEGMENT ALLOCATION MAP

run origin  load origin   length   init length attrs members
----------  ----------- ---------- ----------- ----- -------
00000000    00000000    00004ce8   00004ce8    r-x
  00000000    00000000    000000e4   000000e4    r-- .intvecs
  000000e4    000000e4    00004a26   00004a26    r-x .text
  00004b0c    00004b0c    00000168   00000168    r-- .const
  00004c78    00004c78    00000070   00000070    r-- .cinit
20000000    20000000    000001e1   00000000    rw-
  20000000    20000000    00000148   00000000    rw- .data
  20000148    20000148    00000099   00000000    rw- .bss
2000fe00    2000fe00    00000200   00000000    rw-
  2000fe00    2000fe00    00000200   00000000    rw- .stack


SECTION ALLOCATION MAP

 output                                  attributes/
section   page    origin      length       input sections
--------  ----  ----------  ----------   ----------------
.intvecs   0    00000000    000000e4     
                  00000000    000000e4     startup_msp432p401r_ccs.obj (.intvecs:retain)

.binit     0    00000000    00000000     

.text      0    000000e4    00004a26     
                  000000e4    0000164c     bme280.obj (.text)
                  00001730    0000113a     rtsv7M4_T_le_v4SPD16_eabi.lib : _printfi.obj (.text)
                  0000286a    00000002                                   : mpu_init.obj (.text)
                  0000286c    00000498     my_i2c.obj (.text)
                  00002d04    0000032c     system_msp432p401r.obj (.text)
                  00003030    00000328     bme280_sensor.obj (.text)
                  00003358    00000230     uart.obj (.text)
                  00003588    000001f4     rtsv7M4_T_le_v4SPD16_eabi.lib : ull_div_t2.obj (.text)
                  0000377c    000001b6                                   : fd_add_t2.obj (.text)
                  00003932    00000136                                   : fd_div_t2.obj (.text)
                  00003a68    00000104     msp432p4xx_driverlib.lib : cs.o (.text:CS_getDCOFrequency)
                  00003b6c    000000fc     rtsv7M4_T_le_v4SPD16_eabi.lib : fd_mul_t2.obj (.text)
                  00003c68    000000fc                                   : s_scalbn.obj (.text)
                  00003d64    000000f4     main.obj (.text)
                  00003e58    000000c0     my_clk.obj (.text)
                  00003f18    0000009c     msp432p4xx_driverlib.lib : cs.o (.text:CS_startHFXTWithTimeout)
                  00003fb4    0000009c                              : cs.o (.text:_CSComputeCLKFrequency)
                  00004050    0000009c     rtsv7M4_T_le_v4SPD16_eabi.lib : memcpy_t2.obj (.text)
                  000040ec    00000086                                   : fd_cmp_t2.obj (.text:__aeabi_cdcmple)
                  00004172    00000086                                   : fd_cmp_t2.obj (.text:__aeabi_cdrcmple)
                  000041f8    0000007a                                   : memset_t2.obj (.text)
                  00004272    00000002                                   : startup.obj (.text)
                  00004274    00000070     msp432p4xx_driverlib.lib : cs.o (.text:_CSGetHFXTFrequency)
                  000042e4    00000070     rtsv7M4_T_le_v4SPD16_eabi.lib : autoinit.obj (.text)
                  00004354    00000070                                   : printf.obj (.text)
                  000043c4    0000006e                                   : fd_tos_t2.obj (.text)
                  00004432    00000068                                   : copy_decompress_lzss.obj (.text:decompress:lzss)
                  0000449a    00000002     --HOLE-- [fill = 0]
                  0000449c    00000064     msp432p4xx_driverlib.lib : interrupt.o (.text:Interrupt_enableInterrupt)
                  00004500    00000064     printfOverride.obj (.text)
                  00004564    00000064     rtsv7M4_T_le_v4SPD16_eabi.lib : s_frexp.obj (.text)
                  000045c8    00000056                                   : ltoa.obj (.text)
                  0000461e    00000002     --HOLE-- [fill = 0]
                  00004620    00000054                                   : boot.obj (.text)
                  00004674    00000054                                   : exit.obj (.text)
                  000046c8    00000050     msp432p4xx_driverlib.lib : sysctl.o (.text:SysCtl_getTLVInfo)
                  00004718    0000004c                              : cs.o (.text:_CSGetDOCFrequency)
                  00004764    0000004c     rtsv7M4_T_le_v4SPD16_eabi.lib : atoi.obj (.text)
                  000047b0    0000004c                                   : cpy_tbl.obj (.text)
                  000047fc    0000004c     systick.obj (.text)
                  00004848    00000048     msp432p4xx_driverlib.lib : cs.o (.text:_CSGetDividerValue)
                  00004890    00000048     rtsv7M4_T_le_v4SPD16_eabi.lib : fd_toi_t2.obj (.text)
                  000048d8    00000038                                   : fs_tod_t2.obj (.text)
                  00004910    0000002e                                   : i_tofd_t2.obj (.text)
                  0000493e    00000002     --HOLE-- [fill = 0]
                  00004940    00000024     msp432p4xx_driverlib.lib : cs.o (.text:CS_clearInterruptFlag)
                  00004964    00000024     uart.obj (.text:uartA0_tx)
                  00004988    00000024     uart.obj (.text:uartA2_tx)
                  000049ac    00000020     rtsv7M4_T_le_v4SPD16_eabi.lib : u_tofd_t2.obj (.text)
                  000049cc    0000001c                                   : memccpy.obj (.text)
                  000049e8    00000018     msp432p4xx_driverlib.lib : cs.o (.text:CS_getMCLK)
                  00004a00    00000018                              : cs.o (.text:CS_getSMCLK)
                  00004a18    00000018     rtsv7M4_T_le_v4SPD16_eabi.lib : args_main.obj (.text)
                  00004a30    00000016     msp432p4xx_driverlib.lib : uart.o (.text:UART_enableInterrupt)
                  00004a46    00000016     rtsv7M4_T_le_v4SPD16_eabi.lib : strchr.obj (.text)
                  00004a5c    00000014     msp432p4xx_driverlib.lib : cs.o (.text:CS_setExternalClockSourceFrequency)
                  00004a70    00000014     rtsv7M4_T_le_v4SPD16_eabi.lib : _lock.obj (.text)
                  00004a84    00000014                                   : s_copysign.obj (.text)
                  00004a98    00000014                                   : strlen.obj (.text)
                  00004aac    00000010     msp432p4xx_driverlib.lib : sysctl.o (.text:SysCtl_disableNMISource)
                  00004abc    00000010                              : sysctl.o (.text:SysCtl_enableNMISource)
                  00004acc    0000000e     rtsv7M4_T_le_v4SPD16_eabi.lib : copy_decompress_none.obj (.text:decompress:none)
                  00004ada    0000000e     startup_msp432p401r_ccs.obj (.text)
                  00004ae8    0000000c     msp432p4xx_driverlib.lib : sysctl.o (.text:SysCtl_getNMISourceStatus)
                  00004af4    0000000c     rtsv7M4_T_le_v4SPD16_eabi.lib : copy_zero_init.obj (.text:decompress:ZI)
                  00004b00    00000006     msp432p4xx_driverlib.lib : cs.o (.text:CS_startHFXT)
                  00004b06    00000004     rtsv7M4_T_le_v4SPD16_eabi.lib : pre_init.obj (.text)

.const     0    00004b0c    00000168     
                  00004b0c    00000101     rtsv7M4_T_le_v4SPD16_eabi.lib : ctype.obj (.const:.string:_ctypes_)
                  00004c0d    00000003     --HOLE-- [fill = 0]
                  00004c10    00000040     msp432p4xx_driverlib.lib : interrupt.o (.const)
                  00004c50    00000024     main.obj (.const:uartAConfig)

.cinit     0    00004c78    00000070     
                  00004c78    0000004a     (.cinit..data.load) [load image, compression = lzss]
                  00004cc2    00000002     --HOLE-- [fill = 0]
                  00004cc4    0000000c     (__TI_handler_table)
                  00004cd0    00000008     (.cinit..bss.load) [load image, compression = zero_init]
                  00004cd8    00000010     (__TI_cinit_table)

.init_array 
*          0    00000000    00000000     UNINITIALIZED

.data      0    20000000    00000148     UNINITIALIZED
                  20000000    000000f0     rtsv7M4_T_le_v4SPD16_eabi.lib : defs.obj (.data:_ftable)
                  200000f0    00000024     bme280_sensor.obj (.data:g_i2c0)
                  20000114    00000010     main.obj (.data)
                  20000124    0000000c     rtsv7M4_T_le_v4SPD16_eabi.lib : exit.obj (.data:$O1$$)
                  20000130    00000008                                   : _lock.obj (.data:$O1$$)
                  20000138    00000004                                   : errno.obj (.data)
                  2000013c    00000004                                   : stkdepth_vars.obj (.data)
                  20000140    00000004     system_msp432p401r.obj (.data)
                  20000144    00000004     uart.obj (.data)

.bss       0    20000148    00000099     UNINITIALIZED
                  20000148    0000003c     (.common:bme280)
                  20000184    00000010     (.common:regData)
                  20000194    00000004     (.common:BRW)
                  20000198    00000004     (.common:CTLW0)
                  2000019c    00000004     (.common:CTLW1)
                  200001a0    00000004     (.common:I2CSA)
                  200001a4    00000004     (.common:IE)
                  200001a8    00000004     (.common:IFG)
                  200001ac    00000004     (.common:RXBUF)
                  200001b0    00000004     (.common:STATW)
                  200001b4    00000004     (.common:TBCNT)
                  200001b8    00000004     (.common:TXBUF)
                  200001bc    00000004     (.common:g_MCLKfreq)
                  200001c0    00000004     (.common:g_SMCLKfreq)
                  200001c4    00000004     (.common:hfxtFreq)
                  200001c8    00000004     (.common:intervalCnt)
                  200001cc    00000004     (.common:lfxtFreq)
                  200001d0    00000004     (.common:p_bme280)
                  200001d4    00000004     (.common:uartA0_rx_buff)
                  200001d8    00000004     (.common:uartA2_rx_buff)
                  200001dc    00000002     (.common:uartA0_rx_buff_len)
                  200001de    00000002     (.common:uartA2_rx_buff_len)
                  200001e0    00000001     (.common:ms_timeout)

.stack     0    2000fe00    00000200     UNINITIALIZED
                  2000fe00    00000200     --HOLE--

MODULE SUMMARY

       Module                        code    ro data   rw data
       ------                        ----    -------   -------
    .\
       bme280.obj                    5708    0         0      
       my_i2c.obj                    1176    0         80     
       bme280_sensor.obj             808     0         242    
       system_msp432p401r.obj        812     0         8      
       uart.obj                      632     0         32     
       main.obj                      244     36        32     
       startup_msp432p401r_ccs.obj   14      228       0      
       my_clk.obj                    192     0         16     
       printfOverride.obj            100     0         0      
       systick.obj                   76      0         0      
    +--+-----------------------------+-------+---------+---------+
       Total:                        9762    264       410    
                                                              
    C:/ti/msp/MSP432Ware_3_50_00_02/driverlib/driverlib/MSP432P4xx/ccs/msp432p4xx_driverlib.lib
       cs.o                          942     0         16     
       interrupt.o                   100     64        0      
       sysctl.o                      124     0         0      
       uart.o                        22      0         0      
    +--+-----------------------------+-------+---------+---------+
       Total:                        1188    64        16     
                                                              
    C:\ti\ccsv7\tools\compiler\ti-cgt-arm_16.9.0.LTS\lib\rtsv7M4_T_le_v4SPD16_eabi.lib
       _printfi.obj                  4410    0         0      
       ull_div_t2.obj                500     0         0      
       defs.obj                      0       0         480    
       fd_add_t2.obj                 438     0         0      
       fd_div_t2.obj                 310     0         0      
       fd_cmp_t2.obj                 268     0         0      
       ctype.obj                     0       257       0      
       fd_mul_t2.obj                 252     0         0      
       s_scalbn.obj                  252     0         0      
       memcpy_t2.obj                 156     0         0      
       memset_t2.obj                 122     0         0      
       autoinit.obj                  112     0         0      
       printf.obj                    112     0         0      
       fd_tos_t2.obj                 110     0         0      
       exit.obj                      84      0         24     
       copy_decompress_lzss.obj      104     0         0      
       s_frexp.obj                   100     0         0      
       ltoa.obj                      86      0         0      
       boot.obj                      84      0         0      
       atoi.obj                      76      0         0      
       cpy_tbl.obj                   76      0         0      
       fd_toi_t2.obj                 72      0         0      
       fs_tod_t2.obj                 56      0         0      
       i_tofd_t2.obj                 46      0         0      
       _lock.obj                     20      0         16     
       u_tofd_t2.obj                 32      0         0      
       memccpy.obj                   28      0         0      
       args_main.obj                 24      0         0      
       strchr.obj                    22      0         0      
       s_copysign.obj                20      0         0      
       strlen.obj                    20      0         0      
       copy_decompress_none.obj      14      0         0      
       copy_zero_init.obj            12      0         0      
       errno.obj                     0       0         8      
       stkdepth_vars.obj             0       0         8      
       pre_init.obj                  4       0         0      
       mpu_init.obj                  2       0         0      
       startup.obj                   2       0         0      
    +--+-----------------------------+-------+---------+---------+
       Total:                        8026    257       536    
                                                              
       Stack:                        0       0         1024   
       Linker Generated:             0       110       0      
    +--+-----------------------------+-------+---------+---------+
       Grand Total:                  18976   695       1986   


LINKER GENERATED COPY TABLES

__TI_cinit_table @ 00004cd8 records: 2, size/record: 8, table size: 16
	.data: load addr=00004c78, load size=0000004a bytes, run addr=20000000, run size=00000148 bytes, compression=lzss
	.bss: load addr=00004cd0, load size=00000008 bytes, run addr=20000148, run size=00000099 bytes, compression=zero_init


LINKER GENERATED HANDLER TABLE

__TI_handler_table @ 00004cc4 records: 3, size/record: 4, table size: 12
	index: 0, handler: __TI_decompress_lzss
	index: 1, handler: __TI_decompress_none
	index: 2, handler: __TI_zero_init


GLOBAL SYMBOLS: SORTED ALPHABETICALLY BY Name 

address   name                                                  
-------   ----                                                  
00004ae7  ADC14_IRQHandler                                      
00004ae7  AES256_IRQHandler                                     
0000309d  BME280_I2C_bus_read                                   
00003079  BME280_I2C_bus_write                                  
000030c1  BME280_delay_msek                                     
20000194  BRW                                                   
00004ae7  BusFault_Handler                                      
00004675  C$$EXIT                                               
00004ae7  COMP_E0_IRQHandler                                    
00004ae7  COMP_E1_IRQHandler                                    
00004ae7  CS_IRQHandler                                         
00004941  CS_clearInterruptFlag                                 
00003a69  CS_getDCOFrequency                                    
000049e9  CS_getMCLK                                            
00004a01  CS_getSMCLK                                           
00004a5d  CS_setExternalClockSourceFrequency                    
00004b01  CS_startHFXT                                          
00003f19  CS_startHFXTWithTimeout                               
20000198  CTLW0                                                 
2000019c  CTLW1                                                 
00004ae7  DMA_ERR_IRQHandler                                    
00004ae7  DMA_INT0_IRQHandler                                   
00004ae7  DMA_INT1_IRQHandler                                   
00004ae7  DMA_INT2_IRQHandler                                   
00004ae7  DMA_INT3_IRQHandler                                   
00004ae7  DebugMon_Handler                                      
00004ae7  Default_Handler                                       
000034c1  EUSCIA0_IRQHandler                                    
000034c1  EUSCIA0_IRQHandler                                    
00004ae7  EUSCIA1_IRQHandler                                    
000034ff  EUSCIA2_IRQHandler                                    
000034ff  EUSCIA2_IRQHandler                                    
00004ae7  EUSCIA3_IRQHandler                                    
00004ae7  EUSCIB0_IRQHandler                                    
00004ae7  EUSCIB1_IRQHandler                                    
00004ae7  EUSCIB2_IRQHandler                                    
00004ae7  EUSCIB3_IRQHandler                                    
00004ae7  FLCTL_IRQHandler                                      
00004ae7  FPU_IRQHandler                                        
00004ae7  HardFault_Handler                                     
200001a0  I2CSA                                                 
00002b85  I2C_read                                              
00003105  I2C_routine                                           
000029a9  I2C_write                                             
200001a4  IE                                                    
200001a8  IFG                                                   
0000449d  Interrupt_enableInterrupt                             
00004ae7  MemManage_Handler                                     
00004ae7  NMI_Handler                                           
00004ae7  PCM_IRQHandler                                        
00004ae7  PORT1_IRQHandler                                      
00004ae7  PORT2_IRQHandler                                      
00004ae7  PORT3_IRQHandler                                      
00004ae7  PORT4_IRQHandler                                      
00004ae7  PORT5_IRQHandler                                      
00004ae7  PORT6_IRQHandler                                      
00004ae7  PSS_IRQHandler                                        
00004ae7  PendSV_Handler                                        
00004ae7  RTC_C_IRQHandler                                      
200001ac  RXBUF                                                 
00004adb  Reset_Handler                                         
UNDEFED   SHT$$INIT_ARRAY$$Base                                 
UNDEFED   SHT$$INIT_ARRAY$$Limit                                
200001b0  STATW                                                 
00004ae7  SVC_Handler                                           
00004aad  SysCtl_disableNMISource                               
00004abd  SysCtl_enableNMISource                                
00004ae9  SysCtl_getNMISourceStatus                             
000046c9  SysCtl_getTLVInfo                                     
00003069  SysTick_Handler                                       
00003069  SysTick_Handler                                       
20000140  SystemCoreClock                                       
00002d05  SystemCoreClockUpdate                                 
00002f79  SystemInit                                            
00004ae7  T32_INT1_IRQHandler                                   
00004ae7  T32_INT2_IRQHandler                                   
00004ae7  T32_INTC_IRQHandler                                   
00004ae7  TA0_0_IRQHandler                                      
00004ae7  TA0_N_IRQHandler                                      
00004ae7  TA1_0_IRQHandler                                      
00004ae7  TA1_N_IRQHandler                                      
00004ae7  TA2_0_IRQHandler                                      
00004ae7  TA2_N_IRQHandler                                      
00004ae7  TA3_0_IRQHandler                                      
00004ae7  TA3_N_IRQHandler                                      
200001b4  TBCNT                                                 
200001b8  TXBUF                                                 
00004a31  UART_enableInterrupt                                  
00004ae7  UsageFault_Handler                                    
4000480c  WDTCTL_SYM                                            
00004ae7  WDT_A_IRQHandler                                      
20010000  __STACK_END                                           
00000200  __STACK_SIZE                                          
00004cd8  __TI_CINIT_Base                                       
00004ce8  __TI_CINIT_Limit                                      
00004cc4  __TI_Handler_Table_Base                               
00004cd0  __TI_Handler_Table_Limit                              
000042e5  __TI_auto_init                                        
20000124  __TI_cleanup_ptr                                      
00004433  __TI_decompress_lzss                                  
00004acd  __TI_decompress_none                                  
20000128  __TI_dtors_ptr                                        
2000012c  __TI_enable_exit_profile_output                       
ffffffff  __TI_pprof_out_hndl                                   
00001f71  __TI_printfi                                          
ffffffff  __TI_prof_data_size                                   
ffffffff  __TI_prof_data_start                                  
00000000  __TI_static_base__                                    
00004af5  __TI_zero_init                                        
000040ed  __aeabi_cdcmpeq                                       
000040ed  __aeabi_cdcmple                                       
00004173  __aeabi_cdrcmple                                      
000043c5  __aeabi_d2f                                           
00004891  __aeabi_d2iz                                          
00003787  __aeabi_dadd                                          
00003933  __aeabi_ddiv                                          
00003b6d  __aeabi_dmul                                          
0000377d  __aeabi_dsub                                          
000048d9  __aeabi_f2d                                           
00004911  __aeabi_i2d                                           
000041f9  __aeabi_memclr                                        
000041f9  __aeabi_memclr4                                       
000041f9  __aeabi_memclr8                                       
00004051  __aeabi_memcpy                                        
00004051  __aeabi_memcpy4                                       
00004051  __aeabi_memcpy8                                       
000041fb  __aeabi_memset                                        
000041fb  __aeabi_memset4                                       
000041fb  __aeabi_memset8                                       
000049ad  __aeabi_ui2d                                          
00003589  __aeabi_uldivmod                                      
ffffffff  __binit__                                             
ffffffff  __c_args__                                            
0000286b  __mpu_init                                            
2000fe00  __stack                                               
00004a19  _args_main                                            
00004621  _c_int00                                              
00004b0c  _ctypes_                                              
20000000  _ftable                                               
20000130  _lock                                                 
00004a7f  _nop                                                  
00004a77  _register_lock                                        
00004a71  _register_unlock                                      
00004273  _system_post_cinit                                    
00004b07  _system_pre_init                                      
20000134  _unlock                                               
00004679  abort                                                 
00003031  altitude_compensated_pressure_inchHg                  
00004765  atoi                                                  
ffffffff  binit                                                 
20000148  bme280                                                
00000471  bme280_compensate_humidity_int32                      
0000052d  bme280_compensate_humidity_int32_sixteen_bit_output   
000002e9  bme280_compensate_pressure_int32                      
000001e7  bme280_compensate_temperature_int32                   
0000025f  bme280_compensate_temperature_int32_sixteen_bit_output
000016a7  bme280_compute_wait_time                              
00000647  bme280_get_calib_param                                
000010fb  bme280_get_filter                                     
00001465  bme280_get_forced_uncomp_pressure_temperature_humidity
00000b5f  bme280_get_oversamp_humidity                          
000009ab  bme280_get_oversamp_pressure                          
000007e9  bme280_get_oversamp_temperature                       
00000d4d  bme280_get_power_mode                                 
00000f4d  bme280_get_spi3                                       
000012b1  bme280_get_standby_durn                               
000000e5  bme280_init                                           
000005e7  bme280_read_pressure_temperature_humidity             
00001661  bme280_read_register                                  
0000041b  bme280_read_uncomp_humidity                           
00000289  bme280_read_uncomp_pressure                           
00000555  bme280_read_uncomp_pressure_temperature_humidity      
00000187  bme280_read_uncomp_temperature                        
00003121  bme280_sensor_init                                    
00001151  bme280_set_filter                                     
00000bb9  bme280_set_oversamp_humidity                          
00000a07  bme280_set_oversamp_pressure                          
00000845  bme280_set_oversamp_temperature                       
00000da1  bme280_set_power_mode                                 
00000f0d  bme280_set_soft_rst                                   
00000f9b  bme280_set_spi3                                       
00001301  bme280_set_standby_durn                               
0000161b  bme280_write_register                                 
00003ec3  clk_init                                              
000047b1  copy_in                                               
00004a85  copysign                                              
00004a85  copysignl                                             
20000138  errno                                                 
00004681  exit                                                  
00004501  fputc                                                 
0000451f  fputs                                                 
00004565  frexp                                                 
00004565  frexpl                                                
200001bc  g_MCLKfreq                                            
200001c0  g_SMCLKfreq                                           
2000011c  g_humidity                                            
200000f0  g_i2c0                                                
20000118  g_pressure                                            
20000114  g_temperature                                         
20000120  g_temperature_f                                       
000031d9  get_bme280_values                                     
0000286d  init_i2c                                              
00000000  interruptVectors                                      
200001c8  intervalCnt                                           
00003c69  ldexp                                                 
00003c69  ldexpl                                                
000045c9  ltoa                                                  
00003d65  main                                                  
2000013c  main_func_sp                                          
000049cd  memccpy                                               
00004051  memcpy                                                
00004201  memset                                                
200001e0  ms_timeout                                            
200001d0  p_bme280                                              
0000435d  printf                                                
20000184  regData                                               
0000353d  return_UARTA2_rx_ptr                                  
00003c69  scalbn                                                
00003c69  scalbnl                                               
000047fd  setSystickTimeMs                                      
00003543  set_UARTA2_rx_ptr                                     
00004a47  strchr                                                
00004a99  strlen                                                
00004819  systick_init                                          
000033d9  uartA0_init                                           
0000347d  uartA0_read_rx_buff                                   
200001d4  uartA0_rx_buff                                        
200001dc  uartA0_rx_buff_len                                    
20000144  uartA0_rx_ptr                                         
00004965  uartA0_tx                                             
00003395  uartA0_tx_bytes                                       
00003359  uartA0_tx_str                                         
0000342b  uartA2_init                                           
0000349f  uartA2_read_rx_buff                                   
200001d8  uartA2_rx_buff                                        
200001de  uartA2_rx_buff_len                                    
20000146  uartA2_rx_ptr                                         
00004989  uartA2_tx                                             
000033b7  uartA2_tx_bytes                                       
00003377  uartA2_tx_str                                         
00004c50  uartAConfig                                           


GLOBAL SYMBOLS: SORTED BY Symbol Address 

address   name                                                  
-------   ----                                                  
00000000  __TI_static_base__                                    
00000000  interruptVectors                                      
000000e5  bme280_init                                           
00000187  bme280_read_uncomp_temperature                        
000001e7  bme280_compensate_temperature_int32                   
00000200  __STACK_SIZE                                          
0000025f  bme280_compensate_temperature_int32_sixteen_bit_output
00000289  bme280_read_uncomp_pressure                           
000002e9  bme280_compensate_pressure_int32                      
0000041b  bme280_read_uncomp_humidity                           
00000471  bme280_compensate_humidity_int32                      
0000052d  bme280_compensate_humidity_int32_sixteen_bit_output   
00000555  bme280_read_uncomp_pressure_temperature_humidity      
000005e7  bme280_read_pressure_temperature_humidity             
00000647  bme280_get_calib_param                                
000007e9  bme280_get_oversamp_temperature                       
00000845  bme280_set_oversamp_temperature                       
000009ab  bme280_get_oversamp_pressure                          
00000a07  bme280_set_oversamp_pressure                          
00000b5f  bme280_get_oversamp_humidity                          
00000bb9  bme280_set_oversamp_humidity                          
00000d4d  bme280_get_power_mode                                 
00000da1  bme280_set_power_mode                                 
00000f0d  bme280_set_soft_rst                                   
00000f4d  bme280_get_spi3                                       
00000f9b  bme280_set_spi3                                       
000010fb  bme280_get_filter                                     
00001151  bme280_set_filter                                     
000012b1  bme280_get_standby_durn                               
00001301  bme280_set_standby_durn                               
00001465  bme280_get_forced_uncomp_pressure_temperature_humidity
0000161b  bme280_write_register                                 
00001661  bme280_read_register                                  
000016a7  bme280_compute_wait_time                              
00001f71  __TI_printfi                                          
0000286b  __mpu_init                                            
0000286d  init_i2c                                              
000029a9  I2C_write                                             
00002b85  I2C_read                                              
00002d05  SystemCoreClockUpdate                                 
00002f79  SystemInit                                            
00003031  altitude_compensated_pressure_inchHg                  
00003069  SysTick_Handler                                       
00003069  SysTick_Handler                                       
00003079  BME280_I2C_bus_write                                  
0000309d  BME280_I2C_bus_read                                   
000030c1  BME280_delay_msek                                     
00003105  I2C_routine                                           
00003121  bme280_sensor_init                                    
000031d9  get_bme280_values                                     
00003359  uartA0_tx_str                                         
00003377  uartA2_tx_str                                         
00003395  uartA0_tx_bytes                                       
000033b7  uartA2_tx_bytes                                       
000033d9  uartA0_init                                           
0000342b  uartA2_init                                           
0000347d  uartA0_read_rx_buff                                   
0000349f  uartA2_read_rx_buff                                   
000034c1  EUSCIA0_IRQHandler                                    
000034c1  EUSCIA0_IRQHandler                                    
000034ff  EUSCIA2_IRQHandler                                    
000034ff  EUSCIA2_IRQHandler                                    
0000353d  return_UARTA2_rx_ptr                                  
00003543  set_UARTA2_rx_ptr                                     
00003589  __aeabi_uldivmod                                      
0000377d  __aeabi_dsub                                          
00003787  __aeabi_dadd                                          
00003933  __aeabi_ddiv                                          
00003a69  CS_getDCOFrequency                                    
00003b6d  __aeabi_dmul                                          
00003c69  ldexp                                                 
00003c69  ldexpl                                                
00003c69  scalbn                                                
00003c69  scalbnl                                               
00003d65  main                                                  
00003ec3  clk_init                                              
00003f19  CS_startHFXTWithTimeout                               
00004051  __aeabi_memcpy                                        
00004051  __aeabi_memcpy4                                       
00004051  __aeabi_memcpy8                                       
00004051  memcpy                                                
000040ed  __aeabi_cdcmpeq                                       
000040ed  __aeabi_cdcmple                                       
00004173  __aeabi_cdrcmple                                      
000041f9  __aeabi_memclr                                        
000041f9  __aeabi_memclr4                                       
000041f9  __aeabi_memclr8                                       
000041fb  __aeabi_memset                                        
000041fb  __aeabi_memset4                                       
000041fb  __aeabi_memset8                                       
00004201  memset                                                
00004273  _system_post_cinit                                    
000042e5  __TI_auto_init                                        
0000435d  printf                                                
000043c5  __aeabi_d2f                                           
00004433  __TI_decompress_lzss                                  
0000449d  Interrupt_enableInterrupt                             
00004501  fputc                                                 
0000451f  fputs                                                 
00004565  frexp                                                 
00004565  frexpl                                                
000045c9  ltoa                                                  
00004621  _c_int00                                              
00004675  C$$EXIT                                               
00004679  abort                                                 
00004681  exit                                                  
000046c9  SysCtl_getTLVInfo                                     
00004765  atoi                                                  
000047b1  copy_in                                               
000047fd  setSystickTimeMs                                      
00004819  systick_init                                          
00004891  __aeabi_d2iz                                          
000048d9  __aeabi_f2d                                           
00004911  __aeabi_i2d                                           
00004941  CS_clearInterruptFlag                                 
00004965  uartA0_tx                                             
00004989  uartA2_tx                                             
000049ad  __aeabi_ui2d                                          
000049cd  memccpy                                               
000049e9  CS_getMCLK                                            
00004a01  CS_getSMCLK                                           
00004a19  _args_main                                            
00004a31  UART_enableInterrupt                                  
00004a47  strchr                                                
00004a5d  CS_setExternalClockSourceFrequency                    
00004a71  _register_unlock                                      
00004a77  _register_lock                                        
00004a7f  _nop                                                  
00004a85  copysign                                              
00004a85  copysignl                                             
00004a99  strlen                                                
00004aad  SysCtl_disableNMISource                               
00004abd  SysCtl_enableNMISource                                
00004acd  __TI_decompress_none                                  
00004adb  Reset_Handler                                         
00004ae7  ADC14_IRQHandler                                      
00004ae7  AES256_IRQHandler                                     
00004ae7  BusFault_Handler                                      
00004ae7  COMP_E0_IRQHandler                                    
00004ae7  COMP_E1_IRQHandler                                    
00004ae7  CS_IRQHandler                                         
00004ae7  DMA_ERR_IRQHandler                                    
00004ae7  DMA_INT0_IRQHandler                                   
00004ae7  DMA_INT1_IRQHandler                                   
00004ae7  DMA_INT2_IRQHandler                                   
00004ae7  DMA_INT3_IRQHandler                                   
00004ae7  DebugMon_Handler                                      
00004ae7  Default_Handler                                       
00004ae7  EUSCIA1_IRQHandler                                    
00004ae7  EUSCIA3_IRQHandler                                    
00004ae7  EUSCIB0_IRQHandler                                    
00004ae7  EUSCIB1_IRQHandler                                    
00004ae7  EUSCIB2_IRQHandler                                    
00004ae7  EUSCIB3_IRQHandler                                    
00004ae7  FLCTL_IRQHandler                                      
00004ae7  FPU_IRQHandler                                        
00004ae7  HardFault_Handler                                     
00004ae7  MemManage_Handler                                     
00004ae7  NMI_Handler                                           
00004ae7  PCM_IRQHandler                                        
00004ae7  PORT1_IRQHandler                                      
00004ae7  PORT2_IRQHandler                                      
00004ae7  PORT3_IRQHandler                                      
00004ae7  PORT4_IRQHandler                                      
00004ae7  PORT5_IRQHandler                                      
00004ae7  PORT6_IRQHandler                                      
00004ae7  PSS_IRQHandler                                        
00004ae7  PendSV_Handler                                        
00004ae7  RTC_C_IRQHandler                                      
00004ae7  SVC_Handler                                           
00004ae7  T32_INT1_IRQHandler                                   
00004ae7  T32_INT2_IRQHandler                                   
00004ae7  T32_INTC_IRQHandler                                   
00004ae7  TA0_0_IRQHandler                                      
00004ae7  TA0_N_IRQHandler                                      
00004ae7  TA1_0_IRQHandler                                      
00004ae7  TA1_N_IRQHandler                                      
00004ae7  TA2_0_IRQHandler                                      
00004ae7  TA2_N_IRQHandler                                      
00004ae7  TA3_0_IRQHandler                                      
00004ae7  TA3_N_IRQHandler                                      
00004ae7  UsageFault_Handler                                    
00004ae7  WDT_A_IRQHandler                                      
00004ae9  SysCtl_getNMISourceStatus                             
00004af5  __TI_zero_init                                        
00004b01  CS_startHFXT                                          
00004b07  _system_pre_init                                      
00004b0c  _ctypes_                                              
00004c50  uartAConfig                                           
00004cc4  __TI_Handler_Table_Base                               
00004cd0  __TI_Handler_Table_Limit                              
00004cd8  __TI_CINIT_Base                                       
00004ce8  __TI_CINIT_Limit                                      
20000000  _ftable                                               
200000f0  g_i2c0                                                
20000114  g_temperature                                         
20000118  g_pressure                                            
2000011c  g_humidity                                            
20000120  g_temperature_f                                       
20000124  __TI_cleanup_ptr                                      
20000128  __TI_dtors_ptr                                        
2000012c  __TI_enable_exit_profile_output                       
20000130  _lock                                                 
20000134  _unlock                                               
20000138  errno                                                 
2000013c  main_func_sp                                          
20000140  SystemCoreClock                                       
20000144  uartA0_rx_ptr                                         
20000146  uartA2_rx_ptr                                         
20000148  bme280                                                
20000184  regData                                               
20000194  BRW                                                   
20000198  CTLW0                                                 
2000019c  CTLW1                                                 
200001a0  I2CSA                                                 
200001a4  IE                                                    
200001a8  IFG                                                   
200001ac  RXBUF                                                 
200001b0  STATW                                                 
200001b4  TBCNT                                                 
200001b8  TXBUF                                                 
200001bc  g_MCLKfreq                                            
200001c0  g_SMCLKfreq                                           
200001c8  intervalCnt                                           
200001d0  p_bme280                                              
200001d4  uartA0_rx_buff                                        
200001d8  uartA2_rx_buff                                        
200001dc  uartA0_rx_buff_len                                    
200001de  uartA2_rx_buff_len                                    
200001e0  ms_timeout                                            
2000fe00  __stack                                               
20010000  __STACK_END                                           
4000480c  WDTCTL_SYM                                            
ffffffff  __TI_pprof_out_hndl                                   
ffffffff  __TI_prof_data_size                                   
ffffffff  __TI_prof_data_start                                  
ffffffff  __binit__                                             
ffffffff  __c_args__                                            
ffffffff  binit                                                 
UNDEFED   SHT$$INIT_ARRAY$$Base                                 
UNDEFED   SHT$$INIT_ARRAY$$Limit                                

[241 symbols]
