******************************************************************************
                  TI ARM Linker PC v16.9.0                     
******************************************************************************
>> Linked Sun Oct 15 11:19:32 2017

OUTPUT FILE NAME:   <RespiratorySensorTest.out>
ENTRY POINT SYMBOL: "_c_int00"  address: 000024b9


MEMORY CONFIGURATION

         name            origin    length      used     unused   attr    fill
----------------------  --------  ---------  --------  --------  ----  --------
  MAIN                  00000000   00040000  0000299a  0003d666  R  X
  INFO                  00200000   00004000  00000000  00004000  R  X
  SRAM_CODE             01000000   00010000  00000364  0000fc9c  RW X
  SRAM_DATA             20000000   00010000  00000364  0000fc9c  RW  


SEGMENT ALLOCATION MAP

run origin  load origin   length   init length attrs members
----------  ----------- ---------- ----------- ----- -------
00000000    00000000    000029a0   000029a0    r-x
  00000000    00000000    000000e4   000000e4    r-- .intvecs
  000000e4    000000e4    0000270e   0000270e    r-x .text
  000027f4    000027f4    00000128   00000128    r-- .const
  00002920    00002920    00000080   00000080    r-- .cinit
20000000    20000000    00000164   00000000    rw-
  20000000    20000000    0000015c   00000000    rw- .data
  2000015c    2000015c    00000008   00000000    rw- .bss
2000fe00    2000fe00    00000200   00000000    rw-
  2000fe00    2000fe00    00000200   00000000    rw- .stack


SECTION ALLOCATION MAP

 output                                  attributes/
section   page    origin      length       input sections
--------  ----  ----------  ----------   ----------------
.intvecs   0    00000000    000000e4     
                  00000000    000000e4     startup_msp432p401r_ccs.obj (.intvecs:retain)

.binit     0    00000000    00000000     

.text      0    000000e4    0000270e     
                  000000e4    0000113a     rtsv7M4_T_le_v4SPD16_eabi.lib : _printfi.obj (.text)
                  0000121e    00000002                                   : mpu_init.obj (.text)
                  00001220    0000032c     system_msp432p401r.obj (.text)
                  0000154c    000001f4     rtsv7M4_T_le_v4SPD16_eabi.lib : ull_div_t2.obj (.text)
                  00001740    000001b6                                   : fd_add_t2.obj (.text)
                  000018f6    00000002                                   : startup.obj (.text)
                  000018f8    00000140     main.obj (.text)
                  00001a38    00000136     rtsv7M4_T_le_v4SPD16_eabi.lib : fd_div_t2.obj (.text)
                  00001b6e    000000fc                                   : fd_mul_t2.obj (.text)
                  00001c6a    00000002     --HOLE-- [fill = 0]
                  00001c6c    000000fc                                   : s_scalbn.obj (.text)
                  00001d68    000000b8     adc.obj (.text)
                  00001e20    000000a8     clk.obj (.text)
                  00001ec8    0000009c     msp432p4xx_driverlib.lib : cs.o (.text:CS_startHFXTWithTimeout)
                  00001f64    0000009c     rtsv7M4_T_le_v4SPD16_eabi.lib : memcpy_t2.obj (.text)
                  00002000    00000086                                   : fd_cmp_t2.obj (.text:__aeabi_cdcmple)
                  00002086    00000086                                   : fd_cmp_t2.obj (.text:__aeabi_cdrcmple)
                  0000210c    0000007a                                   : memset_t2.obj (.text)
                  00002186    00000002     --HOLE-- [fill = 0]
                  00002188    00000070     msp432p4xx_driverlib.lib : cs.o (.text:_CSGetHFXTFrequency)
                  000021f8    00000070     rtsv7M4_T_le_v4SPD16_eabi.lib : autoinit.obj (.text)
                  00002268    00000070                                   : printf.obj (.text)
                  000022d8    00000068                                   : copy_decompress_lzss.obj (.text:decompress:lzss)
                  00002340    00000064     printfOverride.obj (.text)
                  000023a4    00000064     rtsv7M4_T_le_v4SPD16_eabi.lib : s_frexp.obj (.text)
                  00002408    00000058     debug.obj (.text)
                  00002460    00000056     rtsv7M4_T_le_v4SPD16_eabi.lib : ltoa.obj (.text)
                  000024b6    00000002     --HOLE-- [fill = 0]
                  000024b8    00000054                                   : boot.obj (.text)
                  0000250c    00000054                                   : exit.obj (.text)
                  00002560    0000004c                                   : atoi.obj (.text)
                  000025ac    0000004c                                   : cpy_tbl.obj (.text)
                  000025f8    0000004c     systick.obj (.text)
                  00002644    00000048     rtsv7M4_T_le_v4SPD16_eabi.lib : fd_toi_t2.obj (.text)
                  0000268c    0000002e                                   : i_tofd_t2.obj (.text)
                  000026ba    00000002     --HOLE-- [fill = 0]
                  000026bc    00000024     msp432p4xx_driverlib.lib : gpio.o (.text:GPIO_setAsOutputPin)
                  000026e0    0000001c     rtsv7M4_T_le_v4SPD16_eabi.lib : memccpy.obj (.text)
                  000026fc    00000018     msp432p4xx_driverlib.lib : gpio.o (.text:GPIO_setOutputLowOnPin)
                  00002714    00000018     rtsv7M4_T_le_v4SPD16_eabi.lib : args_main.obj (.text)
                  0000272c    00000016                                   : strchr.obj (.text)
                  00002742    00000002     --HOLE-- [fill = 0]
                  00002744    00000014     msp432p4xx_driverlib.lib : cs.o (.text:CS_setExternalClockSourceFrequency)
                  00002758    00000014     rtsv7M4_T_le_v4SPD16_eabi.lib : _lock.obj (.text)
                  0000276c    00000014                                   : s_copysign.obj (.text)
                  00002780    00000014                                   : strlen.obj (.text)
                  00002794    00000010     msp432p4xx_driverlib.lib : sysctl.o (.text:SysCtl_disableNMISource)
                  000027a4    00000010                              : sysctl.o (.text:SysCtl_enableNMISource)
                  000027b4    0000000e     rtsv7M4_T_le_v4SPD16_eabi.lib : copy_decompress_none.obj (.text:decompress:none)
                  000027c2    0000000e     startup_msp432p401r_ccs.obj (.text)
                  000027d0    0000000c     msp432p4xx_driverlib.lib : sysctl.o (.text:SysCtl_getNMISourceStatus)
                  000027dc    0000000c     rtsv7M4_T_le_v4SPD16_eabi.lib : copy_zero_init.obj (.text:decompress:ZI)
                  000027e8    00000006     msp432p4xx_driverlib.lib : cs.o (.text:CS_startHFXT)
                  000027ee    00000004     rtsv7M4_T_le_v4SPD16_eabi.lib : pre_init.obj (.text)

.const     0    000027f4    00000128     
                  000027f4    00000101     rtsv7M4_T_le_v4SPD16_eabi.lib : ctype.obj (.const:.string:_ctypes_)
                  000028f5    00000003     --HOLE-- [fill = 0]
                  000028f8    00000024     debug.obj (.const:uartConfig)

.cinit     0    00002920    00000080     
                  00002920    00000057     (.cinit..data.load) [load image, compression = lzss]
                  00002977    00000001     --HOLE-- [fill = 0]
                  00002978    0000000c     (__TI_handler_table)
                  00002984    00000004     --HOLE-- [fill = 0]
                  00002988    00000008     (.cinit..bss.load) [load image, compression = zero_init]
                  00002990    00000010     (__TI_cinit_table)

.init_array 
*          0    00000000    00000000     UNINITIALIZED

.data      0    20000000    0000015c     UNINITIALIZED
                  20000000    000000f0     rtsv7M4_T_le_v4SPD16_eabi.lib : defs.obj (.data:_ftable)
                  200000f0    00000030     msp432p4xx_driverlib.lib : gpio.o (.data:GPIO_PORT_TO_BASE)
                  20000120    0000001c     main.obj (.data)
                  2000013c    0000000c     rtsv7M4_T_le_v4SPD16_eabi.lib : exit.obj (.data:$O1$$)
                  20000148    00000008                                   : _lock.obj (.data:$O1$$)
                  20000150    00000004                                   : errno.obj (.data)
                  20000154    00000004                                   : stkdepth_vars.obj (.data)
                  20000158    00000004     system_msp432p401r.obj (.data)

.bss       0    2000015c    00000008     UNINITIALIZED
                  2000015c    00000004     (.common:hfxtFreq)
                  20000160    00000004     (.common:lfxtFreq)

.stack     0    2000fe00    00000200     UNINITIALIZED
                  2000fe00    00000200     --HOLE--

MODULE SUMMARY

       Module                        code   ro data   rw data
       ------                        ----   -------   -------
    .\
       system_msp432p401r.obj        812    0         8      
       main.obj                      320    0         56     
       startup_msp432p401r_ccs.obj   14     228       0      
       adc.obj                       184    0         0      
       clk.obj                       168    0         0      
       debug.obj                     88     36        0      
       printfOverride.obj            100    0         0      
       systick.obj                   76     0         0      
    +--+-----------------------------+------+---------+---------+
       Total:                        1762   264       64     
                                                             
    C:/ti/msp/MSP432Ware_3_50_00_02/driverlib/driverlib/MSP432P4xx/ccs/msp432p4xx_driverlib.lib
       cs.o                          294    0         16     
       gpio.o                        60     0         96     
       sysctl.o                      44     0         0      
    +--+-----------------------------+------+---------+---------+
       Total:                        398    0         112    
                                                             
    C:\ti\ccsv7\tools\compiler\ti-cgt-arm_16.9.0.LTS\lib\rtsv7M4_T_le_v4SPD16_eabi.lib
       _printfi.obj                  4410   0         0      
       ull_div_t2.obj                500    0         0      
       defs.obj                      0      0         480    
       fd_add_t2.obj                 438    0         0      
       fd_div_t2.obj                 310    0         0      
       fd_cmp_t2.obj                 268    0         0      
       ctype.obj                     0      257       0      
       fd_mul_t2.obj                 252    0         0      
       s_scalbn.obj                  252    0         0      
       memcpy_t2.obj                 156    0         0      
       memset_t2.obj                 122    0         0      
       autoinit.obj                  112    0         0      
       printf.obj                    112    0         0      
       exit.obj                      84     0         24     
       copy_decompress_lzss.obj      104    0         0      
       s_frexp.obj                   100    0         0      
       ltoa.obj                      86     0         0      
       boot.obj                      84     0         0      
       atoi.obj                      76     0         0      
       cpy_tbl.obj                   76     0         0      
       fd_toi_t2.obj                 72     0         0      
       i_tofd_t2.obj                 46     0         0      
       _lock.obj                     20     0         16     
       memccpy.obj                   28     0         0      
       args_main.obj                 24     0         0      
       strchr.obj                    22     0         0      
       s_copysign.obj                20     0         0      
       strlen.obj                    20     0         0      
       copy_decompress_none.obj      14     0         0      
       copy_zero_init.obj            12     0         0      
       errno.obj                     0      0         8      
       stkdepth_vars.obj             0      0         8      
       pre_init.obj                  4      0         0      
       mpu_init.obj                  2      0         0      
       startup.obj                   2      0         0      
    +--+-----------------------------+------+---------+---------+
       Total:                        7828   257       536    
                                                             
       Stack:                        0      0         1024   
       Linker Generated:             0      123       0      
    +--+-----------------------------+------+---------+---------+
       Grand Total:                  9988   644       1736   


LINKER GENERATED COPY TABLES

__TI_cinit_table @ 00002990 records: 2, size/record: 8, table size: 16
	.data: load addr=00002920, load size=00000057 bytes, run addr=20000000, run size=0000015c bytes, compression=lzss
	.bss: load addr=00002988, load size=00000008 bytes, run addr=2000015c, run size=00000008 bytes, compression=zero_init


LINKER GENERATED HANDLER TABLE

__TI_handler_table @ 00002978 records: 3, size/record: 4, table size: 12
	index: 0, handler: __TI_decompress_lzss
	index: 1, handler: __TI_decompress_none
	index: 2, handler: __TI_zero_init


GLOBAL SYMBOLS: SORTED ALPHABETICALLY BY Name 

address   name                              
-------   ----                              
00001969  ADC14_IRQHandler                  
00001969  ADC14_IRQHandler                  
000027cf  AES256_IRQHandler                 
000027cf  BusFault_Handler                  
0000250d  C$$EXIT                           
000027cf  COMP_E0_IRQHandler                
000027cf  COMP_E1_IRQHandler                
000027cf  CS_IRQHandler                     
00002745  CS_setExternalClockSourceFrequency
000027e9  CS_startHFXT                      
00001ec9  CS_startHFXTWithTimeout           
000027cf  DMA_ERR_IRQHandler                
000027cf  DMA_INT0_IRQHandler               
000027cf  DMA_INT1_IRQHandler               
000027cf  DMA_INT2_IRQHandler               
000027cf  DMA_INT3_IRQHandler               
000027cf  DebugMon_Handler                  
000027cf  Default_Handler                   
000027cf  EUSCIA0_IRQHandler                
000027cf  EUSCIA1_IRQHandler                
000027cf  EUSCIA2_IRQHandler                
000027cf  EUSCIA3_IRQHandler                
000027cf  EUSCIB0_IRQHandler                
000027cf  EUSCIB1_IRQHandler                
000027cf  EUSCIB2_IRQHandler                
000027cf  EUSCIB3_IRQHandler                
000027cf  FLCTL_IRQHandler                  
000027cf  FPU_IRQHandler                    
000026bd  GPIO_setAsOutputPin               
000026fd  GPIO_setOutputLowOnPin            
000027cf  HardFault_Handler                 
000027cf  MemManage_Handler                 
000027cf  NMI_Handler                       
000027cf  PCM_IRQHandler                    
000027cf  PORT1_IRQHandler                  
000027cf  PORT2_IRQHandler                  
000027cf  PORT3_IRQHandler                  
000027cf  PORT4_IRQHandler                  
000027cf  PORT5_IRQHandler                  
000027cf  PORT6_IRQHandler                  
000027cf  PSS_IRQHandler                    
000027cf  PendSV_Handler                    
000027cf  RTC_C_IRQHandler                  
000027c3  Reset_Handler                     
UNDEFED   SHT$$INIT_ARRAY$$Base             
UNDEFED   SHT$$INIT_ARRAY$$Limit            
000027cf  SVC_Handler                       
00002795  SysCtl_disableNMISource           
000027a5  SysCtl_enableNMISource            
000027d1  SysCtl_getNMISourceStatus         
000019af  SysTick_Handler                   
000019af  SysTick_Handler                   
20000158  SystemCoreClock                   
00001221  SystemCoreClockUpdate             
00001495  SystemInit                        
000027cf  T32_INT1_IRQHandler               
000027cf  T32_INT2_IRQHandler               
000027cf  T32_INTC_IRQHandler               
000027cf  TA0_0_IRQHandler                  
000027cf  TA0_N_IRQHandler                  
000027cf  TA1_0_IRQHandler                  
000027cf  TA1_N_IRQHandler                  
000027cf  TA2_0_IRQHandler                  
000027cf  TA2_N_IRQHandler                  
000027cf  TA3_0_IRQHandler                  
000027cf  TA3_N_IRQHandler                  
000027cf  UsageFault_Handler                
4000480c  WDTCTL_SYM                        
000027cf  WDT_A_IRQHandler                  
20010000  __STACK_END                       
00000200  __STACK_SIZE                      
00002990  __TI_CINIT_Base                   
000029a0  __TI_CINIT_Limit                  
00002978  __TI_Handler_Table_Base           
00002984  __TI_Handler_Table_Limit          
000021f9  __TI_auto_init                    
2000013c  __TI_cleanup_ptr                  
000022d9  __TI_decompress_lzss              
000027b5  __TI_decompress_none              
20000140  __TI_dtors_ptr                    
20000144  __TI_enable_exit_profile_output   
ffffffff  __TI_pprof_out_hndl               
00000925  __TI_printfi                      
ffffffff  __TI_prof_data_size               
ffffffff  __TI_prof_data_start              
00000000  __TI_static_base__                
000027dd  __TI_zero_init                    
00002001  __aeabi_cdcmpeq                   
00002001  __aeabi_cdcmple                   
00002087  __aeabi_cdrcmple                  
00002645  __aeabi_d2iz                      
0000174b  __aeabi_dadd                      
00001a39  __aeabi_ddiv                      
00001b6f  __aeabi_dmul                      
00001741  __aeabi_dsub                      
0000268d  __aeabi_i2d                       
0000210d  __aeabi_memclr                    
0000210d  __aeabi_memclr4                   
0000210d  __aeabi_memclr8                   
00001f65  __aeabi_memcpy                    
00001f65  __aeabi_memcpy4                   
00001f65  __aeabi_memcpy8                   
0000210f  __aeabi_memset                    
0000210f  __aeabi_memset4                   
0000210f  __aeabi_memset8                   
0000154d  __aeabi_uldivmod                  
ffffffff  __binit__                         
ffffffff  __c_args__                        
0000121f  __mpu_init                        
2000fe00  __stack                           
00002715  _args_main                        
000024b9  _c_int00                          
000027f4  _ctypes_                          
20000000  _ftable                           
20000148  _lock                             
00002767  _nop                              
0000275f  _register_lock                    
00002759  _register_unlock                  
000018f7  _system_post_cinit                
000027ef  _system_pre_init                  
2000014c  _unlock                           
00002511  abort                             
20000124  adcSamplingPeriod                 
00001d69  adc_init                          
00001e03  adc_start_sample                  
20000120  adc_state                         
00002561  atoi                              
ffffffff  binit                             
00001e8b  clk_init                          
000025ad  copy_in                           
0000276d  copysign                          
0000276d  copysignl                         
2000012c  curADCResult                      
00002409  debug_init                        
20000150  errno                             
00002519  exit                              
00002341  fputc                             
0000235f  fputs                             
000023a5  frexp                             
000023a5  frexpl                            
00000000  interruptVectors                  
00001c6d  ldexp                             
00001c6d  ldexpl                            
00002461  ltoa                              
0000191d  main                              
20000154  main_func_sp                      
000026e1  memccpy                           
00001f65  memcpy                            
00002115  memset                            
20000128  normalizedADCRes                  
00002271  printf                            
00001c6d  scalbn                            
00001c6d  scalbnl                           
000025f9  setSystickTimeMs                  
0000272d  strchr                            
00002781  strlen                            
00002615  systick_init                      
000028f8  uartConfig                        


GLOBAL SYMBOLS: SORTED BY Symbol Address 

address   name                              
-------   ----                              
00000000  __TI_static_base__                
00000000  interruptVectors                  
00000200  __STACK_SIZE                      
00000925  __TI_printfi                      
0000121f  __mpu_init                        
00001221  SystemCoreClockUpdate             
00001495  SystemInit                        
0000154d  __aeabi_uldivmod                  
00001741  __aeabi_dsub                      
0000174b  __aeabi_dadd                      
000018f7  _system_post_cinit                
0000191d  main                              
00001969  ADC14_IRQHandler                  
00001969  ADC14_IRQHandler                  
000019af  SysTick_Handler                   
000019af  SysTick_Handler                   
00001a39  __aeabi_ddiv                      
00001b6f  __aeabi_dmul                      
00001c6d  ldexp                             
00001c6d  ldexpl                            
00001c6d  scalbn                            
00001c6d  scalbnl                           
00001d69  adc_init                          
00001e03  adc_start_sample                  
00001e8b  clk_init                          
00001ec9  CS_startHFXTWithTimeout           
00001f65  __aeabi_memcpy                    
00001f65  __aeabi_memcpy4                   
00001f65  __aeabi_memcpy8                   
00001f65  memcpy                            
00002001  __aeabi_cdcmpeq                   
00002001  __aeabi_cdcmple                   
00002087  __aeabi_cdrcmple                  
0000210d  __aeabi_memclr                    
0000210d  __aeabi_memclr4                   
0000210d  __aeabi_memclr8                   
0000210f  __aeabi_memset                    
0000210f  __aeabi_memset4                   
0000210f  __aeabi_memset8                   
00002115  memset                            
000021f9  __TI_auto_init                    
00002271  printf                            
000022d9  __TI_decompress_lzss              
00002341  fputc                             
0000235f  fputs                             
000023a5  frexp                             
000023a5  frexpl                            
00002409  debug_init                        
00002461  ltoa                              
000024b9  _c_int00                          
0000250d  C$$EXIT                           
00002511  abort                             
00002519  exit                              
00002561  atoi                              
000025ad  copy_in                           
000025f9  setSystickTimeMs                  
00002615  systick_init                      
00002645  __aeabi_d2iz                      
0000268d  __aeabi_i2d                       
000026bd  GPIO_setAsOutputPin               
000026e1  memccpy                           
000026fd  GPIO_setOutputLowOnPin            
00002715  _args_main                        
0000272d  strchr                            
00002745  CS_setExternalClockSourceFrequency
00002759  _register_unlock                  
0000275f  _register_lock                    
00002767  _nop                              
0000276d  copysign                          
0000276d  copysignl                         
00002781  strlen                            
00002795  SysCtl_disableNMISource           
000027a5  SysCtl_enableNMISource            
000027b5  __TI_decompress_none              
000027c3  Reset_Handler                     
000027cf  AES256_IRQHandler                 
000027cf  BusFault_Handler                  
000027cf  COMP_E0_IRQHandler                
000027cf  COMP_E1_IRQHandler                
000027cf  CS_IRQHandler                     
000027cf  DMA_ERR_IRQHandler                
000027cf  DMA_INT0_IRQHandler               
000027cf  DMA_INT1_IRQHandler               
000027cf  DMA_INT2_IRQHandler               
000027cf  DMA_INT3_IRQHandler               
000027cf  DebugMon_Handler                  
000027cf  Default_Handler                   
000027cf  EUSCIA0_IRQHandler                
000027cf  EUSCIA1_IRQHandler                
000027cf  EUSCIA2_IRQHandler                
000027cf  EUSCIA3_IRQHandler                
000027cf  EUSCIB0_IRQHandler                
000027cf  EUSCIB1_IRQHandler                
000027cf  EUSCIB2_IRQHandler                
000027cf  EUSCIB3_IRQHandler                
000027cf  FLCTL_IRQHandler                  
000027cf  FPU_IRQHandler                    
000027cf  HardFault_Handler                 
000027cf  MemManage_Handler                 
000027cf  NMI_Handler                       
000027cf  PCM_IRQHandler                    
000027cf  PORT1_IRQHandler                  
000027cf  PORT2_IRQHandler                  
000027cf  PORT3_IRQHandler                  
000027cf  PORT4_IRQHandler                  
000027cf  PORT5_IRQHandler                  
000027cf  PORT6_IRQHandler                  
000027cf  PSS_IRQHandler                    
000027cf  PendSV_Handler                    
000027cf  RTC_C_IRQHandler                  
000027cf  SVC_Handler                       
000027cf  T32_INT1_IRQHandler               
000027cf  T32_INT2_IRQHandler               
000027cf  T32_INTC_IRQHandler               
000027cf  TA0_0_IRQHandler                  
000027cf  TA0_N_IRQHandler                  
000027cf  TA1_0_IRQHandler                  
000027cf  TA1_N_IRQHandler                  
000027cf  TA2_0_IRQHandler                  
000027cf  TA2_N_IRQHandler                  
000027cf  TA3_0_IRQHandler                  
000027cf  TA3_N_IRQHandler                  
000027cf  UsageFault_Handler                
000027cf  WDT_A_IRQHandler                  
000027d1  SysCtl_getNMISourceStatus         
000027dd  __TI_zero_init                    
000027e9  CS_startHFXT                      
000027ef  _system_pre_init                  
000027f4  _ctypes_                          
000028f8  uartConfig                        
00002978  __TI_Handler_Table_Base           
00002984  __TI_Handler_Table_Limit          
00002990  __TI_CINIT_Base                   
000029a0  __TI_CINIT_Limit                  
20000000  _ftable                           
20000120  adc_state                         
20000124  adcSamplingPeriod                 
20000128  normalizedADCRes                  
2000012c  curADCResult                      
2000013c  __TI_cleanup_ptr                  
20000140  __TI_dtors_ptr                    
20000144  __TI_enable_exit_profile_output   
20000148  _lock                             
2000014c  _unlock                           
20000150  errno                             
20000154  main_func_sp                      
20000158  SystemCoreClock                   
2000fe00  __stack                           
20010000  __STACK_END                       
4000480c  WDTCTL_SYM                        
ffffffff  __TI_pprof_out_hndl               
ffffffff  __TI_prof_data_size               
ffffffff  __TI_prof_data_start              
ffffffff  __binit__                         
ffffffff  __c_args__                        
ffffffff  binit                             
UNDEFED   SHT$$INIT_ARRAY$$Base             
UNDEFED   SHT$$INIT_ARRAY$$Limit            

[158 symbols]
