******************************************************************************
                  TI ARM Linker PC v16.9.0                     
******************************************************************************
>> Linked Sun Oct 15 19:40:18 2017

OUTPUT FILE NAME:   <RespiratorySensorFinal.out>
ENTRY POINT SYMBOL: "_c_int00"  address: 00002bd5


MEMORY CONFIGURATION

         name            origin    length      used     unused   attr    fill
----------------------  --------  ---------  --------  --------  ----  --------
  MAIN                  00000000   00040000  0000313a  0003cec6  R  X
  INFO                  00200000   00004000  00000000  00004000  R  X
  SRAM_CODE             01000000   00010000  000009a0  0000f660  RW X
  SRAM_DATA             20000000   00010000  000009a0  0000f660  RW  


SEGMENT ALLOCATION MAP

run origin  load origin   length   init length attrs members
----------  ----------- ---------- ----------- ----- -------
00000000    00000000    00003140   00003140    r-x
  00000000    00000000    000000e4   000000e4    r-- .intvecs
  000000e4    000000e4    00002e6a   00002e6a    r-x .text
  00002f50    00002f50    00000164   00000164    r-- .const
  000030b8    000030b8    00000088   00000088    r-- .cinit
20000000    20000000    000007a0   00000000    rw-
  20000000    20000000    00000798   00000000    rw- .data
  20000798    20000798    00000008   00000000    rw- .bss
2000fe00    2000fe00    00000200   00000000    rw-
  2000fe00    2000fe00    00000200   00000000    rw- .stack


SECTION ALLOCATION MAP

 output                                  attributes/
section   page    origin      length       input sections
--------  ----  ----------  ----------   ----------------
.intvecs   0    00000000    000000e4     
                  00000000    000000e4     startup_msp432p401r_ccs.obj (.intvecs:retain)

.binit     0    00000000    00000000     

.text      0    000000e4    00002e6a     
                  000000e4    0000113a     rtsv7M4_T_le_v4SPD16_eabi.lib : _printfi.obj (.text)
                  0000121e    00000002                                   : mpu_init.obj (.text)
                  00001220    00000688     RRAlgorithm.obj (.text)
                  000018a8    0000032c     system_msp432p401r.obj (.text)
                  00001bd4    00000230     main.obj (.text)
                  00001e04    000001f4     rtsv7M4_T_le_v4SPD16_eabi.lib : ull_div_t2.obj (.text)
                  00001ff8    000001b6                                   : fd_add_t2.obj (.text)
                  000021ae    00000136                                   : fd_div_t2.obj (.text)
                  000022e4    000000fc                                   : fd_mul_t2.obj (.text)
                  000023e0    000000fc                                   : s_scalbn.obj (.text)
                  000024dc    000000b8     adc.obj (.text)
                  00002594    000000a8     clk.obj (.text)
                  0000263c    0000009c     msp432p4xx_driverlib.lib : cs.o (.text:CS_startHFXTWithTimeout)
                  000026d8    0000009c     rtsv7M4_T_le_v4SPD16_eabi.lib : memcpy_t2.obj (.text)
                  00002774    00000086                                   : fd_cmp_t2.obj (.text:__aeabi_cdcmple)
                  000027fa    00000086                                   : fd_cmp_t2.obj (.text:__aeabi_cdrcmple)
                  00002880    0000007a                                   : memset_t2.obj (.text)
                  000028fa    00000002                                   : startup.obj (.text)
                  000028fc    00000070     msp432p4xx_driverlib.lib : cs.o (.text:_CSGetHFXTFrequency)
                  0000296c    00000070     rtsv7M4_T_le_v4SPD16_eabi.lib : autoinit.obj (.text)
                  000029dc    00000070                                   : printf.obj (.text)
                  00002a4c    00000068                                   : copy_decompress_lzss.obj (.text:decompress:lzss)
                  00002ab4    00000064     printfOverride.obj (.text)
                  00002b18    00000064     rtsv7M4_T_le_v4SPD16_eabi.lib : s_frexp.obj (.text)
                  00002b7c    00000056                                   : ltoa.obj (.text)
                  00002bd2    00000002     --HOLE-- [fill = 0]
                  00002bd4    00000054                                   : boot.obj (.text)
                  00002c28    00000054                                   : exit.obj (.text)
                  00002c7c    0000004c                                   : atoi.obj (.text)
                  00002cc8    0000004c                                   : cpy_tbl.obj (.text)
                  00002d14    0000004c     systick.obj (.text)
                  00002d60    00000048     rtsv7M4_T_le_v4SPD16_eabi.lib : fd_toi_t2.obj (.text)
                  00002da8    00000040     debug.obj (.text)
                  00002de8    0000002e     rtsv7M4_T_le_v4SPD16_eabi.lib : i_tofd_t2.obj (.text)
                  00002e16    00000002     --HOLE-- [fill = 0]
                  00002e18    00000024     msp432p4xx_driverlib.lib : gpio.o (.text:GPIO_setAsOutputPin)
                  00002e3c    0000001c     rtsv7M4_T_le_v4SPD16_eabi.lib : memccpy.obj (.text)
                  00002e58    00000018     msp432p4xx_driverlib.lib : gpio.o (.text:GPIO_setOutputLowOnPin)
                  00002e70    00000018     rtsv7M4_T_le_v4SPD16_eabi.lib : args_main.obj (.text)
                  00002e88    00000016                                   : strchr.obj (.text)
                  00002e9e    00000002     --HOLE-- [fill = 0]
                  00002ea0    00000014     msp432p4xx_driverlib.lib : cs.o (.text:CS_setExternalClockSourceFrequency)
                  00002eb4    00000014     rtsv7M4_T_le_v4SPD16_eabi.lib : _lock.obj (.text)
                  00002ec8    00000014                                   : s_copysign.obj (.text)
                  00002edc    00000014                                   : strlen.obj (.text)
                  00002ef0    00000010     msp432p4xx_driverlib.lib : sysctl.o (.text:SysCtl_disableNMISource)
                  00002f00    00000010                              : sysctl.o (.text:SysCtl_enableNMISource)
                  00002f10    0000000e     rtsv7M4_T_le_v4SPD16_eabi.lib : copy_decompress_none.obj (.text:decompress:none)
                  00002f1e    0000000e     startup_msp432p401r_ccs.obj (.text)
                  00002f2c    0000000c     msp432p4xx_driverlib.lib : sysctl.o (.text:SysCtl_getNMISourceStatus)
                  00002f38    0000000c     rtsv7M4_T_le_v4SPD16_eabi.lib : copy_zero_init.obj (.text:decompress:ZI)
                  00002f44    00000006     msp432p4xx_driverlib.lib : cs.o (.text:CS_startHFXT)
                  00002f4a    00000004     rtsv7M4_T_le_v4SPD16_eabi.lib : pre_init.obj (.text)

.const     0    00002f50    00000164     
                  00002f50    00000101     rtsv7M4_T_le_v4SPD16_eabi.lib : ctype.obj (.const:.string:_ctypes_)
                  00003051    00000001     --HOLE-- [fill = 0]
                  00003052    0000003e     RRAlgorithm.obj (.const:auw_hamm)
                  00003090    00000024     debug.obj (.const:uartConfig)

.cinit     0    000030b8    00000088     
                  000030b8    0000005f     (.cinit..data.load) [load image, compression = lzss]
                  00003117    00000001     --HOLE-- [fill = 0]
                  00003118    0000000c     (__TI_handler_table)
                  00003124    00000004     --HOLE-- [fill = 0]
                  00003128    00000008     (.cinit..bss.load) [load image, compression = zero_init]
                  00003130    00000010     (__TI_cinit_table)

.init_array 
*          0    00000000    00000000     UNINITIALIZED

.data      0    20000000    00000798     UNINITIALIZED
                  20000000    00000320     main.obj (.data:g_rr_buff)
                  20000320    00000320     main.obj (.data:g_rr_temp_buff)
                  20000640    000000f0     rtsv7M4_T_le_v4SPD16_eabi.lib : defs.obj (.data:_ftable)
                  20000730    00000030     msp432p4xx_driverlib.lib : gpio.o (.data:GPIO_PORT_TO_BASE)
                  20000760    00000018     main.obj (.data)
                  20000778    0000000c     rtsv7M4_T_le_v4SPD16_eabi.lib : exit.obj (.data:$O1$$)
                  20000784    00000008                                   : _lock.obj (.data:$O1$$)
                  2000078c    00000004                                   : errno.obj (.data)
                  20000790    00000004                                   : stkdepth_vars.obj (.data)
                  20000794    00000004     system_msp432p401r.obj (.data)

.bss       0    20000798    00000008     UNINITIALIZED
                  20000798    00000004     (.common:hfxtFreq)
                  2000079c    00000004     (.common:lfxtFreq)

.stack     0    2000fe00    00000200     UNINITIALIZED
                  2000fe00    00000200     --HOLE--

MODULE SUMMARY

       Module                        code    ro data   rw data
       ------                        ----    -------   -------
    .\
       main.obj                      560     0         3248   
       RRAlgorithm.obj               1672    62        0      
       system_msp432p401r.obj        812     0         8      
       startup_msp432p401r_ccs.obj   14      228       0      
       adc.obj                       184     0         0      
       clk.obj                       168     0         0      
       debug.obj                     64      36        0      
       printfOverride.obj            100     0         0      
       systick.obj                   76      0         0      
    +--+-----------------------------+-------+---------+---------+
       Total:                        3650    326       3256   
                                                              
    C:/ti/msp/MSP432Ware_3_50_00_02/driverlib/driverlib/MSP432P4xx/ccs/msp432p4xx_driverlib.lib
       cs.o                          294     0         16     
       gpio.o                        60      0         96     
       sysctl.o                      44      0         0      
    +--+-----------------------------+-------+---------+---------+
       Total:                        398     0         112    
                                                              
    C:\ti\ccsv7\tools\compiler\ti-cgt-arm_16.9.0.LTS\lib\rtsv7M4_T_le_v4SPD16_eabi.lib
       _printfi.obj                  4410    0         0      
       ull_div_t2.obj                500     0         0      
       defs.obj                      0       0         480    
       fd_add_t2.obj                 438     0         0      
       fd_div_t2.obj                 310     0         0      
       fd_cmp_t2.obj                 268     0         0      
       ctype.obj                     0       257       0      
       fd_mul_t2.obj                 252     0         0      
       s_scalbn.obj                  252     0         0      
       memcpy_t2.obj                 156     0         0      
       memset_t2.obj                 122     0         0      
       autoinit.obj                  112     0         0      
       printf.obj                    112     0         0      
       exit.obj                      84      0         24     
       copy_decompress_lzss.obj      104     0         0      
       s_frexp.obj                   100     0         0      
       ltoa.obj                      86      0         0      
       boot.obj                      84      0         0      
       atoi.obj                      76      0         0      
       cpy_tbl.obj                   76      0         0      
       fd_toi_t2.obj                 72      0         0      
       i_tofd_t2.obj                 46      0         0      
       _lock.obj                     20      0         16     
       memccpy.obj                   28      0         0      
       args_main.obj                 24      0         0      
       strchr.obj                    22      0         0      
       s_copysign.obj                20      0         0      
       strlen.obj                    20      0         0      
       copy_decompress_none.obj      14      0         0      
       copy_zero_init.obj            12      0         0      
       errno.obj                     0       0         8      
       stkdepth_vars.obj             0       0         8      
       pre_init.obj                  4       0         0      
       mpu_init.obj                  2       0         0      
       startup.obj                   2       0         0      
    +--+-----------------------------+-------+---------+---------+
       Total:                        7828    257       536    
                                                              
       Stack:                        0       0         1024   
       Linker Generated:             0       131       0      
    +--+-----------------------------+-------+---------+---------+
       Grand Total:                  11876   714       4928   


LINKER GENERATED COPY TABLES

__TI_cinit_table @ 00003130 records: 2, size/record: 8, table size: 16
	.data: load addr=000030b8, load size=0000005f bytes, run addr=20000000, run size=00000798 bytes, compression=lzss
	.bss: load addr=00003128, load size=00000008 bytes, run addr=20000798, run size=00000008 bytes, compression=zero_init


LINKER GENERATED HANDLER TABLE

__TI_handler_table @ 00003118 records: 3, size/record: 4, table size: 12
	index: 0, handler: __TI_decompress_lzss
	index: 1, handler: __TI_decompress_none
	index: 2, handler: __TI_zero_init


GLOBAL SYMBOLS: SORTED ALPHABETICALLY BY Name 

address   name                              
-------   ----                              
00001ced  ADC14_IRQHandler                  
00001ced  ADC14_IRQHandler                  
00002f2b  AES256_IRQHandler                 
00002f2b  BusFault_Handler                  
00002c29  C$$EXIT                           
00002f2b  COMP_E0_IRQHandler                
00002f2b  COMP_E1_IRQHandler                
00002f2b  CS_IRQHandler                     
00002ea1  CS_setExternalClockSourceFrequency
00002f45  CS_startHFXT                      
0000263d  CS_startHFXTWithTimeout           
00002f2b  DMA_ERR_IRQHandler                
00002f2b  DMA_INT0_IRQHandler               
00002f2b  DMA_INT1_IRQHandler               
00002f2b  DMA_INT2_IRQHandler               
00002f2b  DMA_INT3_IRQHandler               
00002f2b  DebugMon_Handler                  
00002f2b  Default_Handler                   
00002f2b  EUSCIA0_IRQHandler                
00002f2b  EUSCIA1_IRQHandler                
00002f2b  EUSCIA2_IRQHandler                
00002f2b  EUSCIA3_IRQHandler                
00002f2b  EUSCIB0_IRQHandler                
00002f2b  EUSCIB1_IRQHandler                
00002f2b  EUSCIB2_IRQHandler                
00002f2b  EUSCIB3_IRQHandler                
00002f2b  FLCTL_IRQHandler                  
00002f2b  FPU_IRQHandler                    
00002e19  GPIO_setAsOutputPin               
00002e59  GPIO_setOutputLowOnPin            
00002f2b  HardFault_Handler                 
00002f2b  MemManage_Handler                 
00002f2b  NMI_Handler                       
00002f2b  PCM_IRQHandler                    
00002f2b  PORT1_IRQHandler                  
00002f2b  PORT2_IRQHandler                  
00002f2b  PORT3_IRQHandler                  
00002f2b  PORT4_IRQHandler                  
00002f2b  PORT5_IRQHandler                  
00002f2b  PORT6_IRQHandler                  
00002f2b  PSS_IRQHandler                    
00002f2b  PendSV_Handler                    
00002f2b  RTC_C_IRQHandler                  
00002f1f  Reset_Handler                     
UNDEFED   SHT$$INIT_ARRAY$$Base             
UNDEFED   SHT$$INIT_ARRAY$$Limit            
00002f2b  SVC_Handler                       
00002ef1  SysCtl_disableNMISource           
00002f01  SysCtl_enableNMISource            
00002f2d  SysCtl_getNMISourceStatus         
00001d87  SysTick_Handler                   
00001d87  SysTick_Handler                   
20000794  SystemCoreClock                   
000018a9  SystemCoreClockUpdate             
00001b1d  SystemInit                        
00002f2b  T32_INT1_IRQHandler               
00002f2b  T32_INT2_IRQHandler               
00002f2b  T32_INTC_IRQHandler               
00002f2b  TA0_0_IRQHandler                  
00002f2b  TA0_N_IRQHandler                  
00002f2b  TA1_0_IRQHandler                  
00002f2b  TA1_N_IRQHandler                  
00002f2b  TA2_0_IRQHandler                  
00002f2b  TA2_N_IRQHandler                  
00002f2b  TA3_0_IRQHandler                  
00002f2b  TA3_N_IRQHandler                  
00002f2b  UsageFault_Handler                
4000480c  WDTCTL_SYM                        
00002f2b  WDT_A_IRQHandler                  
20010000  __STACK_END                       
00000200  __STACK_SIZE                      
00003130  __TI_CINIT_Base                   
00003140  __TI_CINIT_Limit                  
00003118  __TI_Handler_Table_Base           
00003124  __TI_Handler_Table_Limit          
0000296d  __TI_auto_init                    
20000778  __TI_cleanup_ptr                  
00002a4d  __TI_decompress_lzss              
00002f11  __TI_decompress_none              
2000077c  __TI_dtors_ptr                    
20000780  __TI_enable_exit_profile_output   
ffffffff  __TI_pprof_out_hndl               
00000925  __TI_printfi                      
ffffffff  __TI_prof_data_size               
ffffffff  __TI_prof_data_start              
00000000  __TI_static_base__                
00002f39  __TI_zero_init                    
00002775  __aeabi_cdcmpeq                   
00002775  __aeabi_cdcmple                   
000027fb  __aeabi_cdrcmple                  
00002d61  __aeabi_d2iz                      
00002003  __aeabi_dadd                      
000021af  __aeabi_ddiv                      
000022e5  __aeabi_dmul                      
00001ff9  __aeabi_dsub                      
00002de9  __aeabi_i2d                       
00002881  __aeabi_memclr                    
00002881  __aeabi_memclr4                   
00002881  __aeabi_memclr8                   
000026d9  __aeabi_memcpy                    
000026d9  __aeabi_memcpy4                   
000026d9  __aeabi_memcpy8                   
00002883  __aeabi_memset                    
00002883  __aeabi_memset4                   
00002883  __aeabi_memset8                   
00001e05  __aeabi_uldivmod                  
ffffffff  __binit__                         
ffffffff  __c_args__                        
0000121f  __mpu_init                        
2000fe00  __stack                           
00002e71  _args_main                        
00002bd5  _c_int00                          
00002f50  _ctypes_                          
20000640  _ftable                           
20000784  _lock                             
00002ec3  _nop                              
00002ebb  _register_lock                    
00002eb5  _register_unlock                  
000028fb  _system_post_cinit                
00002f4b  _system_pre_init                  
20000788  _unlock                           
00002c2d  abort                             
000024dd  adc_init                          
00002577  adc_start_sample                  
00002c7d  atoi                              
00003052  auw_hamm                          
ffffffff  binit                             
00001bf9  calculate_RR                      
000025ff  clk_init                          
00002cc9  copy_in                           
00002ec9  copysign                          
00002ec9  copysignl                         
00002da9  debug_init                        
0000133d  diff_btw_4pt_MA                   
00001277  diff_from_mean                    
2000078c  errno                             
00002c35  exit                              
000012b7  four_pt_MA                        
00002ab5  fputc                             
00002ad3  fputs                             
00002b19  frexp                             
00002b19  frexpl                            
20000764  g_adcSamplingPeriod               
20000760  g_adc_state                       
20000770  g_curADCResult                    
20000000  g_rr_buff                         
2000076c  g_rr_cal_signal                   
2000076a  g_rr_sample_count                 
20000768  g_rr_state                        
20000320  g_rr_temp_buff                    
000013f3  hamming_window                    
00000000  interruptVectors                  
000023e1  ldexp                             
000023e1  ldexpl                            
00002b7d  ltoa                              
00001c5b  main                              
20000790  main_func_sp                      
000014cf  maxim_find_peaks                  
00001513  maxim_peaks_above_min_height      
000015d3  maxim_remove_close_peaks          
00001691  maxim_sort_ascend                 
000016ff  maxim_sort_indices_descend        
00002e3d  memccpy                           
000026d9  memcpy                            
00002889  memset                            
000017c5  myPeakCounter                     
0000177d  peak_locations                    
000029e5  printf                            
00001221  rr_find_mean                      
000023e1  scalbn                            
000023e1  scalbnl                           
00001835  scaled_hamming_window             
00002d15  setSystickTimeMs                  
00002e89  strchr                            
00002edd  strlen                            
00002d31  systick_init                      
0000146d  threshold_calc                    
00001393  two_pt_MA                         
00003090  uartConfig                        


GLOBAL SYMBOLS: SORTED BY Symbol Address 

address   name                              
-------   ----                              
00000000  __TI_static_base__                
00000000  interruptVectors                  
00000200  __STACK_SIZE                      
00000925  __TI_printfi                      
0000121f  __mpu_init                        
00001221  rr_find_mean                      
00001277  diff_from_mean                    
000012b7  four_pt_MA                        
0000133d  diff_btw_4pt_MA                   
00001393  two_pt_MA                         
000013f3  hamming_window                    
0000146d  threshold_calc                    
000014cf  maxim_find_peaks                  
00001513  maxim_peaks_above_min_height      
000015d3  maxim_remove_close_peaks          
00001691  maxim_sort_ascend                 
000016ff  maxim_sort_indices_descend        
0000177d  peak_locations                    
000017c5  myPeakCounter                     
00001835  scaled_hamming_window             
000018a9  SystemCoreClockUpdate             
00001b1d  SystemInit                        
00001bf9  calculate_RR                      
00001c5b  main                              
00001ced  ADC14_IRQHandler                  
00001ced  ADC14_IRQHandler                  
00001d87  SysTick_Handler                   
00001d87  SysTick_Handler                   
00001e05  __aeabi_uldivmod                  
00001ff9  __aeabi_dsub                      
00002003  __aeabi_dadd                      
000021af  __aeabi_ddiv                      
000022e5  __aeabi_dmul                      
000023e1  ldexp                             
000023e1  ldexpl                            
000023e1  scalbn                            
000023e1  scalbnl                           
000024dd  adc_init                          
00002577  adc_start_sample                  
000025ff  clk_init                          
0000263d  CS_startHFXTWithTimeout           
000026d9  __aeabi_memcpy                    
000026d9  __aeabi_memcpy4                   
000026d9  __aeabi_memcpy8                   
000026d9  memcpy                            
00002775  __aeabi_cdcmpeq                   
00002775  __aeabi_cdcmple                   
000027fb  __aeabi_cdrcmple                  
00002881  __aeabi_memclr                    
00002881  __aeabi_memclr4                   
00002881  __aeabi_memclr8                   
00002883  __aeabi_memset                    
00002883  __aeabi_memset4                   
00002883  __aeabi_memset8                   
00002889  memset                            
000028fb  _system_post_cinit                
0000296d  __TI_auto_init                    
000029e5  printf                            
00002a4d  __TI_decompress_lzss              
00002ab5  fputc                             
00002ad3  fputs                             
00002b19  frexp                             
00002b19  frexpl                            
00002b7d  ltoa                              
00002bd5  _c_int00                          
00002c29  C$$EXIT                           
00002c2d  abort                             
00002c35  exit                              
00002c7d  atoi                              
00002cc9  copy_in                           
00002d15  setSystickTimeMs                  
00002d31  systick_init                      
00002d61  __aeabi_d2iz                      
00002da9  debug_init                        
00002de9  __aeabi_i2d                       
00002e19  GPIO_setAsOutputPin               
00002e3d  memccpy                           
00002e59  GPIO_setOutputLowOnPin            
00002e71  _args_main                        
00002e89  strchr                            
00002ea1  CS_setExternalClockSourceFrequency
00002eb5  _register_unlock                  
00002ebb  _register_lock                    
00002ec3  _nop                              
00002ec9  copysign                          
00002ec9  copysignl                         
00002edd  strlen                            
00002ef1  SysCtl_disableNMISource           
00002f01  SysCtl_enableNMISource            
00002f11  __TI_decompress_none              
00002f1f  Reset_Handler                     
00002f2b  AES256_IRQHandler                 
00002f2b  BusFault_Handler                  
00002f2b  COMP_E0_IRQHandler                
00002f2b  COMP_E1_IRQHandler                
00002f2b  CS_IRQHandler                     
00002f2b  DMA_ERR_IRQHandler                
00002f2b  DMA_INT0_IRQHandler               
00002f2b  DMA_INT1_IRQHandler               
00002f2b  DMA_INT2_IRQHandler               
00002f2b  DMA_INT3_IRQHandler               
00002f2b  DebugMon_Handler                  
00002f2b  Default_Handler                   
00002f2b  EUSCIA0_IRQHandler                
00002f2b  EUSCIA1_IRQHandler                
00002f2b  EUSCIA2_IRQHandler                
00002f2b  EUSCIA3_IRQHandler                
00002f2b  EUSCIB0_IRQHandler                
00002f2b  EUSCIB1_IRQHandler                
00002f2b  EUSCIB2_IRQHandler                
00002f2b  EUSCIB3_IRQHandler                
00002f2b  FLCTL_IRQHandler                  
00002f2b  FPU_IRQHandler                    
00002f2b  HardFault_Handler                 
00002f2b  MemManage_Handler                 
00002f2b  NMI_Handler                       
00002f2b  PCM_IRQHandler                    
00002f2b  PORT1_IRQHandler                  
00002f2b  PORT2_IRQHandler                  
00002f2b  PORT3_IRQHandler                  
00002f2b  PORT4_IRQHandler                  
00002f2b  PORT5_IRQHandler                  
00002f2b  PORT6_IRQHandler                  
00002f2b  PSS_IRQHandler                    
00002f2b  PendSV_Handler                    
00002f2b  RTC_C_IRQHandler                  
00002f2b  SVC_Handler                       
00002f2b  T32_INT1_IRQHandler               
00002f2b  T32_INT2_IRQHandler               
00002f2b  T32_INTC_IRQHandler               
00002f2b  TA0_0_IRQHandler                  
00002f2b  TA0_N_IRQHandler                  
00002f2b  TA1_0_IRQHandler                  
00002f2b  TA1_N_IRQHandler                  
00002f2b  TA2_0_IRQHandler                  
00002f2b  TA2_N_IRQHandler                  
00002f2b  TA3_0_IRQHandler                  
00002f2b  TA3_N_IRQHandler                  
00002f2b  UsageFault_Handler                
00002f2b  WDT_A_IRQHandler                  
00002f2d  SysCtl_getNMISourceStatus         
00002f39  __TI_zero_init                    
00002f45  CS_startHFXT                      
00002f4b  _system_pre_init                  
00002f50  _ctypes_                          
00003052  auw_hamm                          
00003090  uartConfig                        
00003118  __TI_Handler_Table_Base           
00003124  __TI_Handler_Table_Limit          
00003130  __TI_CINIT_Base                   
00003140  __TI_CINIT_Limit                  
20000000  g_rr_buff                         
20000320  g_rr_temp_buff                    
20000640  _ftable                           
20000760  g_adc_state                       
20000764  g_adcSamplingPeriod               
20000768  g_rr_state                        
2000076a  g_rr_sample_count                 
2000076c  g_rr_cal_signal                   
20000770  g_curADCResult                    
20000778  __TI_cleanup_ptr                  
2000077c  __TI_dtors_ptr                    
20000780  __TI_enable_exit_profile_output   
20000784  _lock                             
20000788  _unlock                           
2000078c  errno                             
20000790  main_func_sp                      
20000794  SystemCoreClock                   
2000fe00  __stack                           
20010000  __STACK_END                       
4000480c  WDTCTL_SYM                        
ffffffff  __TI_pprof_out_hndl               
ffffffff  __TI_prof_data_size               
ffffffff  __TI_prof_data_start              
ffffffff  __binit__                         
ffffffff  __c_args__                        
ffffffff  binit                             
UNDEFED   SHT$$INIT_ARRAY$$Base             
UNDEFED   SHT$$INIT_ARRAY$$Limit            

[179 symbols]
