******************************************************************************
                  TI ARM Linker PC v16.9.0                     
******************************************************************************
>> Linked Mon Oct 16 14:25:37 2017

OUTPUT FILE NAME:   <RespiratorySensorFinal.out>
ENTRY POINT SYMBOL: "_c_int00"  address: 00002bf5


MEMORY CONFIGURATION

         name            origin    length      used     unused   attr    fill
----------------------  --------  ---------  --------  --------  ----  --------
  MAIN                  00000000   00040000  0000315a  0003cea6  R  X
  INFO                  00200000   00004000  00000000  00004000  R  X
  SRAM_CODE             01000000   00010000  00000cc0  0000f340  RW X
  SRAM_DATA             20000000   00010000  00000cc0  0000f340  RW  


SEGMENT ALLOCATION MAP

run origin  load origin   length   init length attrs members
----------  ----------- ---------- ----------- ----- -------
00000000    00000000    00003160   00003160    r-x
  00000000    00000000    000000e4   000000e4    r-- .intvecs
  000000e4    000000e4    00002e8a   00002e8a    r-x .text
  00002f70    00002f70    00000164   00000164    r-- .const
  000030d8    000030d8    00000088   00000088    r-- .cinit
20000000    20000000    00000ac0   00000000    rw-
  20000000    20000000    00000ab8   00000000    rw- .data
  20000ab8    20000ab8    00000008   00000000    rw- .bss
2000fe00    2000fe00    00000200   00000000    rw-
  2000fe00    2000fe00    00000200   00000000    rw- .stack


SECTION ALLOCATION MAP

 output                                  attributes/
section   page    origin      length       input sections
--------  ----  ----------  ----------   ----------------
.intvecs   0    00000000    000000e4     
                  00000000    000000e4     startup_msp432p401r_ccs.obj (.intvecs:retain)

.binit     0    00000000    00000000     

.text      0    000000e4    00002e8a     
                  000000e4    0000113a     rtsv7M4_T_le_v4SPD16_eabi.lib : _printfi.obj (.text)
                  0000121e    00000002                                   : mpu_init.obj (.text)
                  00001220    00000688     RRAlgorithm.obj (.text)
                  000018a8    0000032c     system_msp432p401r.obj (.text)
                  00001bd4    00000250     main.obj (.text)
                  00001e24    000001f4     rtsv7M4_T_le_v4SPD16_eabi.lib : ull_div_t2.obj (.text)
                  00002018    000001b6                                   : fd_add_t2.obj (.text)
                  000021ce    00000136                                   : fd_div_t2.obj (.text)
                  00002304    000000fc                                   : fd_mul_t2.obj (.text)
                  00002400    000000fc                                   : s_scalbn.obj (.text)
                  000024fc    000000b8     adc.obj (.text)
                  000025b4    000000a8     clk.obj (.text)
                  0000265c    0000009c     msp432p4xx_driverlib.lib : cs.o (.text:CS_startHFXTWithTimeout)
                  000026f8    0000009c     rtsv7M4_T_le_v4SPD16_eabi.lib : memcpy_t2.obj (.text)
                  00002794    00000086                                   : fd_cmp_t2.obj (.text:__aeabi_cdcmple)
                  0000281a    00000086                                   : fd_cmp_t2.obj (.text:__aeabi_cdrcmple)
                  000028a0    0000007a                                   : memset_t2.obj (.text)
                  0000291a    00000002                                   : startup.obj (.text)
                  0000291c    00000070     msp432p4xx_driverlib.lib : cs.o (.text:_CSGetHFXTFrequency)
                  0000298c    00000070     rtsv7M4_T_le_v4SPD16_eabi.lib : autoinit.obj (.text)
                  000029fc    00000070                                   : printf.obj (.text)
                  00002a6c    00000068                                   : copy_decompress_lzss.obj (.text:decompress:lzss)
                  00002ad4    00000064     printfOverride.obj (.text)
                  00002b38    00000064     rtsv7M4_T_le_v4SPD16_eabi.lib : s_frexp.obj (.text)
                  00002b9c    00000056                                   : ltoa.obj (.text)
                  00002bf2    00000002     --HOLE-- [fill = 0]
                  00002bf4    00000054                                   : boot.obj (.text)
                  00002c48    00000054                                   : exit.obj (.text)
                  00002c9c    0000004c                                   : atoi.obj (.text)
                  00002ce8    0000004c                                   : cpy_tbl.obj (.text)
                  00002d34    0000004c     systick.obj (.text)
                  00002d80    00000048     rtsv7M4_T_le_v4SPD16_eabi.lib : fd_toi_t2.obj (.text)
                  00002dc8    00000040     debug.obj (.text)
                  00002e08    0000002e     rtsv7M4_T_le_v4SPD16_eabi.lib : i_tofd_t2.obj (.text)
                  00002e36    00000002     --HOLE-- [fill = 0]
                  00002e38    00000024     msp432p4xx_driverlib.lib : gpio.o (.text:GPIO_setAsOutputPin)
                  00002e5c    0000001c     rtsv7M4_T_le_v4SPD16_eabi.lib : memccpy.obj (.text)
                  00002e78    00000018     msp432p4xx_driverlib.lib : gpio.o (.text:GPIO_setOutputLowOnPin)
                  00002e90    00000018     rtsv7M4_T_le_v4SPD16_eabi.lib : args_main.obj (.text)
                  00002ea8    00000016                                   : strchr.obj (.text)
                  00002ebe    00000002     --HOLE-- [fill = 0]
                  00002ec0    00000014     msp432p4xx_driverlib.lib : cs.o (.text:CS_setExternalClockSourceFrequency)
                  00002ed4    00000014     rtsv7M4_T_le_v4SPD16_eabi.lib : _lock.obj (.text)
                  00002ee8    00000014                                   : s_copysign.obj (.text)
                  00002efc    00000014                                   : strlen.obj (.text)
                  00002f10    00000010     msp432p4xx_driverlib.lib : sysctl.o (.text:SysCtl_disableNMISource)
                  00002f20    00000010                              : sysctl.o (.text:SysCtl_enableNMISource)
                  00002f30    0000000e     rtsv7M4_T_le_v4SPD16_eabi.lib : copy_decompress_none.obj (.text:decompress:none)
                  00002f3e    0000000e     startup_msp432p401r_ccs.obj (.text)
                  00002f4c    0000000c     msp432p4xx_driverlib.lib : sysctl.o (.text:SysCtl_getNMISourceStatus)
                  00002f58    0000000c     rtsv7M4_T_le_v4SPD16_eabi.lib : copy_zero_init.obj (.text:decompress:ZI)
                  00002f64    00000006     msp432p4xx_driverlib.lib : cs.o (.text:CS_startHFXT)
                  00002f6a    00000004     rtsv7M4_T_le_v4SPD16_eabi.lib : pre_init.obj (.text)

.const     0    00002f70    00000164     
                  00002f70    00000101     rtsv7M4_T_le_v4SPD16_eabi.lib : ctype.obj (.const:.string:_ctypes_)
                  00003071    00000001     --HOLE-- [fill = 0]
                  00003072    0000003e     RRAlgorithm.obj (.const:auw_hamm)
                  000030b0    00000024     debug.obj (.const:uartConfig)

.cinit     0    000030d8    00000088     
                  000030d8    0000005f     (.cinit..data.load) [load image, compression = lzss]
                  00003137    00000001     --HOLE-- [fill = 0]
                  00003138    0000000c     (__TI_handler_table)
                  00003144    00000004     --HOLE-- [fill = 0]
                  00003148    00000008     (.cinit..bss.load) [load image, compression = zero_init]
                  00003150    00000010     (__TI_cinit_table)

.init_array 
*          0    00000000    00000000     UNINITIALIZED

.data      0    20000000    00000ab8     UNINITIALIZED
                  20000000    000004b0     main.obj (.data:g_rr_buff)
                  200004b0    000004b0     main.obj (.data:g_rr_temp_buff)
                  20000960    000000f0     rtsv7M4_T_le_v4SPD16_eabi.lib : defs.obj (.data:_ftable)
                  20000a50    00000030     msp432p4xx_driverlib.lib : gpio.o (.data:GPIO_PORT_TO_BASE)
                  20000a80    00000018     main.obj (.data)
                  20000a98    0000000c     rtsv7M4_T_le_v4SPD16_eabi.lib : exit.obj (.data:$O1$$)
                  20000aa4    00000008                                   : _lock.obj (.data:$O1$$)
                  20000aac    00000004                                   : errno.obj (.data)
                  20000ab0    00000004                                   : stkdepth_vars.obj (.data)
                  20000ab4    00000004     system_msp432p401r.obj (.data)

.bss       0    20000ab8    00000008     UNINITIALIZED
                  20000ab8    00000004     (.common:hfxtFreq)
                  20000abc    00000004     (.common:lfxtFreq)

.stack     0    2000fe00    00000200     UNINITIALIZED
                  2000fe00    00000200     --HOLE--

MODULE SUMMARY

       Module                        code    ro data   rw data
       ------                        ----    -------   -------
    .\
       main.obj                      592     0         4848   
       RRAlgorithm.obj               1672    62        0      
       system_msp432p401r.obj        812     0         8      
       startup_msp432p401r_ccs.obj   14      228       0      
       adc.obj                       184     0         0      
       clk.obj                       168     0         0      
       debug.obj                     64      36        0      
       printfOverride.obj            100     0         0      
       systick.obj                   76      0         0      
    +--+-----------------------------+-------+---------+---------+
       Total:                        3682    326       4856   
                                                              
    C:/ti/msp/MSP432Ware_3_50_00_02/driverlib/driverlib/MSP432P4xx/ccs/msp432p4xx_driverlib.lib
       cs.o                          294     0         16     
       gpio.o                        60      0         96     
       sysctl.o                      44      0         0      
    +--+-----------------------------+-------+---------+---------+
       Total:                        398     0         112    
                                                              
    C:\ti\ccsv7\tools\compiler\ti-cgt-arm_16.9.0.LTS\lib\rtsv7M4_T_le_v4SPD16_eabi.lib
       _printfi.obj                  4410    0         0      
       ull_div_t2.obj                500     0         0      
       defs.obj                      0       0         480    
       fd_add_t2.obj                 438     0         0      
       fd_div_t2.obj                 310     0         0      
       fd_cmp_t2.obj                 268     0         0      
       ctype.obj                     0       257       0      
       fd_mul_t2.obj                 252     0         0      
       s_scalbn.obj                  252     0         0      
       memcpy_t2.obj                 156     0         0      
       memset_t2.obj                 122     0         0      
       autoinit.obj                  112     0         0      
       printf.obj                    112     0         0      
       exit.obj                      84      0         24     
       copy_decompress_lzss.obj      104     0         0      
       s_frexp.obj                   100     0         0      
       ltoa.obj                      86      0         0      
       boot.obj                      84      0         0      
       atoi.obj                      76      0         0      
       cpy_tbl.obj                   76      0         0      
       fd_toi_t2.obj                 72      0         0      
       i_tofd_t2.obj                 46      0         0      
       _lock.obj                     20      0         16     
       memccpy.obj                   28      0         0      
       args_main.obj                 24      0         0      
       strchr.obj                    22      0         0      
       s_copysign.obj                20      0         0      
       strlen.obj                    20      0         0      
       copy_decompress_none.obj      14      0         0      
       copy_zero_init.obj            12      0         0      
       errno.obj                     0       0         8      
       stkdepth_vars.obj             0       0         8      
       pre_init.obj                  4       0         0      
       mpu_init.obj                  2       0         0      
       startup.obj                   2       0         0      
    +--+-----------------------------+-------+---------+---------+
       Total:                        7828    257       536    
                                                              
       Stack:                        0       0         1024   
       Linker Generated:             0       131       0      
    +--+-----------------------------+-------+---------+---------+
       Grand Total:                  11908   714       6528   


LINKER GENERATED COPY TABLES

__TI_cinit_table @ 00003150 records: 2, size/record: 8, table size: 16
	.data: load addr=000030d8, load size=0000005f bytes, run addr=20000000, run size=00000ab8 bytes, compression=lzss
	.bss: load addr=00003148, load size=00000008 bytes, run addr=20000ab8, run size=00000008 bytes, compression=zero_init


LINKER GENERATED HANDLER TABLE

__TI_handler_table @ 00003138 records: 3, size/record: 4, table size: 12
	index: 0, handler: __TI_decompress_lzss
	index: 1, handler: __TI_decompress_none
	index: 2, handler: __TI_zero_init


GLOBAL SYMBOLS: SORTED ALPHABETICALLY BY Name 

address   name                              
-------   ----                              
00001cf5  ADC14_IRQHandler                  
00001cf5  ADC14_IRQHandler                  
00002f4b  AES256_IRQHandler                 
00002f4b  BusFault_Handler                  
00002c49  C$$EXIT                           
00002f4b  COMP_E0_IRQHandler                
00002f4b  COMP_E1_IRQHandler                
00002f4b  CS_IRQHandler                     
00002ec1  CS_setExternalClockSourceFrequency
00002f65  CS_startHFXT                      
0000265d  CS_startHFXTWithTimeout           
00002f4b  DMA_ERR_IRQHandler                
00002f4b  DMA_INT0_IRQHandler               
00002f4b  DMA_INT1_IRQHandler               
00002f4b  DMA_INT2_IRQHandler               
00002f4b  DMA_INT3_IRQHandler               
00002f4b  DebugMon_Handler                  
00002f4b  Default_Handler                   
00002f4b  EUSCIA0_IRQHandler                
00002f4b  EUSCIA1_IRQHandler                
00002f4b  EUSCIA2_IRQHandler                
00002f4b  EUSCIA3_IRQHandler                
00002f4b  EUSCIB0_IRQHandler                
00002f4b  EUSCIB1_IRQHandler                
00002f4b  EUSCIB2_IRQHandler                
00002f4b  EUSCIB3_IRQHandler                
00002f4b  FLCTL_IRQHandler                  
00002f4b  FPU_IRQHandler                    
00002e39  GPIO_setAsOutputPin               
00002e79  GPIO_setOutputLowOnPin            
00002f4b  HardFault_Handler                 
00002f4b  MemManage_Handler                 
00002f4b  NMI_Handler                       
00002f4b  PCM_IRQHandler                    
00002f4b  PORT1_IRQHandler                  
00002f4b  PORT2_IRQHandler                  
00002f4b  PORT3_IRQHandler                  
00002f4b  PORT4_IRQHandler                  
00002f4b  PORT5_IRQHandler                  
00002f4b  PORT6_IRQHandler                  
00002f4b  PSS_IRQHandler                    
00002f4b  PendSV_Handler                    
00002f4b  RTC_C_IRQHandler                  
00002f3f  Reset_Handler                     
UNDEFED   SHT$$INIT_ARRAY$$Base             
UNDEFED   SHT$$INIT_ARRAY$$Limit            
00002f4b  SVC_Handler                       
00002f11  SysCtl_disableNMISource           
00002f21  SysCtl_enableNMISource            
00002f4d  SysCtl_getNMISourceStatus         
00001d95  SysTick_Handler                   
00001d95  SysTick_Handler                   
20000ab4  SystemCoreClock                   
000018a9  SystemCoreClockUpdate             
00001b1d  SystemInit                        
00002f4b  T32_INT1_IRQHandler               
00002f4b  T32_INT2_IRQHandler               
00002f4b  T32_INTC_IRQHandler               
00002f4b  TA0_0_IRQHandler                  
00002f4b  TA0_N_IRQHandler                  
00002f4b  TA1_0_IRQHandler                  
00002f4b  TA1_N_IRQHandler                  
00002f4b  TA2_0_IRQHandler                  
00002f4b  TA2_N_IRQHandler                  
00002f4b  TA3_0_IRQHandler                  
00002f4b  TA3_N_IRQHandler                  
00002f4b  UsageFault_Handler                
4000480c  WDTCTL_SYM                        
00002f4b  WDT_A_IRQHandler                  
20010000  __STACK_END                       
00000200  __STACK_SIZE                      
00003150  __TI_CINIT_Base                   
00003160  __TI_CINIT_Limit                  
00003138  __TI_Handler_Table_Base           
00003144  __TI_Handler_Table_Limit          
0000298d  __TI_auto_init                    
20000a98  __TI_cleanup_ptr                  
00002a6d  __TI_decompress_lzss              
00002f31  __TI_decompress_none              
20000a9c  __TI_dtors_ptr                    
20000aa0  __TI_enable_exit_profile_output   
ffffffff  __TI_pprof_out_hndl               
00000925  __TI_printfi                      
ffffffff  __TI_prof_data_size               
ffffffff  __TI_prof_data_start              
00000000  __TI_static_base__                
00002f59  __TI_zero_init                    
00002795  __aeabi_cdcmpeq                   
00002795  __aeabi_cdcmple                   
0000281b  __aeabi_cdrcmple                  
00002d81  __aeabi_d2iz                      
00002023  __aeabi_dadd                      
000021cf  __aeabi_ddiv                      
00002305  __aeabi_dmul                      
00002019  __aeabi_dsub                      
00002e09  __aeabi_i2d                       
000028a1  __aeabi_memclr                    
000028a1  __aeabi_memclr4                   
000028a1  __aeabi_memclr8                   
000026f9  __aeabi_memcpy                    
000026f9  __aeabi_memcpy4                   
000026f9  __aeabi_memcpy8                   
000028a3  __aeabi_memset                    
000028a3  __aeabi_memset4                   
000028a3  __aeabi_memset8                   
00001e25  __aeabi_uldivmod                  
ffffffff  __binit__                         
ffffffff  __c_args__                        
0000121f  __mpu_init                        
2000fe00  __stack                           
00002e91  _args_main                        
00002bf5  _c_int00                          
00002f70  _ctypes_                          
20000960  _ftable                           
20000aa4  _lock                             
00002ee3  _nop                              
00002edb  _register_lock                    
00002ed5  _register_unlock                  
0000291b  _system_post_cinit                
00002f6b  _system_pre_init                  
20000aa8  _unlock                           
00002c4d  abort                             
000024fd  adc_init                          
00002597  adc_start_sample                  
00002c9d  atoi                              
00003072  auw_hamm                          
ffffffff  binit                             
00001bf9  calculate_RR                      
0000261f  clk_init                          
00002ce9  copy_in                           
00002ee9  copysign                          
00002ee9  copysignl                         
00002dc9  debug_init                        
0000133d  diff_btw_4pt_MA                   
00001277  diff_from_mean                    
20000aac  errno                             
00002c55  exit                              
000012b7  four_pt_MA                        
00002ad5  fputc                             
00002af3  fputs                             
00002b39  frexp                             
00002b39  frexpl                            
20000a84  g_adcSamplingPeriod               
20000a80  g_adc_state                       
20000a90  g_curADCResult                    
20000000  g_rr_buff                         
20000a8c  g_rr_cal_signal                   
20000a8a  g_rr_sample_count                 
20000a88  g_rr_state                        
200004b0  g_rr_temp_buff                    
000013f3  hamming_window                    
00000000  interruptVectors                  
00002401  ldexp                             
00002401  ldexpl                            
00002b9d  ltoa                              
00001c63  main                              
20000ab0  main_func_sp                      
000014cf  maxim_find_peaks                  
00001513  maxim_peaks_above_min_height      
000015d3  maxim_remove_close_peaks          
00001691  maxim_sort_ascend                 
000016ff  maxim_sort_indices_descend        
00002e5d  memccpy                           
000026f9  memcpy                            
000028a9  memset                            
000017c5  myPeakCounter                     
0000177d  peak_locations                    
00002a05  printf                            
00001221  rr_find_mean                      
00002401  scalbn                            
00002401  scalbnl                           
00001835  scaled_hamming_window             
00002d35  setSystickTimeMs                  
00002ea9  strchr                            
00002efd  strlen                            
00002d51  systick_init                      
0000146d  threshold_calc                    
00001393  two_pt_MA                         
000030b0  uartConfig                        


GLOBAL SYMBOLS: SORTED BY Symbol Address 

address   name                              
-------   ----                              
00000000  __TI_static_base__                
00000000  interruptVectors                  
00000200  __STACK_SIZE                      
00000925  __TI_printfi                      
0000121f  __mpu_init                        
00001221  rr_find_mean                      
00001277  diff_from_mean                    
000012b7  four_pt_MA                        
0000133d  diff_btw_4pt_MA                   
00001393  two_pt_MA                         
000013f3  hamming_window                    
0000146d  threshold_calc                    
000014cf  maxim_find_peaks                  
00001513  maxim_peaks_above_min_height      
000015d3  maxim_remove_close_peaks          
00001691  maxim_sort_ascend                 
000016ff  maxim_sort_indices_descend        
0000177d  peak_locations                    
000017c5  myPeakCounter                     
00001835  scaled_hamming_window             
000018a9  SystemCoreClockUpdate             
00001b1d  SystemInit                        
00001bf9  calculate_RR                      
00001c63  main                              
00001cf5  ADC14_IRQHandler                  
00001cf5  ADC14_IRQHandler                  
00001d95  SysTick_Handler                   
00001d95  SysTick_Handler                   
00001e25  __aeabi_uldivmod                  
00002019  __aeabi_dsub                      
00002023  __aeabi_dadd                      
000021cf  __aeabi_ddiv                      
00002305  __aeabi_dmul                      
00002401  ldexp                             
00002401  ldexpl                            
00002401  scalbn                            
00002401  scalbnl                           
000024fd  adc_init                          
00002597  adc_start_sample                  
0000261f  clk_init                          
0000265d  CS_startHFXTWithTimeout           
000026f9  __aeabi_memcpy                    
000026f9  __aeabi_memcpy4                   
000026f9  __aeabi_memcpy8                   
000026f9  memcpy                            
00002795  __aeabi_cdcmpeq                   
00002795  __aeabi_cdcmple                   
0000281b  __aeabi_cdrcmple                  
000028a1  __aeabi_memclr                    
000028a1  __aeabi_memclr4                   
000028a1  __aeabi_memclr8                   
000028a3  __aeabi_memset                    
000028a3  __aeabi_memset4                   
000028a3  __aeabi_memset8                   
000028a9  memset                            
0000291b  _system_post_cinit                
0000298d  __TI_auto_init                    
00002a05  printf                            
00002a6d  __TI_decompress_lzss              
00002ad5  fputc                             
00002af3  fputs                             
00002b39  frexp                             
00002b39  frexpl                            
00002b9d  ltoa                              
00002bf5  _c_int00                          
00002c49  C$$EXIT                           
00002c4d  abort                             
00002c55  exit                              
00002c9d  atoi                              
00002ce9  copy_in                           
00002d35  setSystickTimeMs                  
00002d51  systick_init                      
00002d81  __aeabi_d2iz                      
00002dc9  debug_init                        
00002e09  __aeabi_i2d                       
00002e39  GPIO_setAsOutputPin               
00002e5d  memccpy                           
00002e79  GPIO_setOutputLowOnPin            
00002e91  _args_main                        
00002ea9  strchr                            
00002ec1  CS_setExternalClockSourceFrequency
00002ed5  _register_unlock                  
00002edb  _register_lock                    
00002ee3  _nop                              
00002ee9  copysign                          
00002ee9  copysignl                         
00002efd  strlen                            
00002f11  SysCtl_disableNMISource           
00002f21  SysCtl_enableNMISource            
00002f31  __TI_decompress_none              
00002f3f  Reset_Handler                     
00002f4b  AES256_IRQHandler                 
00002f4b  BusFault_Handler                  
00002f4b  COMP_E0_IRQHandler                
00002f4b  COMP_E1_IRQHandler                
00002f4b  CS_IRQHandler                     
00002f4b  DMA_ERR_IRQHandler                
00002f4b  DMA_INT0_IRQHandler               
00002f4b  DMA_INT1_IRQHandler               
00002f4b  DMA_INT2_IRQHandler               
00002f4b  DMA_INT3_IRQHandler               
00002f4b  DebugMon_Handler                  
00002f4b  Default_Handler                   
00002f4b  EUSCIA0_IRQHandler                
00002f4b  EUSCIA1_IRQHandler                
00002f4b  EUSCIA2_IRQHandler                
00002f4b  EUSCIA3_IRQHandler                
00002f4b  EUSCIB0_IRQHandler                
00002f4b  EUSCIB1_IRQHandler                
00002f4b  EUSCIB2_IRQHandler                
00002f4b  EUSCIB3_IRQHandler                
00002f4b  FLCTL_IRQHandler                  
00002f4b  FPU_IRQHandler                    
00002f4b  HardFault_Handler                 
00002f4b  MemManage_Handler                 
00002f4b  NMI_Handler                       
00002f4b  PCM_IRQHandler                    
00002f4b  PORT1_IRQHandler                  
00002f4b  PORT2_IRQHandler                  
00002f4b  PORT3_IRQHandler                  
00002f4b  PORT4_IRQHandler                  
00002f4b  PORT5_IRQHandler                  
00002f4b  PORT6_IRQHandler                  
00002f4b  PSS_IRQHandler                    
00002f4b  PendSV_Handler                    
00002f4b  RTC_C_IRQHandler                  
00002f4b  SVC_Handler                       
00002f4b  T32_INT1_IRQHandler               
00002f4b  T32_INT2_IRQHandler               
00002f4b  T32_INTC_IRQHandler               
00002f4b  TA0_0_IRQHandler                  
00002f4b  TA0_N_IRQHandler                  
00002f4b  TA1_0_IRQHandler                  
00002f4b  TA1_N_IRQHandler                  
00002f4b  TA2_0_IRQHandler                  
00002f4b  TA2_N_IRQHandler                  
00002f4b  TA3_0_IRQHandler                  
00002f4b  TA3_N_IRQHandler                  
00002f4b  UsageFault_Handler                
00002f4b  WDT_A_IRQHandler                  
00002f4d  SysCtl_getNMISourceStatus         
00002f59  __TI_zero_init                    
00002f65  CS_startHFXT                      
00002f6b  _system_pre_init                  
00002f70  _ctypes_                          
00003072  auw_hamm                          
000030b0  uartConfig                        
00003138  __TI_Handler_Table_Base           
00003144  __TI_Handler_Table_Limit          
00003150  __TI_CINIT_Base                   
00003160  __TI_CINIT_Limit                  
20000000  g_rr_buff                         
200004b0  g_rr_temp_buff                    
20000960  _ftable                           
20000a80  g_adc_state                       
20000a84  g_adcSamplingPeriod               
20000a88  g_rr_state                        
20000a8a  g_rr_sample_count                 
20000a8c  g_rr_cal_signal                   
20000a90  g_curADCResult                    
20000a98  __TI_cleanup_ptr                  
20000a9c  __TI_dtors_ptr                    
20000aa0  __TI_enable_exit_profile_output   
20000aa4  _lock                             
20000aa8  _unlock                           
20000aac  errno                             
20000ab0  main_func_sp                      
20000ab4  SystemCoreClock                   
2000fe00  __stack                           
20010000  __STACK_END                       
4000480c  WDTCTL_SYM                        
ffffffff  __TI_pprof_out_hndl               
ffffffff  __TI_prof_data_size               
ffffffff  __TI_prof_data_start              
ffffffff  __binit__                         
ffffffff  __c_args__                        
ffffffff  binit                             
UNDEFED   SHT$$INIT_ARRAY$$Base             
UNDEFED   SHT$$INIT_ARRAY$$Limit            

[179 symbols]
