******************************************************************************
                  TI ARM Linker PC v16.9.0                     
******************************************************************************
>> Linked Thu Nov 09 17:40:40 2017

OUTPUT FILE NAME:   <RespiratorySensorFinal.out>
ENTRY POINT SYMBOL: "_c_int00"  address: 00002ae1


MEMORY CONFIGURATION

         name            origin    length      used     unused   attr    fill
----------------------  --------  ---------  --------  --------  ----  --------
  MAIN                  00000000   00040000  0000309e  0003cf62  R  X
  INFO                  00200000   00004000  00000000  00004000  R  X
  SRAM_CODE             01000000   00010000  00003b9d  0000c463  RW X
  SRAM_DATA             20000000   00010000  00003b9d  0000c463  RW  


SEGMENT ALLOCATION MAP

run origin  load origin   length   init length attrs members
----------  ----------- ---------- ----------- ----- -------
00000000    00000000    000030a8   000030a8    r-x
  00000000    00000000    000000e4   000000e4    r-- .intvecs
  000000e4    000000e4    00002d96   00002d96    r-x .text
  00002e80    00002e80    0000019c   0000019c    r-- .const
  00003020    00003020    00000088   00000088    r-- .cinit
20000000    20000000    000039a0   00000000    rw-
  20000000    20000000    00003995   00000000    rw- .data
  20003998    20003998    00000008   00000000    rw- .bss
2000fe00    2000fe00    00000200   00000000    rw-
  2000fe00    2000fe00    00000200   00000000    rw- .stack


SECTION ALLOCATION MAP

 output                                  attributes/
section   page    origin      length       input sections
--------  ----  ----------  ----------   ----------------
.intvecs   0    00000000    000000e4     
                  00000000    000000e4     startup_msp432p401r_ccs.obj (.intvecs:retain)

.binit     0    00000000    00000000     

.text      0    000000e4    00002d96     
                  000000e4    0000113a     rtsv7M4_T_le_v4SPD16_eabi.lib : _printfi.obj (.text)
                  0000121e    00000002                                   : mpu_init.obj (.text)
                  00001220    00000504     RRAlgorithm.obj (.text)
                  00001724    0000032c     system_msp432p401r.obj (.text)
                  00001a50    000002c0     main.obj (.text)
                  00001d10    000001f4     rtsv7M4_T_le_v4SPD16_eabi.lib : ull_div_t2.obj (.text)
                  00001f04    000001b6                                   : fd_add_t2.obj (.text)
                  000020ba    00000136                                   : fd_div_t2.obj (.text)
                  000021f0    000000fc                                   : fd_mul_t2.obj (.text)
                  000022ec    000000fc                                   : s_scalbn.obj (.text)
                  000023e8    000000b8     adc.obj (.text)
                  000024a0    000000a8     clk.obj (.text)
                  00002548    0000009c     msp432p4xx_driverlib.lib : cs.o (.text:CS_startHFXTWithTimeout)
                  000025e4    0000009c     rtsv7M4_T_le_v4SPD16_eabi.lib : memcpy_t2.obj (.text)
                  00002680    00000086                                   : fd_cmp_t2.obj (.text:__aeabi_cdcmple)
                  00002706    00000086                                   : fd_cmp_t2.obj (.text:__aeabi_cdrcmple)
                  0000278c    0000007a                                   : memset_t2.obj (.text)
                  00002806    00000002                                   : startup.obj (.text)
                  00002808    00000070     msp432p4xx_driverlib.lib : cs.o (.text:_CSGetHFXTFrequency)
                  00002878    00000070     rtsv7M4_T_le_v4SPD16_eabi.lib : autoinit.obj (.text)
                  000028e8    00000070                                   : printf.obj (.text)
                  00002958    00000068                                   : copy_decompress_lzss.obj (.text:decompress:lzss)
                  000029c0    00000064     printfOverride.obj (.text)
                  00002a24    00000064     rtsv7M4_T_le_v4SPD16_eabi.lib : s_frexp.obj (.text)
                  00002a88    00000056                                   : ltoa.obj (.text)
                  00002ade    00000002     --HOLE-- [fill = 0]
                  00002ae0    00000054                                   : boot.obj (.text)
                  00002b34    00000054                                   : exit.obj (.text)
                  00002b88    0000004c                                   : atoi.obj (.text)
                  00002bd4    0000004c                                   : cpy_tbl.obj (.text)
                  00002c20    0000004c     systick.obj (.text)
                  00002c6c    00000048     rtsv7M4_T_le_v4SPD16_eabi.lib : fd_toi_t2.obj (.text)
                  00002cb4    00000040     debug.obj (.text)
                  00002cf4    0000002e     rtsv7M4_T_le_v4SPD16_eabi.lib : i_tofd_t2.obj (.text)
                  00002d22    00000002     --HOLE-- [fill = 0]
                  00002d24    00000024     msp432p4xx_driverlib.lib : gpio.o (.text:GPIO_setAsOutputPin)
                  00002d48    00000020     rtsv7M4_T_le_v4SPD16_eabi.lib : u_tofd_t2.obj (.text)
                  00002d68    0000001c                                   : memccpy.obj (.text)
                  00002d84    00000018     msp432p4xx_driverlib.lib : gpio.o (.text:GPIO_setOutputLowOnPin)
                  00002d9c    00000018     rtsv7M4_T_le_v4SPD16_eabi.lib : args_main.obj (.text)
                  00002db4    00000016                                   : strchr.obj (.text)
                  00002dca    00000002     --HOLE-- [fill = 0]
                  00002dcc    00000014     msp432p4xx_driverlib.lib : cs.o (.text:CS_setExternalClockSourceFrequency)
                  00002de0    00000014     rtsv7M4_T_le_v4SPD16_eabi.lib : _lock.obj (.text)
                  00002df4    00000014                                   : s_copysign.obj (.text)
                  00002e08    00000014                                   : strlen.obj (.text)
                  00002e1c    00000010     msp432p4xx_driverlib.lib : sysctl.o (.text:SysCtl_disableNMISource)
                  00002e2c    00000010                              : sysctl.o (.text:SysCtl_enableNMISource)
                  00002e3c    0000000e     rtsv7M4_T_le_v4SPD16_eabi.lib : copy_decompress_none.obj (.text:decompress:none)
                  00002e4a    0000000e     startup_msp432p401r_ccs.obj (.text)
                  00002e58    0000000c     msp432p4xx_driverlib.lib : sysctl.o (.text:SysCtl_getNMISourceStatus)
                  00002e64    0000000c     rtsv7M4_T_le_v4SPD16_eabi.lib : copy_zero_init.obj (.text:decompress:ZI)
                  00002e70    00000006     msp432p4xx_driverlib.lib : cs.o (.text:CS_startHFXT)
                  00002e76    00000004     rtsv7M4_T_le_v4SPD16_eabi.lib : pre_init.obj (.text)

.const     0    00002e80    0000019c     
                  00002e80    00000101     rtsv7M4_T_le_v4SPD16_eabi.lib : ctype.obj (.const:.string:_ctypes_)
                  00002f81    00000007     --HOLE-- [fill = 0]
                  00002f88    00000038     RRAlgorithm.obj (.const:$P$T0$1)
                  00002fc0    00000038     RRAlgorithm.obj (.const:$P$T1$2)
                  00002ff8    00000024     debug.obj (.const:uartConfig)

.cinit     0    00003020    00000088     
                  00003020    00000060     (.cinit..data.load) [load image, compression = lzss]
                  00003080    0000000c     (__TI_handler_table)
                  0000308c    00000004     --HOLE-- [fill = 0]
                  00003090    00000008     (.cinit..bss.load) [load image, compression = zero_init]
                  00003098    00000010     (__TI_cinit_table)

.init_array 
*          0    00000000    00000000     UNINITIALIZED

.data      0    20000000    00003995     UNINITIALIZED
                  20000000    000012c0     main.obj (.data:g_rr_buff)
                  200012c0    000012c0     main.obj (.data:g_rr_filter_values)
                  20002580    000012c0     main.obj (.data:g_rr_temp_buff)
                  20003840    000000f0     rtsv7M4_T_le_v4SPD16_eabi.lib : defs.obj (.data:_ftable)
                  20003930    00000030     msp432p4xx_driverlib.lib : gpio.o (.data:GPIO_PORT_TO_BASE)
                  20003960    00000014     main.obj (.data)
                  20003974    0000000c     rtsv7M4_T_le_v4SPD16_eabi.lib : exit.obj (.data:$O1$$)
                  20003980    00000008                                   : _lock.obj (.data:$O1$$)
                  20003988    00000004                                   : errno.obj (.data)
                  2000398c    00000004                                   : stkdepth_vars.obj (.data)
                  20003990    00000004     system_msp432p401r.obj (.data)
                  20003994    00000001     RRAlgorithm.obj (.data)

.bss       0    20003998    00000008     UNINITIALIZED
                  20003998    00000004     (.common:hfxtFreq)
                  2000399c    00000004     (.common:lfxtFreq)

.stack     0    2000fe00    00000200     UNINITIALIZED
                  2000fe00    00000200     --HOLE--

MODULE SUMMARY

       Module                        code    ro data   rw data
       ------                        ----    -------   -------
    .\
       main.obj                      704     0         28840  
       RRAlgorithm.obj               1284    112       2      
       system_msp432p401r.obj        812     0         8      
       startup_msp432p401r_ccs.obj   14      228       0      
       adc.obj                       184     0         0      
       clk.obj                       168     0         0      
       debug.obj                     64      36        0      
       printfOverride.obj            100     0         0      
       systick.obj                   76      0         0      
    +--+-----------------------------+-------+---------+---------+
       Total:                        3406    376       28850  
                                                              
    C:/ti/msp/MSP432Ware_3_50_00_02/driverlib/driverlib/MSP432P4xx/ccs/msp432p4xx_driverlib.lib
       cs.o                          294     0         16     
       gpio.o                        60      0         96     
       sysctl.o                      44      0         0      
    +--+-----------------------------+-------+---------+---------+
       Total:                        398     0         112    
                                                              
    C:\ti\ccsv7\tools\compiler\ti-cgt-arm_16.9.0.LTS\lib\rtsv7M4_T_le_v4SPD16_eabi.lib
       _printfi.obj                  4410    0         0      
       ull_div_t2.obj                500     0         0      
       defs.obj                      0       0         480    
       fd_add_t2.obj                 438     0         0      
       fd_div_t2.obj                 310     0         0      
       fd_cmp_t2.obj                 268     0         0      
       ctype.obj                     0       257       0      
       fd_mul_t2.obj                 252     0         0      
       s_scalbn.obj                  252     0         0      
       memcpy_t2.obj                 156     0         0      
       memset_t2.obj                 122     0         0      
       autoinit.obj                  112     0         0      
       printf.obj                    112     0         0      
       exit.obj                      84      0         24     
       copy_decompress_lzss.obj      104     0         0      
       s_frexp.obj                   100     0         0      
       ltoa.obj                      86      0         0      
       boot.obj                      84      0         0      
       atoi.obj                      76      0         0      
       cpy_tbl.obj                   76      0         0      
       fd_toi_t2.obj                 72      0         0      
       i_tofd_t2.obj                 46      0         0      
       _lock.obj                     20      0         16     
       u_tofd_t2.obj                 32      0         0      
       memccpy.obj                   28      0         0      
       args_main.obj                 24      0         0      
       strchr.obj                    22      0         0      
       s_copysign.obj                20      0         0      
       strlen.obj                    20      0         0      
       copy_decompress_none.obj      14      0         0      
       copy_zero_init.obj            12      0         0      
       errno.obj                     0       0         8      
       stkdepth_vars.obj             0       0         8      
       pre_init.obj                  4       0         0      
       mpu_init.obj                  2       0         0      
       startup.obj                   2       0         0      
    +--+-----------------------------+-------+---------+---------+
       Total:                        7860    257       536    
                                                              
       Stack:                        0       0         1024   
       Linker Generated:             0       132       0      
    +--+-----------------------------+-------+---------+---------+
       Grand Total:                  11664   765       30522  


LINKER GENERATED COPY TABLES

__TI_cinit_table @ 00003098 records: 2, size/record: 8, table size: 16
	.data: load addr=00003020, load size=00000060 bytes, run addr=20000000, run size=00003995 bytes, compression=lzss
	.bss: load addr=00003090, load size=00000008 bytes, run addr=20003998, run size=00000008 bytes, compression=zero_init


LINKER GENERATED HANDLER TABLE

__TI_handler_table @ 00003080 records: 3, size/record: 4, table size: 12
	index: 0, handler: __TI_decompress_lzss
	index: 1, handler: __TI_decompress_none
	index: 2, handler: __TI_zero_init


GLOBAL SYMBOLS: SORTED ALPHABETICALLY BY Name 

address   name                                  
-------   ----                                  
00001ba3  ADC14_IRQHandler                      
00001ba3  ADC14_IRQHandler                      
00002e57  AES256_IRQHandler                     
00002e57  BusFault_Handler                      
0000149d  ButterworthLowpassFilter0040SixthOrder
00002b35  C$$EXIT                               
00002e57  COMP_E0_IRQHandler                    
00002e57  COMP_E1_IRQHandler                    
00002e57  CS_IRQHandler                         
00002dcd  CS_setExternalClockSourceFrequency    
00002e71  CS_startHFXT                          
00002549  CS_startHFXTWithTimeout               
00002e57  DMA_ERR_IRQHandler                    
00002e57  DMA_INT0_IRQHandler                   
00002e57  DMA_INT1_IRQHandler                   
00002e57  DMA_INT2_IRQHandler                   
00002e57  DMA_INT3_IRQHandler                   
00002e57  DebugMon_Handler                      
00002e57  Default_Handler                       
00002e57  EUSCIA0_IRQHandler                    
00002e57  EUSCIA1_IRQHandler                    
00002e57  EUSCIA2_IRQHandler                    
00002e57  EUSCIA3_IRQHandler                    
00002e57  EUSCIB0_IRQHandler                    
00002e57  EUSCIB1_IRQHandler                    
00002e57  EUSCIB2_IRQHandler                    
00002e57  EUSCIB3_IRQHandler                    
00002e57  FLCTL_IRQHandler                      
00002e57  FPU_IRQHandler                        
00002d25  GPIO_setAsOutputPin                   
00002d85  GPIO_setOutputLowOnPin                
00002e57  HardFault_Handler                     
20003994  MIN_DIST                              
00002e57  MemManage_Handler                     
00002e57  NMI_Handler                           
00002e57  PCM_IRQHandler                        
00002e57  PORT1_IRQHandler                      
00002e57  PORT2_IRQHandler                      
00002e57  PORT3_IRQHandler                      
00002e57  PORT4_IRQHandler                      
00002e57  PORT5_IRQHandler                      
00002e57  PORT6_IRQHandler                      
00002e57  PSS_IRQHandler                        
00002e57  PendSV_Handler                        
00002e57  RTC_C_IRQHandler                      
00002e4b  Reset_Handler                         
UNDEFED   SHT$$INIT_ARRAY$$Base                 
UNDEFED   SHT$$INIT_ARRAY$$Limit                
00002e57  SVC_Handler                           
00002e1d  SysCtl_disableNMISource               
00002e2d  SysCtl_enableNMISource                
00002e59  SysCtl_getNMISourceStatus             
00001c4b  SysTick_Handler                       
00001c4b  SysTick_Handler                       
20003990  SystemCoreClock                       
00001725  SystemCoreClockUpdate                 
00001999  SystemInit                            
00002e57  T32_INT1_IRQHandler                   
00002e57  T32_INT2_IRQHandler                   
00002e57  T32_INTC_IRQHandler                   
00002e57  TA0_0_IRQHandler                      
00002e57  TA0_N_IRQHandler                      
00002e57  TA1_0_IRQHandler                      
00002e57  TA1_N_IRQHandler                      
00002e57  TA2_0_IRQHandler                      
00002e57  TA2_N_IRQHandler                      
00002e57  TA3_0_IRQHandler                      
00002e57  TA3_N_IRQHandler                      
00002e57  UsageFault_Handler                    
4000480c  WDTCTL_SYM                            
00002e57  WDT_A_IRQHandler                      
20010000  __STACK_END                           
00000200  __STACK_SIZE                          
00003098  __TI_CINIT_Base                       
000030a8  __TI_CINIT_Limit                      
00003080  __TI_Handler_Table_Base               
0000308c  __TI_Handler_Table_Limit              
00002879  __TI_auto_init                        
20003974  __TI_cleanup_ptr                      
00002959  __TI_decompress_lzss                  
00002e3d  __TI_decompress_none                  
20003978  __TI_dtors_ptr                        
2000397c  __TI_enable_exit_profile_output       
ffffffff  __TI_pprof_out_hndl                   
00000925  __TI_printfi                          
ffffffff  __TI_prof_data_size                   
ffffffff  __TI_prof_data_start                  
00000000  __TI_static_base__                    
00002e65  __TI_zero_init                        
00002681  __aeabi_cdcmpeq                       
00002681  __aeabi_cdcmple                       
00002707  __aeabi_cdrcmple                      
00002c6d  __aeabi_d2iz                          
00001f0f  __aeabi_dadd                          
000020bb  __aeabi_ddiv                          
000021f1  __aeabi_dmul                          
00001f05  __aeabi_dsub                          
00002cf5  __aeabi_i2d                           
0000278d  __aeabi_memclr                        
0000278d  __aeabi_memclr4                       
0000278d  __aeabi_memclr8                       
000025e5  __aeabi_memcpy                        
000025e5  __aeabi_memcpy4                       
000025e5  __aeabi_memcpy8                       
0000278f  __aeabi_memset                        
0000278f  __aeabi_memset4                       
0000278f  __aeabi_memset8                       
00002d49  __aeabi_ui2d                          
00001d11  __aeabi_uldivmod                      
ffffffff  __binit__                             
ffffffff  __c_args__                            
0000121f  __mpu_init                            
2000fe00  __stack                               
00002d9d  _args_main                            
00002ae1  _c_int00                              
00002e80  _ctypes_                              
20003840  _ftable                               
20003980  _lock                                 
00002def  _nop                                  
00002de7  _register_lock                        
00002de1  _register_unlock                      
00002807  _system_post_cinit                    
00002e77  _system_pre_init                      
20003984  _unlock                               
00002b39  abort                                 
000023e9  adc_init                              
00002483  adc_start_sample                      
00002b89  atoi                                  
ffffffff  binit                                 
00001a75  calculate_RR                          
0000250b  clk_init                              
00002bd5  copy_in                               
00002df5  copysign                              
00002df5  copysignl                             
00002cb5  debug_init                            
0000128f  diff_from_mean                        
20003988  errno                                 
00002b41  exit                                  
000012e1  four_pt_MA                            
000029c1  fputc                                 
000029df  fputs                                 
00002a25  frexp                                 
00002a25  frexpl                                
20003964  g_adcSamplingPeriod                   
20003960  g_adc_state                           
20000000  g_rr_buff                             
2000396c  g_rr_cal_signal                       
200012c0  g_rr_filter_values                    
2000396a  g_rr_sample_count                     
20003968  g_rr_state                            
20002580  g_rr_temp_buff                        
00000000  interruptVectors                      
000022ed  ldexp                                 
000022ed  ldexpl                                
00002a89  ltoa                                  
00001b01  main                                  
2000398c  main_func_sp                          
00002d69  memccpy                               
000025e5  memcpy                                
00002795  memset                                
000013e3  myPeakCounter                         
000028f1  printf                                
00001221  rr_find_mean                          
000022ed  scalbn                                
000022ed  scalbnl                               
00002c21  setSystickTimeMs                      
00002db5  strchr                                
00002e09  strlen                                
00002c3d  systick_init                          
0000137f  threshold_calc                        
00002ff8  uartConfig                            


GLOBAL SYMBOLS: SORTED BY Symbol Address 

address   name                                  
-------   ----                                  
00000000  __TI_static_base__                    
00000000  interruptVectors                      
00000200  __STACK_SIZE                          
00000925  __TI_printfi                          
0000121f  __mpu_init                            
00001221  rr_find_mean                          
0000128f  diff_from_mean                        
000012e1  four_pt_MA                            
0000137f  threshold_calc                        
000013e3  myPeakCounter                         
0000149d  ButterworthLowpassFilter0040SixthOrder
00001725  SystemCoreClockUpdate                 
00001999  SystemInit                            
00001a75  calculate_RR                          
00001b01  main                                  
00001ba3  ADC14_IRQHandler                      
00001ba3  ADC14_IRQHandler                      
00001c4b  SysTick_Handler                       
00001c4b  SysTick_Handler                       
00001d11  __aeabi_uldivmod                      
00001f05  __aeabi_dsub                          
00001f0f  __aeabi_dadd                          
000020bb  __aeabi_ddiv                          
000021f1  __aeabi_dmul                          
000022ed  ldexp                                 
000022ed  ldexpl                                
000022ed  scalbn                                
000022ed  scalbnl                               
000023e9  adc_init                              
00002483  adc_start_sample                      
0000250b  clk_init                              
00002549  CS_startHFXTWithTimeout               
000025e5  __aeabi_memcpy                        
000025e5  __aeabi_memcpy4                       
000025e5  __aeabi_memcpy8                       
000025e5  memcpy                                
00002681  __aeabi_cdcmpeq                       
00002681  __aeabi_cdcmple                       
00002707  __aeabi_cdrcmple                      
0000278d  __aeabi_memclr                        
0000278d  __aeabi_memclr4                       
0000278d  __aeabi_memclr8                       
0000278f  __aeabi_memset                        
0000278f  __aeabi_memset4                       
0000278f  __aeabi_memset8                       
00002795  memset                                
00002807  _system_post_cinit                    
00002879  __TI_auto_init                        
000028f1  printf                                
00002959  __TI_decompress_lzss                  
000029c1  fputc                                 
000029df  fputs                                 
00002a25  frexp                                 
00002a25  frexpl                                
00002a89  ltoa                                  
00002ae1  _c_int00                              
00002b35  C$$EXIT                               
00002b39  abort                                 
00002b41  exit                                  
00002b89  atoi                                  
00002bd5  copy_in                               
00002c21  setSystickTimeMs                      
00002c3d  systick_init                          
00002c6d  __aeabi_d2iz                          
00002cb5  debug_init                            
00002cf5  __aeabi_i2d                           
00002d25  GPIO_setAsOutputPin                   
00002d49  __aeabi_ui2d                          
00002d69  memccpy                               
00002d85  GPIO_setOutputLowOnPin                
00002d9d  _args_main                            
00002db5  strchr                                
00002dcd  CS_setExternalClockSourceFrequency    
00002de1  _register_unlock                      
00002de7  _register_lock                        
00002def  _nop                                  
00002df5  copysign                              
00002df5  copysignl                             
00002e09  strlen                                
00002e1d  SysCtl_disableNMISource               
00002e2d  SysCtl_enableNMISource                
00002e3d  __TI_decompress_none                  
00002e4b  Reset_Handler                         
00002e57  AES256_IRQHandler                     
00002e57  BusFault_Handler                      
00002e57  COMP_E0_IRQHandler                    
00002e57  COMP_E1_IRQHandler                    
00002e57  CS_IRQHandler                         
00002e57  DMA_ERR_IRQHandler                    
00002e57  DMA_INT0_IRQHandler                   
00002e57  DMA_INT1_IRQHandler                   
00002e57  DMA_INT2_IRQHandler                   
00002e57  DMA_INT3_IRQHandler                   
00002e57  DebugMon_Handler                      
00002e57  Default_Handler                       
00002e57  EUSCIA0_IRQHandler                    
00002e57  EUSCIA1_IRQHandler                    
00002e57  EUSCIA2_IRQHandler                    
00002e57  EUSCIA3_IRQHandler                    
00002e57  EUSCIB0_IRQHandler                    
00002e57  EUSCIB1_IRQHandler                    
00002e57  EUSCIB2_IRQHandler                    
00002e57  EUSCIB3_IRQHandler                    
00002e57  FLCTL_IRQHandler                      
00002e57  FPU_IRQHandler                        
00002e57  HardFault_Handler                     
00002e57  MemManage_Handler                     
00002e57  NMI_Handler                           
00002e57  PCM_IRQHandler                        
00002e57  PORT1_IRQHandler                      
00002e57  PORT2_IRQHandler                      
00002e57  PORT3_IRQHandler                      
00002e57  PORT4_IRQHandler                      
00002e57  PORT5_IRQHandler                      
00002e57  PORT6_IRQHandler                      
00002e57  PSS_IRQHandler                        
00002e57  PendSV_Handler                        
00002e57  RTC_C_IRQHandler                      
00002e57  SVC_Handler                           
00002e57  T32_INT1_IRQHandler                   
00002e57  T32_INT2_IRQHandler                   
00002e57  T32_INTC_IRQHandler                   
00002e57  TA0_0_IRQHandler                      
00002e57  TA0_N_IRQHandler                      
00002e57  TA1_0_IRQHandler                      
00002e57  TA1_N_IRQHandler                      
00002e57  TA2_0_IRQHandler                      
00002e57  TA2_N_IRQHandler                      
00002e57  TA3_0_IRQHandler                      
00002e57  TA3_N_IRQHandler                      
00002e57  UsageFault_Handler                    
00002e57  WDT_A_IRQHandler                      
00002e59  SysCtl_getNMISourceStatus             
00002e65  __TI_zero_init                        
00002e71  CS_startHFXT                          
00002e77  _system_pre_init                      
00002e80  _ctypes_                              
00002ff8  uartConfig                            
00003080  __TI_Handler_Table_Base               
0000308c  __TI_Handler_Table_Limit              
00003098  __TI_CINIT_Base                       
000030a8  __TI_CINIT_Limit                      
20000000  g_rr_buff                             
200012c0  g_rr_filter_values                    
20002580  g_rr_temp_buff                        
20003840  _ftable                               
20003960  g_adc_state                           
20003964  g_adcSamplingPeriod                   
20003968  g_rr_state                            
2000396a  g_rr_sample_count                     
2000396c  g_rr_cal_signal                       
20003974  __TI_cleanup_ptr                      
20003978  __TI_dtors_ptr                        
2000397c  __TI_enable_exit_profile_output       
20003980  _lock                                 
20003984  _unlock                               
20003988  errno                                 
2000398c  main_func_sp                          
20003990  SystemCoreClock                       
20003994  MIN_DIST                              
2000fe00  __stack                               
20010000  __STACK_END                           
4000480c  WDTCTL_SYM                            
ffffffff  __TI_pprof_out_hndl                   
ffffffff  __TI_prof_data_size                   
ffffffff  __TI_prof_data_start                  
ffffffff  __binit__                             
ffffffff  __c_args__                            
ffffffff  binit                                 
UNDEFED   SHT$$INIT_ARRAY$$Base                 
UNDEFED   SHT$$INIT_ARRAY$$Limit                

[171 symbols]
