******************************************************************************
                  TI ARM Linker PC v16.9.0                     
******************************************************************************
>> Linked Sun Oct 15 12:10:19 2017

OUTPUT FILE NAME:   <RespiratorySensorTest.out>
ENTRY POINT SYMBOL: "_c_int00"  address: 00002489


MEMORY CONFIGURATION

         name            origin    length      used     unused   attr    fill
----------------------  --------  ---------  --------  --------  ----  --------
  MAIN                  00000000   00040000  0000296a  0003d696  R  X
  INFO                  00200000   00004000  00000000  00004000  R  X
  SRAM_CODE             01000000   00010000  0000035c  0000fca4  RW X
  SRAM_DATA             20000000   00010000  0000035c  0000fca4  RW  


SEGMENT ALLOCATION MAP

run origin  load origin   length   init length attrs members
----------  ----------- ---------- ----------- ----- -------
00000000    00000000    00002970   00002970    r-x
  00000000    00000000    000000e4   000000e4    r-- .intvecs
  000000e4    000000e4    000026de   000026de    r-x .text
  000027c4    000027c4    00000128   00000128    r-- .const
  000028f0    000028f0    00000080   00000080    r-- .cinit
20000000    20000000    0000015c   00000000    rw-
  20000000    20000000    00000154   00000000    rw- .data
  20000154    20000154    00000008   00000000    rw- .bss
2000fe00    2000fe00    00000200   00000000    rw-
  2000fe00    2000fe00    00000200   00000000    rw- .stack


SECTION ALLOCATION MAP

 output                                  attributes/
section   page    origin      length       input sections
--------  ----  ----------  ----------   ----------------
.intvecs   0    00000000    000000e4     
                  00000000    000000e4     startup_msp432p401r_ccs.obj (.intvecs:retain)

.binit     0    00000000    00000000     

.text      0    000000e4    000026de     
                  000000e4    0000113a     rtsv7M4_T_le_v4SPD16_eabi.lib : _printfi.obj (.text)
                  0000121e    00000002                                   : mpu_init.obj (.text)
                  00001220    0000032c     system_msp432p401r.obj (.text)
                  0000154c    000001f4     rtsv7M4_T_le_v4SPD16_eabi.lib : ull_div_t2.obj (.text)
                  00001740    000001b6                                   : fd_add_t2.obj (.text)
                  000018f6    00000136                                   : fd_div_t2.obj (.text)
                  00001a2c    00000114     main.obj (.text)
                  00001b40    000000fc     rtsv7M4_T_le_v4SPD16_eabi.lib : fd_mul_t2.obj (.text)
                  00001c3c    000000fc                                   : s_scalbn.obj (.text)
                  00001d38    000000b8     adc.obj (.text)
                  00001df0    000000a8     clk.obj (.text)
                  00001e98    0000009c     msp432p4xx_driverlib.lib : cs.o (.text:CS_startHFXTWithTimeout)
                  00001f34    0000009c     rtsv7M4_T_le_v4SPD16_eabi.lib : memcpy_t2.obj (.text)
                  00001fd0    00000086                                   : fd_cmp_t2.obj (.text:__aeabi_cdcmple)
                  00002056    00000086                                   : fd_cmp_t2.obj (.text:__aeabi_cdrcmple)
                  000020dc    0000007a                                   : memset_t2.obj (.text)
                  00002156    00000002                                   : startup.obj (.text)
                  00002158    00000070     msp432p4xx_driverlib.lib : cs.o (.text:_CSGetHFXTFrequency)
                  000021c8    00000070     rtsv7M4_T_le_v4SPD16_eabi.lib : autoinit.obj (.text)
                  00002238    00000070                                   : printf.obj (.text)
                  000022a8    00000068                                   : copy_decompress_lzss.obj (.text:decompress:lzss)
                  00002310    00000064     printfOverride.obj (.text)
                  00002374    00000064     rtsv7M4_T_le_v4SPD16_eabi.lib : s_frexp.obj (.text)
                  000023d8    00000058     debug.obj (.text)
                  00002430    00000056     rtsv7M4_T_le_v4SPD16_eabi.lib : ltoa.obj (.text)
                  00002486    00000002     --HOLE-- [fill = 0]
                  00002488    00000054                                   : boot.obj (.text)
                  000024dc    00000054                                   : exit.obj (.text)
                  00002530    0000004c                                   : atoi.obj (.text)
                  0000257c    0000004c                                   : cpy_tbl.obj (.text)
                  000025c8    0000004c     systick.obj (.text)
                  00002614    00000048     rtsv7M4_T_le_v4SPD16_eabi.lib : fd_toi_t2.obj (.text)
                  0000265c    0000002e                                   : i_tofd_t2.obj (.text)
                  0000268a    00000002     --HOLE-- [fill = 0]
                  0000268c    00000024     msp432p4xx_driverlib.lib : gpio.o (.text:GPIO_setAsOutputPin)
                  000026b0    0000001c     rtsv7M4_T_le_v4SPD16_eabi.lib : memccpy.obj (.text)
                  000026cc    00000018     msp432p4xx_driverlib.lib : gpio.o (.text:GPIO_setOutputLowOnPin)
                  000026e4    00000018     rtsv7M4_T_le_v4SPD16_eabi.lib : args_main.obj (.text)
                  000026fc    00000016                                   : strchr.obj (.text)
                  00002712    00000002     --HOLE-- [fill = 0]
                  00002714    00000014     msp432p4xx_driverlib.lib : cs.o (.text:CS_setExternalClockSourceFrequency)
                  00002728    00000014     rtsv7M4_T_le_v4SPD16_eabi.lib : _lock.obj (.text)
                  0000273c    00000014                                   : s_copysign.obj (.text)
                  00002750    00000014                                   : strlen.obj (.text)
                  00002764    00000010     msp432p4xx_driverlib.lib : sysctl.o (.text:SysCtl_disableNMISource)
                  00002774    00000010                              : sysctl.o (.text:SysCtl_enableNMISource)
                  00002784    0000000e     rtsv7M4_T_le_v4SPD16_eabi.lib : copy_decompress_none.obj (.text:decompress:none)
                  00002792    0000000e     startup_msp432p401r_ccs.obj (.text)
                  000027a0    0000000c     msp432p4xx_driverlib.lib : sysctl.o (.text:SysCtl_getNMISourceStatus)
                  000027ac    0000000c     rtsv7M4_T_le_v4SPD16_eabi.lib : copy_zero_init.obj (.text:decompress:ZI)
                  000027b8    00000006     msp432p4xx_driverlib.lib : cs.o (.text:CS_startHFXT)
                  000027be    00000004     rtsv7M4_T_le_v4SPD16_eabi.lib : pre_init.obj (.text)

.const     0    000027c4    00000128     
                  000027c4    00000101     rtsv7M4_T_le_v4SPD16_eabi.lib : ctype.obj (.const:.string:_ctypes_)
                  000028c5    00000003     --HOLE-- [fill = 0]
                  000028c8    00000024     debug.obj (.const:uartConfig)

.cinit     0    000028f0    00000080     
                  000028f0    00000057     (.cinit..data.load) [load image, compression = lzss]
                  00002947    00000001     --HOLE-- [fill = 0]
                  00002948    0000000c     (__TI_handler_table)
                  00002954    00000004     --HOLE-- [fill = 0]
                  00002958    00000008     (.cinit..bss.load) [load image, compression = zero_init]
                  00002960    00000010     (__TI_cinit_table)

.init_array 
*          0    00000000    00000000     UNINITIALIZED

.data      0    20000000    00000154     UNINITIALIZED
                  20000000    000000f0     rtsv7M4_T_le_v4SPD16_eabi.lib : defs.obj (.data:_ftable)
                  200000f0    00000030     msp432p4xx_driverlib.lib : gpio.o (.data:GPIO_PORT_TO_BASE)
                  20000120    00000014     main.obj (.data)
                  20000134    0000000c     rtsv7M4_T_le_v4SPD16_eabi.lib : exit.obj (.data:$O1$$)
                  20000140    00000008                                   : _lock.obj (.data:$O1$$)
                  20000148    00000004                                   : errno.obj (.data)
                  2000014c    00000004                                   : stkdepth_vars.obj (.data)
                  20000150    00000004     system_msp432p401r.obj (.data)

.bss       0    20000154    00000008     UNINITIALIZED
                  20000154    00000004     (.common:hfxtFreq)
                  20000158    00000004     (.common:lfxtFreq)

.stack     0    2000fe00    00000200     UNINITIALIZED
                  2000fe00    00000200     --HOLE--

MODULE SUMMARY

       Module                        code   ro data   rw data
       ------                        ----   -------   -------
    .\
       system_msp432p401r.obj        812    0         8      
       main.obj                      276    0         40     
       startup_msp432p401r_ccs.obj   14     228       0      
       adc.obj                       184    0         0      
       clk.obj                       168    0         0      
       debug.obj                     88     36        0      
       printfOverride.obj            100    0         0      
       systick.obj                   76     0         0      
    +--+-----------------------------+------+---------+---------+
       Total:                        1718   264       48     
                                                             
    C:/ti/msp/MSP432Ware_3_50_00_02/driverlib/driverlib/MSP432P4xx/ccs/msp432p4xx_driverlib.lib
       cs.o                          294    0         16     
       gpio.o                        60     0         96     
       sysctl.o                      44     0         0      
    +--+-----------------------------+------+---------+---------+
       Total:                        398    0         112    
                                                             
    C:\ti\ccsv7\tools\compiler\ti-cgt-arm_16.9.0.LTS\lib\rtsv7M4_T_le_v4SPD16_eabi.lib
       _printfi.obj                  4410   0         0      
       ull_div_t2.obj                500    0         0      
       defs.obj                      0      0         480    
       fd_add_t2.obj                 438    0         0      
       fd_div_t2.obj                 310    0         0      
       fd_cmp_t2.obj                 268    0         0      
       ctype.obj                     0      257       0      
       fd_mul_t2.obj                 252    0         0      
       s_scalbn.obj                  252    0         0      
       memcpy_t2.obj                 156    0         0      
       memset_t2.obj                 122    0         0      
       autoinit.obj                  112    0         0      
       printf.obj                    112    0         0      
       exit.obj                      84     0         24     
       copy_decompress_lzss.obj      104    0         0      
       s_frexp.obj                   100    0         0      
       ltoa.obj                      86     0         0      
       boot.obj                      84     0         0      
       atoi.obj                      76     0         0      
       cpy_tbl.obj                   76     0         0      
       fd_toi_t2.obj                 72     0         0      
       i_tofd_t2.obj                 46     0         0      
       _lock.obj                     20     0         16     
       memccpy.obj                   28     0         0      
       args_main.obj                 24     0         0      
       strchr.obj                    22     0         0      
       s_copysign.obj                20     0         0      
       strlen.obj                    20     0         0      
       copy_decompress_none.obj      14     0         0      
       copy_zero_init.obj            12     0         0      
       errno.obj                     0      0         8      
       stkdepth_vars.obj             0      0         8      
       pre_init.obj                  4      0         0      
       mpu_init.obj                  2      0         0      
       startup.obj                   2      0         0      
    +--+-----------------------------+------+---------+---------+
       Total:                        7828   257       536    
                                                             
       Stack:                        0      0         1024   
       Linker Generated:             0      123       0      
    +--+-----------------------------+------+---------+---------+
       Grand Total:                  9944   644       1720   


LINKER GENERATED COPY TABLES

__TI_cinit_table @ 00002960 records: 2, size/record: 8, table size: 16
	.data: load addr=000028f0, load size=00000057 bytes, run addr=20000000, run size=00000154 bytes, compression=lzss
	.bss: load addr=00002958, load size=00000008 bytes, run addr=20000154, run size=00000008 bytes, compression=zero_init


LINKER GENERATED HANDLER TABLE

__TI_handler_table @ 00002948 records: 3, size/record: 4, table size: 12
	index: 0, handler: __TI_decompress_lzss
	index: 1, handler: __TI_decompress_none
	index: 2, handler: __TI_zero_init


GLOBAL SYMBOLS: SORTED ALPHABETICALLY BY Name 

address   name                              
-------   ----                              
00001a95  ADC14_IRQHandler                  
00001a95  ADC14_IRQHandler                  
0000279f  AES256_IRQHandler                 
0000279f  BusFault_Handler                  
000024dd  C$$EXIT                           
0000279f  COMP_E0_IRQHandler                
0000279f  COMP_E1_IRQHandler                
0000279f  CS_IRQHandler                     
00002715  CS_setExternalClockSourceFrequency
000027b9  CS_startHFXT                      
00001e99  CS_startHFXTWithTimeout           
0000279f  DMA_ERR_IRQHandler                
0000279f  DMA_INT0_IRQHandler               
0000279f  DMA_INT1_IRQHandler               
0000279f  DMA_INT2_IRQHandler               
0000279f  DMA_INT3_IRQHandler               
0000279f  DebugMon_Handler                  
0000279f  Default_Handler                   
0000279f  EUSCIA0_IRQHandler                
0000279f  EUSCIA1_IRQHandler                
0000279f  EUSCIA2_IRQHandler                
0000279f  EUSCIA3_IRQHandler                
0000279f  EUSCIB0_IRQHandler                
0000279f  EUSCIB1_IRQHandler                
0000279f  EUSCIB2_IRQHandler                
0000279f  EUSCIB3_IRQHandler                
0000279f  FLCTL_IRQHandler                  
0000279f  FPU_IRQHandler                    
0000268d  GPIO_setAsOutputPin               
000026cd  GPIO_setOutputLowOnPin            
0000279f  HardFault_Handler                 
0000279f  MemManage_Handler                 
0000279f  NMI_Handler                       
0000279f  PCM_IRQHandler                    
0000279f  PORT1_IRQHandler                  
0000279f  PORT2_IRQHandler                  
0000279f  PORT3_IRQHandler                  
0000279f  PORT4_IRQHandler                  
0000279f  PORT5_IRQHandler                  
0000279f  PORT6_IRQHandler                  
0000279f  PSS_IRQHandler                    
0000279f  PendSV_Handler                    
0000279f  RTC_C_IRQHandler                  
00002793  Reset_Handler                     
UNDEFED   SHT$$INIT_ARRAY$$Base             
UNDEFED   SHT$$INIT_ARRAY$$Limit            
0000279f  SVC_Handler                       
00002765  SysCtl_disableNMISource           
00002775  SysCtl_enableNMISource            
000027a1  SysCtl_getNMISourceStatus         
00001adb  SysTick_Handler                   
00001adb  SysTick_Handler                   
20000150  SystemCoreClock                   
00001221  SystemCoreClockUpdate             
00001495  SystemInit                        
0000279f  T32_INT1_IRQHandler               
0000279f  T32_INT2_IRQHandler               
0000279f  T32_INTC_IRQHandler               
0000279f  TA0_0_IRQHandler                  
0000279f  TA0_N_IRQHandler                  
0000279f  TA1_0_IRQHandler                  
0000279f  TA1_N_IRQHandler                  
0000279f  TA2_0_IRQHandler                  
0000279f  TA2_N_IRQHandler                  
0000279f  TA3_0_IRQHandler                  
0000279f  TA3_N_IRQHandler                  
0000279f  UsageFault_Handler                
4000480c  WDTCTL_SYM                        
0000279f  WDT_A_IRQHandler                  
20010000  __STACK_END                       
00000200  __STACK_SIZE                      
00002960  __TI_CINIT_Base                   
00002970  __TI_CINIT_Limit                  
00002948  __TI_Handler_Table_Base           
00002954  __TI_Handler_Table_Limit          
000021c9  __TI_auto_init                    
20000134  __TI_cleanup_ptr                  
000022a9  __TI_decompress_lzss              
00002785  __TI_decompress_none              
20000138  __TI_dtors_ptr                    
2000013c  __TI_enable_exit_profile_output   
ffffffff  __TI_pprof_out_hndl               
00000925  __TI_printfi                      
ffffffff  __TI_prof_data_size               
ffffffff  __TI_prof_data_start              
00000000  __TI_static_base__                
000027ad  __TI_zero_init                    
00001fd1  __aeabi_cdcmpeq                   
00001fd1  __aeabi_cdcmple                   
00002057  __aeabi_cdrcmple                  
00002615  __aeabi_d2iz                      
0000174b  __aeabi_dadd                      
000018f7  __aeabi_ddiv                      
00001b41  __aeabi_dmul                      
00001741  __aeabi_dsub                      
0000265d  __aeabi_i2d                       
000020dd  __aeabi_memclr                    
000020dd  __aeabi_memclr4                   
000020dd  __aeabi_memclr8                   
00001f35  __aeabi_memcpy                    
00001f35  __aeabi_memcpy4                   
00001f35  __aeabi_memcpy8                   
000020df  __aeabi_memset                    
000020df  __aeabi_memset4                   
000020df  __aeabi_memset8                   
0000154d  __aeabi_uldivmod                  
ffffffff  __binit__                         
ffffffff  __c_args__                        
0000121f  __mpu_init                        
2000fe00  __stack                           
000026e5  _args_main                        
00002489  _c_int00                          
000027c4  _ctypes_                          
20000000  _ftable                           
20000140  _lock                             
00002737  _nop                              
0000272f  _register_lock                    
00002729  _register_unlock                  
00002157  _system_post_cinit                
000027bf  _system_pre_init                  
20000144  _unlock                           
000024e1  abort                             
20000124  adcSamplingPeriod                 
00001d39  adc_init                          
00001dd3  adc_start_sample                  
20000120  adc_state                         
00002531  atoi                              
ffffffff  binit                             
00001e5b  clk_init                          
0000257d  copy_in                           
0000273d  copysign                          
0000273d  copysignl                         
2000012c  curADCResult                      
000023d9  debug_init                        
20000148  errno                             
000024e9  exit                              
00002311  fputc                             
0000232f  fputs                             
00002375  frexp                             
00002375  frexpl                            
00000000  interruptVectors                  
00001c3d  ldexp                             
00001c3d  ldexpl                            
00002431  ltoa                              
00001a51  main                              
2000014c  main_func_sp                      
000026b1  memccpy                           
00001f35  memcpy                            
000020e5  memset                            
20000128  normalizedADCRes                  
00002241  printf                            
00001c3d  scalbn                            
00001c3d  scalbnl                           
000025c9  setSystickTimeMs                  
000026fd  strchr                            
00002751  strlen                            
000025e5  systick_init                      
000028c8  uartConfig                        


GLOBAL SYMBOLS: SORTED BY Symbol Address 

address   name                              
-------   ----                              
00000000  __TI_static_base__                
00000000  interruptVectors                  
00000200  __STACK_SIZE                      
00000925  __TI_printfi                      
0000121f  __mpu_init                        
00001221  SystemCoreClockUpdate             
00001495  SystemInit                        
0000154d  __aeabi_uldivmod                  
00001741  __aeabi_dsub                      
0000174b  __aeabi_dadd                      
000018f7  __aeabi_ddiv                      
00001a51  main                              
00001a95  ADC14_IRQHandler                  
00001a95  ADC14_IRQHandler                  
00001adb  SysTick_Handler                   
00001adb  SysTick_Handler                   
00001b41  __aeabi_dmul                      
00001c3d  ldexp                             
00001c3d  ldexpl                            
00001c3d  scalbn                            
00001c3d  scalbnl                           
00001d39  adc_init                          
00001dd3  adc_start_sample                  
00001e5b  clk_init                          
00001e99  CS_startHFXTWithTimeout           
00001f35  __aeabi_memcpy                    
00001f35  __aeabi_memcpy4                   
00001f35  __aeabi_memcpy8                   
00001f35  memcpy                            
00001fd1  __aeabi_cdcmpeq                   
00001fd1  __aeabi_cdcmple                   
00002057  __aeabi_cdrcmple                  
000020dd  __aeabi_memclr                    
000020dd  __aeabi_memclr4                   
000020dd  __aeabi_memclr8                   
000020df  __aeabi_memset                    
000020df  __aeabi_memset4                   
000020df  __aeabi_memset8                   
000020e5  memset                            
00002157  _system_post_cinit                
000021c9  __TI_auto_init                    
00002241  printf                            
000022a9  __TI_decompress_lzss              
00002311  fputc                             
0000232f  fputs                             
00002375  frexp                             
00002375  frexpl                            
000023d9  debug_init                        
00002431  ltoa                              
00002489  _c_int00                          
000024dd  C$$EXIT                           
000024e1  abort                             
000024e9  exit                              
00002531  atoi                              
0000257d  copy_in                           
000025c9  setSystickTimeMs                  
000025e5  systick_init                      
00002615  __aeabi_d2iz                      
0000265d  __aeabi_i2d                       
0000268d  GPIO_setAsOutputPin               
000026b1  memccpy                           
000026cd  GPIO_setOutputLowOnPin            
000026e5  _args_main                        
000026fd  strchr                            
00002715  CS_setExternalClockSourceFrequency
00002729  _register_unlock                  
0000272f  _register_lock                    
00002737  _nop                              
0000273d  copysign                          
0000273d  copysignl                         
00002751  strlen                            
00002765  SysCtl_disableNMISource           
00002775  SysCtl_enableNMISource            
00002785  __TI_decompress_none              
00002793  Reset_Handler                     
0000279f  AES256_IRQHandler                 
0000279f  BusFault_Handler                  
0000279f  COMP_E0_IRQHandler                
0000279f  COMP_E1_IRQHandler                
0000279f  CS_IRQHandler                     
0000279f  DMA_ERR_IRQHandler                
0000279f  DMA_INT0_IRQHandler               
0000279f  DMA_INT1_IRQHandler               
0000279f  DMA_INT2_IRQHandler               
0000279f  DMA_INT3_IRQHandler               
0000279f  DebugMon_Handler                  
0000279f  Default_Handler                   
0000279f  EUSCIA0_IRQHandler                
0000279f  EUSCIA1_IRQHandler                
0000279f  EUSCIA2_IRQHandler                
0000279f  EUSCIA3_IRQHandler                
0000279f  EUSCIB0_IRQHandler                
0000279f  EUSCIB1_IRQHandler                
0000279f  EUSCIB2_IRQHandler                
0000279f  EUSCIB3_IRQHandler                
0000279f  FLCTL_IRQHandler                  
0000279f  FPU_IRQHandler                    
0000279f  HardFault_Handler                 
0000279f  MemManage_Handler                 
0000279f  NMI_Handler                       
0000279f  PCM_IRQHandler                    
0000279f  PORT1_IRQHandler                  
0000279f  PORT2_IRQHandler                  
0000279f  PORT3_IRQHandler                  
0000279f  PORT4_IRQHandler                  
0000279f  PORT5_IRQHandler                  
0000279f  PORT6_IRQHandler                  
0000279f  PSS_IRQHandler                    
0000279f  PendSV_Handler                    
0000279f  RTC_C_IRQHandler                  
0000279f  SVC_Handler                       
0000279f  T32_INT1_IRQHandler               
0000279f  T32_INT2_IRQHandler               
0000279f  T32_INTC_IRQHandler               
0000279f  TA0_0_IRQHandler                  
0000279f  TA0_N_IRQHandler                  
0000279f  TA1_0_IRQHandler                  
0000279f  TA1_N_IRQHandler                  
0000279f  TA2_0_IRQHandler                  
0000279f  TA2_N_IRQHandler                  
0000279f  TA3_0_IRQHandler                  
0000279f  TA3_N_IRQHandler                  
0000279f  UsageFault_Handler                
0000279f  WDT_A_IRQHandler                  
000027a1  SysCtl_getNMISourceStatus         
000027ad  __TI_zero_init                    
000027b9  CS_startHFXT                      
000027bf  _system_pre_init                  
000027c4  _ctypes_                          
000028c8  uartConfig                        
00002948  __TI_Handler_Table_Base           
00002954  __TI_Handler_Table_Limit          
00002960  __TI_CINIT_Base                   
00002970  __TI_CINIT_Limit                  
20000000  _ftable                           
20000120  adc_state                         
20000124  adcSamplingPeriod                 
20000128  normalizedADCRes                  
2000012c  curADCResult                      
20000134  __TI_cleanup_ptr                  
20000138  __TI_dtors_ptr                    
2000013c  __TI_enable_exit_profile_output   
20000140  _lock                             
20000144  _unlock                           
20000148  errno                             
2000014c  main_func_sp                      
20000150  SystemCoreClock                   
2000fe00  __stack                           
20010000  __STACK_END                       
4000480c  WDTCTL_SYM                        
ffffffff  __TI_pprof_out_hndl               
ffffffff  __TI_prof_data_size               
ffffffff  __TI_prof_data_start              
ffffffff  __binit__                         
ffffffff  __c_args__                        
ffffffff  binit                             
UNDEFED   SHT$$INIT_ARRAY$$Base             
UNDEFED   SHT$$INIT_ARRAY$$Limit            

[158 symbols]
